Archive member included because of file (symbol)

F:\HarvesteR\Arduino\packages\arduino\hardware\sam\1.6.12\variants\arduino_due_x/libsam_sam3x8e_gcc_rel.a(pio.o)
                              C:\Users\ffala\AppData\Local\Temp\VMBCore\arduino16x\7a4909f3a6a1f5fe91c5c91f732cc135\variant\variant.cpp.o (PIO_Configure)
F:\HarvesteR\Arduino\packages\arduino\hardware\sam\1.6.12\variants\arduino_due_x/libsam_sam3x8e_gcc_rel.a(pmc.o)
                              C:\Users\ffala\AppData\Local\Temp\VMBCore\arduino16x\7a4909f3a6a1f5fe91c5c91f732cc135\variant\variant.cpp.o (pmc_enable_periph_clk)
F:\HarvesteR\Arduino\packages\arduino\hardware\sam\1.6.12\variants\arduino_due_x/libsam_sam3x8e_gcc_rel.a(system_sam3xa.o)
                              C:\Users\ffala\AppData\Local\Temp\VMBCore\arduino16x\7a4909f3a6a1f5fe91c5c91f732cc135\variant\variant.cpp.o (SystemInit)
F:\HarvesteR\Arduino\packages\arduino\hardware\sam\1.6.12\variants\arduino_due_x/libsam_sam3x8e_gcc_rel.a(startup_sam3xa.o)
                              (Reset_Handler)
F:\HarvesteR\Arduino\packages\arduino\hardware\sam\1.6.12\variants\arduino_due_x/libsam_sam3x8e_gcc_rel.a(adc.o)
                              C:\Users\ffala\AppData\Local\Temp\VMBCore\arduino16x\7a4909f3a6a1f5fe91c5c91f732cc135\variant\variant.cpp.o (adc_init)
F:\HarvesteR\Arduino\packages\arduino\hardware\sam\1.6.12\variants\arduino_due_x/libsam_sam3x8e_gcc_rel.a(uotghs.o)
                              F:\HarvesteR\Arduino\packages\arduino\hardware\sam\1.6.12\variants\arduino_due_x/libsam_sam3x8e_gcc_rel.a(startup_sam3xa.o) (UOTGHS_Handler)
C:\Users\ffala\AppData\Local\Temp\VMBuilds\Collective\arduino_due_x\Debug/core.a(cortex_handlers.c.o)
                              F:\HarvesteR\Arduino\packages\arduino\hardware\sam\1.6.12\variants\arduino_due_x/libsam_sam3x8e_gcc_rel.a(startup_sam3xa.o) (NMI_Handler)
C:\Users\ffala\AppData\Local\Temp\VMBuilds\Collective\arduino_due_x\Debug/core.a(hooks.c.o)
                              C:\Users\ffala\AppData\Local\Temp\VMBuilds\Collective\arduino_due_x\Debug/core.a(cortex_handlers.c.o) (sysTickHook)
C:\Users\ffala\AppData\Local\Temp\VMBuilds\Collective\arduino_due_x\Debug/core.a(syscalls_sam3.c.o)
                              (_sbrk)
C:\Users\ffala\AppData\Local\Temp\VMBuilds\Collective\arduino_due_x\Debug/core.a(WInterrupts.c.o)
                              Collective.cpp.o (attachInterrupt)
C:\Users\ffala\AppData\Local\Temp\VMBuilds\Collective\arduino_due_x\Debug/core.a(wiring.c.o)
                              Collective.cpp.o (millis)
C:\Users\ffala\AppData\Local\Temp\VMBuilds\Collective\arduino_due_x\Debug/core.a(wiring_analog.c.o)
                              Collective.cpp.o (analogReadResolution)
C:\Users\ffala\AppData\Local\Temp\VMBuilds\Collective\arduino_due_x\Debug/core.a(wiring_digital.c.o)
                              Collective.cpp.o (pinMode)
C:\Users\ffala\AppData\Local\Temp\VMBuilds\Collective\arduino_due_x\Debug/core.a(abi.cpp.o)
                              HID\HID.cpp.o (__cxa_pure_virtual)
C:\Users\ffala\AppData\Local\Temp\VMBuilds\Collective\arduino_due_x\Debug/core.a(main.cpp.o)
                              f:/harvester/arduino/packages/arduino/tools/arm-none-eabi-gcc/4.8.3-2014q1/bin/../lib/gcc/arm-none-eabi/4.8.3/../../../../arm-none-eabi/lib/armv7-m/crt0.o (main)
C:\Users\ffala\AppData\Local\Temp\VMBuilds\Collective\arduino_due_x\Debug/core.a(new.cpp.o)
                              Joystick\Joystick.cpp.o (operator new(unsigned int))
C:\Users\ffala\AppData\Local\Temp\VMBuilds\Collective\arduino_due_x\Debug/core.a(Print.cpp.o)
                              Collective.cpp.o (Print::print(char const*))
C:\Users\ffala\AppData\Local\Temp\VMBuilds\Collective\arduino_due_x\Debug/core.a(Reset.cpp.o)
                              C:\Users\ffala\AppData\Local\Temp\VMBuilds\Collective\arduino_due_x\Debug/core.a(cortex_handlers.c.o) (tickReset)
C:\Users\ffala\AppData\Local\Temp\VMBuilds\Collective\arduino_due_x\Debug/core.a(RingBuffer.cpp.o)
                              C:\Users\ffala\AppData\Local\Temp\VMBCore\arduino16x\7a4909f3a6a1f5fe91c5c91f732cc135\variant\variant.cpp.o (RingBuffer::RingBuffer())
C:\Users\ffala\AppData\Local\Temp\VMBuilds\Collective\arduino_due_x\Debug/core.a(UARTClass.cpp.o)
                              C:\Users\ffala\AppData\Local\Temp\VMBCore\arduino16x\7a4909f3a6a1f5fe91c5c91f732cc135\variant\variant.cpp.o (UARTClass::available())
C:\Users\ffala\AppData\Local\Temp\VMBuilds\Collective\arduino_due_x\Debug/core.a(USARTClass.cpp.o)
                              C:\Users\ffala\AppData\Local\Temp\VMBCore\arduino16x\7a4909f3a6a1f5fe91c5c91f732cc135\variant\variant.cpp.o (USARTClass::USARTClass(Usart*, IRQn, unsigned long, RingBuffer*, RingBuffer*))
C:\Users\ffala\AppData\Local\Temp\VMBuilds\Collective\arduino_due_x\Debug/core.a(watchdog.cpp.o)
[...]
Memory Configuration

Name             Origin             Length             Attributes
rom              0x00080000         0x00080000         xr
sram0            0x20000000         0x00010000         xrw
sram1            0x20080000         0x00008000         xrw
ram              0x20070000         0x00018000         xrw
*default*        0x00000000         0xffffffff

Linker script and memory map

LOAD f:/harvester/arduino/packages/arduino/tools/arm-none-eabi-gcc/4.8.3-2014q1/bin/../lib/gcc/arm-none-eabi/4.8.3/armv7-m/crti.o
LOAD f:/harvester/arduino/packages/arduino/tools/arm-none-eabi-gcc/4.8.3-2014q1/bin/../lib/gcc/arm-none-eabi/4.8.3/armv7-m/crtbegin.o
LOAD f:/harvester/arduino/packages/arduino/tools/arm-none-eabi-gcc/4.8.3-2014q1/bin/../lib/gcc/arm-none-eabi/4.8.3/../../../../arm-none-eabi/lib/armv7-m/crt0.o
START GROUP
LOAD Collective.cpp.o
LOAD VM_DBG\VM_DBG.cpp.o
LOAD VM_DBG\VM_mem_check_sam.cpp.o
LOAD HID\HID.cpp.o
LOAD Mouse\Mouse.cpp.o
LOAD Joystick\Joystick.cpp.o
LOAD Joystick\DynamicHID\DynamicHID.cpp.o
LOAD C:\Users\ffala\AppData\Local\Temp\VMBCore\arduino16x\7a4909f3a6a1f5fe91c5c91f732cc135\variant\variant.cpp.o
LOAD F:\HarvesteR\Arduino\packages\arduino\hardware\sam\1.6.12\variants\arduino_due_x/libsam_sam3x8e_gcc_rel.a
LOAD C:\Users\ffala\AppData\Local\Temp\VMBuilds\Collective\arduino_due_x\Debug/core.a
END GROUP
LOAD f:/harvester/arduino/packages/arduino/tools/arm-none-eabi-gcc/4.8.3-2014q1/bin/../lib/gcc/arm-none-eabi/4.8.3/../../../../arm-none-eabi/lib/armv7-m\libm.a
LOAD f:/harvester/arduino/packages/arduino/tools/arm-none-eabi-gcc/4.8.3-2014q1/bin/../lib/gcc/arm-none-eabi/4.8.3/armv7-m\libgcc.a
START GROUP
LOAD f:/harvester/arduino/packages/arduino/tools/arm-none-eabi-gcc/4.8.3-2014q1/bin/../lib/gcc/arm-none-eabi/4.8.3/armv7-m\libgcc.a
LOAD f:/harvester/arduino/packages/arduino/tools/arm-none-eabi-gcc/4.8.3-2014q1/bin/../lib/gcc/arm-none-eabi/4.8.3/../../../../arm-none-eabi/lib/armv7-m\libc.a
END GROUP
LOAD f:/harvester/arduino/packages/arduino/tools/arm-none-eabi-gcc/4.8.3-2014q1/bin/../lib/gcc/arm-none-eabi/4.8.3/armv7-m/crtend.o
LOAD f:/harvester/arduino/packages/arduino/tools/arm-none-eabi-gcc/4.8.3-2014q1/bin/../lib/gcc/arm-none-eabi/4.8.3/armv7-m/crtn.o

.text           0x00080000     0x7b2c
                0x00080000                . = ALIGN (0x4)
                0x00080000                _sfixed = .
 *(.vectors .vectors.*)
 .vectors       0x00080000       0xf4 F:\HarvesteR\Arduino\packages\arduino\hardware\sam\1.6.12\variants\arduino_due_x/libsam_sam3x8e_gcc_rel.a(startup_sam3xa.o)
                0x00080000                exception_table
 *(.text .text.* .gnu.linkonce.t.*)
 .text          0x000800f4       0x54 f:/harvester/arduino/packages/arduino/tools/arm-none-eabi-gcc/4.8.3-2014q1/bin/../lib/gcc/arm-none-eabi/4.8.3/armv7-m/crtbegin.o
 .text.setup    0x00080148      0x2c8 Collective.cpp.o
                0x00080148                setup
 .text._Z19readHeadMatrixGroupiPi
                0x00080410       0xa4 Collective.cpp.o
                0x00080410                readHeadMatrixGroup(int, int*)
 .text._Z14processAxisAdviddddd
                0x000804b4      0x18c Collective.cpp.o
                0x000804b4                processAxisAdv(int, double, double, double, double, double)
 .text._Z6setHatii
                0x00080640       0x9c Collective.cpp.o
                0x00080640                setHat(int, int)
 *fill*         0x000806dc        0x4 
 .text._Z9setNavHatbbbb
                0x000806e0       0xb0 Collective.cpp.o
                0x000806e0                setNavHat(bool, bool, bool, bool)
 .text.loop     0x00080790      0xa08 Collective.cpp.o
                0x00080790                loop
 .text._Z11encoderReadiiPV13RotaryEncoderb
                0x00081198       0x7c Collective.cpp.o
                0x00081198                encoderRead(int, int, RotaryEncoder volatile*, bool)
 .text._Z14interrupt_ROT3v
                0x00081214       0x10 Collective.cpp.o
                0x00081214                interrupt_ROT3()
 .text._Z14interrupt_ROT4v
                0x00081224       0x10 Collective.cpp.o
                0x00081224                interrupt_ROT4()
 .text._Z14interrupt_ROT5v
                0x00081234       0x10 Collective.cpp.o
                0x00081234                interrupt_ROT5()
 .text._Z14interrupt_ROT6v
                0x00081244       0x10 Collective.cpp.o
                0x00081244                interrupt_ROT6()
 .text._Z28encoderStableRead_RisingEdgeiPV6Rotary
                0x00081254       0x2c Collective.cpp.o
                0x00081254                encoderStableRead_RisingEdge(int, Rotary volatile*)
 .text._Z17interrupt_ROT0_rev
                0x00081280        0xc Collective.cpp.o
                0x00081280                interrupt_ROT0_re()
 .text._Z17interrupt_ROT1_rev
                0x0008128c        0xc Collective.cpp.o
                0x0008128c                interrupt_ROT1_re()
 .text._Z17interrupt_ROT2_rev
                0x00081298        0xc Collective.cpp.o
                0x00081298                interrupt_ROT2_re()
 .text._Z29encoderStableRead_FallingEdgeiPV6Rotary
                0x000812a4       0x78 Collective.cpp.o
                0x000812a4                encoderStableRead_FallingEdge(int, Rotary volatile*)
 .text._Z17interrupt_ROT0_fev
                0x0008131c        0xc Collective.cpp.o
                0x0008131c                interrupt_ROT0_fe()
 .text._Z17interrupt_ROT1_fev
                0x00081328        0xc Collective.cpp.o
                0x00081328                interrupt_ROT1_fe()
 .text._Z17interrupt_ROT2_fev
                0x00081334        0xc Collective.cpp.o
                0x00081334                interrupt_ROT2_fe()
 .text.startup._GLOBAL__sub_I__VM_AUTO_REPORT_LAST_MS_
                0x00081340      0x180 Collective.cpp.o
 .text._ZN16VisualMicroDebug16DBG_YieldAndWaitEmb
                0x000814c0       0x1a VM_DBG\VM_DBG.cpp.o
                0x000814c0                VisualMicroDebug::DBG_YieldAndWait(unsigned long, bool)
 .text._ZN16VisualMicroDebug16DBG_YieldAndWaitEm
                0x000814da        0x6 VM_DBG\VM_DBG.cpp.o
                0x000814da                VisualMicroDebug::DBG_YieldAndWait(unsigned long)
 .text._ZN16VisualMicroDebug10DBG_MillisEv
                0x000814e0        0x4 VM_DBG\VM_DBG.cpp.o
                0x000814e0                VisualMicroDebug::DBG_Millis()
 .text._ZN16VisualMicroDebug14outPacketStartEb
                0x000814e4       0x28 VM_DBG\VM_DBG.cpp.o
                0x000814e4                VisualMicroDebug::outPacketStart(bool)
 .text._ZN16VisualMicroDebug12outPacketEndEv
                0x0008150c        0x2 VM_DBG\VM_DBG.cpp.o
                0x0008150c                VisualMicroDebug::outPacketEnd()
 *fill*         0x0008150e        0x2 
 .text._ZN16VisualMicroDebug5beginEm
                0x00081510       0x1c VM_DBG\VM_DBG.cpp.o
                0x00081510                VisualMicroDebug::begin(unsigned long)
 .text._ZN16VisualMicroDebug4initEm
                0x0008152c        0xe VM_DBG\VM_DBG.cpp.o
                0x0008152c                VisualMicroDebug::init(unsigned long)
 *fill*         0x0008153a        0x2 
 .text._ZN16VisualMicroDebug16sendContinuedACKEh
                0x0008153c       0x40 VM_DBG\VM_DBG.cpp.o
                0x0008153c                VisualMicroDebug::sendContinuedACK(unsigned char)
 .text._ZN16VisualMicroDebug17printPortsDigitalEv
                0x0008157c       0x64 VM_DBG\VM_DBG.cpp.o
                0x0008157c                VisualMicroDebug::printPortsDigital()
 .text._ZN16VisualMicroDebug15printPinsAnalogEv
                0x000815e0       0x2c VM_DBG\VM_DBG.cpp.o
                0x000815e0                VisualMicroDebug::printPinsAnalog()
 .text.startup._GLOBAL__sub_I__ZN16VisualMicroDebug16DBG_YieldAndWaitEm
                0x0008160c       0x14 VM_DBG\VM_DBG.cpp.o
 .text._ZN16VisualMicroDebug9breakWaitEh
                0x00081620       0x60 VM_DBG\VM_DBG.cpp.o
                0x00081620                VisualMicroDebug::breakWait(unsigned char)
 .text._ZN16VisualMicroDebug5startEbb
                0x00081680       0x26 VM_DBG\VM_DBG.cpp.o
                0x00081680                VisualMicroDebug::start(bool, bool)
 .text._ZN4HID_12getShortNameEPc
                0x000816a6       0x24 HID\HID.cpp.o
                0x000816a6                HID_::getShortName(char*)
 .text._ZN4HID_12getInterfaceEPh
                0x000816ca       0x90 HID\HID.cpp.o
                0x000816ca                HID_::getInterface(unsigned char*)
 .text._ZN4HID_5setupER8USBSetup
                0x0008175a       0x3e HID\HID.cpp.o
                0x0008175a                HID_::setup(USBSetup&)
 .text._ZN4HID_13getDescriptorER8USBSetup
                0x00081798       0x38 HID\HID.cpp.o
                0x00081798                HID_::getDescriptor(USBSetup&)
 .text._ZN4HID_16AppendDescriptorEP16HIDSubDescriptor
                0x000817d0       0x1c HID\HID.cpp.o
                0x000817d0                HID_::AppendDescriptor(HIDSubDescriptor*)
 .text._ZN4HID_10SendReportEhPKvi
                0x000817ec       0x28 HID\HID.cpp.o
                0x000817ec                HID_::SendReport(unsigned char, void const*, int)
 .text._ZN4HID_C2Ev
                0x00081814       0x38 HID\HID.cpp.o
                0x00081814                HID_::HID_()
                0x00081814                HID_::HID_()
 .text._Z3HIDv  0x0008184c       0x20 HID\HID.cpp.o
                0x0008184c                HID()
 .text._ZN6Mouse_C2Ev
                0x0008186c       0x3c Mouse\Mouse.cpp.o
                0x0008186c                Mouse_::Mouse_()
                0x0008186c                Mouse_::Mouse_()
 .text._ZN6Mouse_5beginEv
                0x000818a8        0x2 Mouse\Mouse.cpp.o
                0x000818a8                Mouse_::begin()
 .text._ZN6Mouse_4moveEaaa
                0x000818aa       0x28 Mouse\Mouse.cpp.o
                0x000818aa                Mouse_::move(signed char, signed char, signed char)
 *fill*         0x000818d2        0x2 
 .text.startup._GLOBAL__sub_I__ZN6Mouse_C2Ev
                0x000818d4        0xc Mouse\Mouse.cpp.o
 .text._ZN9Joystick_C2Ehhhhbbbbbbbbbbb
                0x000818e0      0x65e Joystick\Joystick.cpp.o
                0x000818e0                Joystick_::Joystick_(unsigned char, unsigned char, unsigned char, unsigned char, bool, bool, bool, bool, bool, bool, bool, bool, bool, bool, bool)
                0x000818e0                Joystick_::Joystick_(unsigned char, unsigned char, unsigned char, unsigned char, bool, bool, bool, bool, bool, bool, bool, bool, bool, bool, bool)
 .text._ZN9Joystick_21buildAndSet16BitValueEbsssssPh
                0x00081f3e       0x5a Joystick\Joystick.cpp.o
                0x00081f3e                Joystick_::buildAndSet16BitValue(bool, short, short, short, short, short, unsigned char*)
 .text._ZN9Joystick_20buildAndSetAxisValueEbsssPh
                0x00081f98       0x1e Joystick\Joystick.cpp.o
                0x00081f98                Joystick_::buildAndSetAxisValue(bool, short, short, short, unsigned char*)
 .text._ZN9Joystick_26buildAndSetSimulationValueEbsssPh
                0x00081fb6       0x1e Joystick\Joystick.cpp.o
                0x00081fb6                Joystick_::buildAndSetSimulationValue(bool, short, short, short, unsigned char*)
 .text._ZN9Joystick_9sendStateEv
                0x00081fd4      0x210 Joystick\Joystick.cpp.o
                0x00081fd4                Joystick_::sendState()
 .text._ZN9Joystick_5beginEb
                0x000821e4        0x8 Joystick\Joystick.cpp.o
                0x000821e4                Joystick_::begin(bool)
 .text._ZN9Joystick_11pressButtonEh
                0x000821ec       0x2e Joystick\Joystick.cpp.o
                0x000821ec                Joystick_::pressButton(unsigned char)
 .text._ZN9Joystick_13releaseButtonEh
                0x0008221a       0x30 Joystick\Joystick.cpp.o
                0x0008221a                Joystick_::releaseButton(unsigned char)
 .text._ZN9Joystick_9setButtonEhh
                0x0008224a        0xa Joystick\Joystick.cpp.o
                0x0008224a                Joystick_::setButton(unsigned char, unsigned char)
 .text._ZN9Joystick_8setXAxisEs
                0x00082254        0xe Joystick\Joystick.cpp.o
                0x00082254                Joystick_::setXAxis(short)
 .text._ZN9Joystick_8setYAxisEs
                0x00082262        0xe Joystick\Joystick.cpp.o
                0x00082262                Joystick_::setYAxis(short)
 .text._ZN9Joystick_8setZAxisEs
                0x00082270        0xe Joystick\Joystick.cpp.o
                0x00082270                Joystick_::setZAxis(short)
 .text._ZN9Joystick_9setRxAxisEs
                0x0008227e        0xe Joystick\Joystick.cpp.o
                0x0008227e                Joystick_::setRxAxis(short)
 .text._ZN9Joystick_9setRyAxisEs
                0x0008228c        0xe Joystick\Joystick.cpp.o
                0x0008228c                Joystick_::setRyAxis(short)
 .text._ZN9Joystick_11setThrottleEs
                0x0008229a        0xe Joystick\Joystick.cpp.o
                0x0008229a                Joystick_::setThrottle(short)
 .text._ZN9Joystick_12setHatSwitchEas
                0x000822a8       0x20 Joystick\Joystick.cpp.o
                0x000822a8                Joystick_::setHatSwitch(signed char, short)
 .text._ZN11DynamicHID_12getShortNameEPc
                0x000822c8       0x24 Joystick\DynamicHID\DynamicHID.cpp.o
                0x000822c8                DynamicHID_::getShortName(char*)
 .text._ZN11DynamicHID_12getInterfaceEPh
                0x000822ec       0x90 Joystick\DynamicHID\DynamicHID.cpp.o
                0x000822ec                DynamicHID_::getInterface(unsigned char*)
 .text._ZN11DynamicHID_5setupER8USBSetup
                0x0008237c       0x3e Joystick\DynamicHID\DynamicHID.cpp.o
                0x0008237c                DynamicHID_::setup(USBSetup&)
 .text._ZN11DynamicHID_13getDescriptorER8USBSetup
                0x000823ba       0x46 Joystick\DynamicHID\DynamicHID.cpp.o
                0x000823ba                DynamicHID_::getDescriptor(USBSetup&)
 .text._ZN11DynamicHID_16AppendDescriptorEP23DynamicHIDSubDescriptor
                0x00082400       0x1c Joystick\DynamicHID\DynamicHID.cpp.o
                0x00082400                DynamicHID_::AppendDescriptor(DynamicHIDSubDescriptor*)
 .text._ZN11DynamicHID_10SendReportEhPKvi
                0x0008241c       0x34 Joystick\DynamicHID\DynamicHID.cpp.o
                0x0008241c                DynamicHID_::SendReport(unsigned char, void const*, int)
 .text._ZN11DynamicHID_C2Ev
                0x00082450       0x38 Joystick\DynamicHID\DynamicHID.cpp.o
                0x00082450                DynamicHID_::DynamicHID_()
                0x00082450                DynamicHID_::DynamicHID_()
 .text._Z10DynamicHIDv
                0x00082488       0x20 Joystick\DynamicHID\DynamicHID.cpp.o
                0x00082488                DynamicHID()
 .text._Z11serialEventv
                0x000824a8        0x2 C:\Users\ffala\AppData\Local\Temp\VMBCore\arduino16x\7a4909f3a6a1f5fe91c5c91f732cc135\variant\variant.cpp.o
                0x000824a8                serialEvent()
 *fill*         0x000824aa        0x2 
 .text.UART_Handler
                0x000824ac        0xc C:\Users\ffala\AppData\Local\Temp\VMBCore\arduino16x\7a4909f3a6a1f5fe91c5c91f732cc135\variant\variant.cpp.o
                0x000824ac                UART_Handler
 .text._Z12serialEvent1v
                0x000824b8        0x2 C:\Users\ffala\AppData\Local\Temp\VMBCore\arduino16x\7a4909f3a6a1f5fe91c5c91f732cc135\variant\variant.cpp.o
                0x000824b8                serialEvent1()
 .text._Z12serialEvent2v
                0x000824ba        0x2 C:\Users\ffala\AppData\Local\Temp\VMBCore\arduino16x\7a4909f3a6a1f5fe91c5c91f732cc135\variant\variant.cpp.o
                0x000824ba                serialEvent2()
 .text._Z12serialEvent3v
                0x000824bc        0x2 C:\Users\ffala\AppData\Local\Temp\VMBCore\arduino16x\7a4909f3a6a1f5fe91c5c91f732cc135\variant\variant.cpp.o
                0x000824bc                serialEvent3()
 *fill*         0x000824be        0x2 
 .text.USART0_Handler
                0x000824c0        0xc C:\Users\ffala\AppData\Local\Temp\VMBCore\arduino16x\7a4909f3a6a1f5fe91c5c91f732cc135\variant\variant.cpp.o
                0x000824c0                USART0_Handler
 .text.USART1_Handler
                0x000824cc        0xc C:\Users\ffala\AppData\Local\Temp\VMBCore\arduino16x\7a4909f3a6a1f5fe91c5c91f732cc135\variant\variant.cpp.o
                0x000824cc                USART1_Handler
 .text.USART3_Handler
                0x000824d8        0xc C:\Users\ffala\AppData\Local\Temp\VMBCore\arduino16x\7a4909f3a6a1f5fe91c5c91f732cc135\variant\variant.cpp.o
                0x000824d8                USART3_Handler
 .text.init     0x000824e4      0x128 C:\Users\ffala\AppData\Local\Temp\VMBCore\arduino16x\7a4909f3a6a1f5fe91c5c91f732cc135\variant\variant.cpp.o
                0x000824e4                init
 .text.startup._GLOBAL__sub_I_g_APinDescription
                0x0008260c       0xd4 C:\Users\ffala\AppData\Local\Temp\VMBCore\arduino16x\7a4909f3a6a1f5fe91c5c91f732cc135\variant\variant.cpp.o
 .text._Z14serialEventRunv
                0x000826e0       0x44 C:\Users\ffala\AppData\Local\Temp\VMBCore\arduino16x\7a4909f3a6a1f5fe91c5c91f732cc135\variant\variant.cpp.o
                0x000826e0                serialEventRun()
 .text.PIO_PullUp
                0x00082724        0xa F:\HarvesteR\Arduino\packages\arduino\hardware\sam\1.6.12\variants\arduino_due_x/libsam_sam3x8e_gcc_rel.a(pio.o)
                0x00082724                PIO_PullUp
 .text.PIO_Get  0x0008272e       0x14 F:\HarvesteR\Arduino\packages\arduino\hardware\sam\1.6.12\variants\arduino_due_x/libsam_sam3x8e_gcc_rel.a(pio.o)
                0x0008272e                PIO_Get
 .text.PIO_SetPeripheral
                0x00082742       0x26 F:\HarvesteR\Arduino\packages\arduino\hardware\sam\1.6.12\variants\arduino_due_x/libsam_sam3x8e_gcc_rel.a(pio.o)
                0x00082742                PIO_SetPeripheral
 .text.PIO_SetInput
                0x00082768       0x26 F:\HarvesteR\Arduino\packages\arduino\hardware\sam\1.6.12\variants\arduino_due_x/libsam_sam3x8e_gcc_rel.a(pio.o)
                0x00082768                PIO_SetInput
 .text.PIO_SetOutput
                0x0008278e       0x24 F:\HarvesteR\Arduino\packages\arduino\hardware\sam\1.6.12\variants\arduino_due_x/libsam_sam3x8e_gcc_rel.a(pio.o)
                0x0008278e                PIO_SetOutput
 *fill*         0x000827b2        0x2 
 .text.PIO_Configure
                0x000827b4       0x64 F:\HarvesteR\Arduino\packages\arduino\hardware\sam\1.6.12\variants\arduino_due_x/libsam_sam3x8e_gcc_rel.a(pio.o)
                0x000827b4                PIO_Configure
 .text.PIO_GetOutputDataStatus
                0x00082818       0x14 F:\HarvesteR\Arduino\packages\arduino\hardware\sam\1.6.12\variants\arduino_due_x/libsam_sam3x8e_gcc_rel.a(pio.o)
                0x00082818                PIO_GetOutputDataStatus
 .text.pmc_enable_upll_clock
                0x0008282c       0x14 F:\HarvesteR\Arduino\packages\arduino\hardware\sam\1.6.12\variants\arduino_due_x/libsam_sam3x8e_gcc_rel.a(pmc.o)
                0x0008282c                pmc_enable_upll_clock
 .text.pmc_enable_periph_clk
                0x00082840       0x44 F:\HarvesteR\Arduino\packages\arduino\hardware\sam\1.6.12\variants\arduino_due_x/libsam_sam3x8e_gcc_rel.a(pmc.o)
                0x00082840                pmc_enable_periph_clk
 .text.pmc_disable_periph_clk
                0x00082884       0x40 F:\HarvesteR\Arduino\packages\arduino\hardware\sam\1.6.12\variants\arduino_due_x/libsam_sam3x8e_gcc_rel.a(pmc.o)
                0x00082884                pmc_disable_periph_clk
 .text.pmc_switch_udpck_to_upllck
                0x000828c4       0x14 F:\HarvesteR\Arduino\packages\arduino\hardware\sam\1.6.12\variants\arduino_due_x/libsam_sam3x8e_gcc_rel.a(pmc.o)
                0x000828c4                pmc_switch_udpck_to_upllck
 .text.pmc_enable_udpck
                0x000828d8        0xc F:\HarvesteR\Arduino\packages\arduino\hardware\sam\1.6.12\variants\arduino_due_x/libsam_sam3x8e_gcc_rel.a(pmc.o)
                0x000828d8                pmc_enable_udpck
 .text.SystemInit
                0x000828e4       0x88 F:\HarvesteR\Arduino\packages\arduino\hardware\sam\1.6.12\variants\arduino_due_x/libsam_sam3x8e_gcc_rel.a(system_sam3xa.o)
                0x000828e4                SystemInit
 .text.Reset_Handler
                0x0008296c       0x78 F:\HarvesteR\Arduino\packages\arduino\hardware\sam\1.6.12\variants\arduino_due_x/libsam_sam3x8e_gcc_rel.a(startup_sam3xa.o)
                0x0008296c                Reset_Handler
 .text.adc_init
                0x000829e4       0x98 F:\HarvesteR\Arduino\packages\arduino\hardware\sam\1.6.12\variants\arduino_due_x/libsam_sam3x8e_gcc_rel.a(adc.o)
                0x000829e4                adc_init
 .text.adc_configure_trigger
                0x00082a7c        0xe F:\HarvesteR\Arduino\packages\arduino\hardware\sam\1.6.12\variants\arduino_due_x/libsam_sam3x8e_gcc_rel.a(adc.o)
                0x00082a7c                adc_configure_trigger
 .text.adc_configure_timing
                0x00082a8a       0x1a F:\HarvesteR\Arduino\packages\arduino\hardware\sam\1.6.12\variants\arduino_due_x/libsam_sam3x8e_gcc_rel.a(adc.o)
                0x00082a8a                adc_configure_timing
 .text.adc_start
                0x00082aa4        0x6 F:\HarvesteR\Arduino\packages\arduino\hardware\sam\1.6.12\variants\arduino_due_x/libsam_sam3x8e_gcc_rel.a(adc.o)
                0x00082aa4                adc_start
 .text.adc_enable_channel
                0x00082aaa        0xa F:\HarvesteR\Arduino\packages\arduino\hardware\sam\1.6.12\variants\arduino_due_x/libsam_sam3x8e_gcc_rel.a(adc.o)
                0x00082aaa                adc_enable_channel
 .text.adc_disable_channel
                0x00082ab4        0xa F:\HarvesteR\Arduino\packages\arduino\hardware\sam\1.6.12\variants\arduino_due_x/libsam_sam3x8e_gcc_rel.a(adc.o)
                0x00082ab4                adc_disable_channel
 .text.adc_disable_all_channel
                0x00082abe        0x8 F:\HarvesteR\Arduino\packages\arduino\hardware\sam\1.6.12\variants\arduino_due_x/libsam_sam3x8e_gcc_rel.a(adc.o)
                0x00082abe                adc_disable_all_channel
 .text.adc_get_channel_status
                0x00082ac6        0xa F:\HarvesteR\Arduino\packages\arduino\hardware\sam\1.6.12\variants\arduino_due_x/libsam_sam3x8e_gcc_rel.a(adc.o)
                0x00082ac6                adc_get_channel_status
 .text.adc_get_latest_value
                0x00082ad0        0x4 F:\HarvesteR\Arduino\packages\arduino\hardware\sam\1.6.12\variants\arduino_due_x/libsam_sam3x8e_gcc_rel.a(adc.o)
                0x00082ad0                adc_get_latest_value
 .text.adc_disable_interrupt
                0x00082ad4        0x4 F:\HarvesteR\Arduino\packages\arduino\hardware\sam\1.6.12\variants\arduino_due_x/libsam_sam3x8e_gcc_rel.a(adc.o)
                0x00082ad4                adc_disable_interrupt
 .text.adc_get_status
                0x00082ad8        0x4 F:\HarvesteR\Arduino\packages\arduino\hardware\sam\1.6.12\variants\arduino_due_x/libsam_sam3x8e_gcc_rel.a(adc.o)
                0x00082ad8                adc_get_status
 .text.UOTGHS_Handler
                0x00082adc       0x10 F:\HarvesteR\Arduino\packages\arduino\hardware\sam\1.6.12\variants\arduino_due_x/libsam_sam3x8e_gcc_rel.a(uotghs.o)
                0x00082adc                UOTGHS_Handler
 .text.__halt   0x00082aec        0x2 C:\Users\ffala\AppData\Local\Temp\VMBuilds\Collective\arduino_due_x\Debug/core.a(cortex_handlers.c.o)
                0x00082aec                DACC_Handler
                0x00082aec                DebugMon_Handler
                0x00082aec                DMAC_Handler
                0x00082aec                TRNG_Handler
                0x00082aec                HardFault_Handler
                0x00082aec                TC2_Handler
                0x00082aec                TWI1_Handler
                0x00082aec                NMI_Handler
                0x00082aec                TC7_Handler
                0x00082aec                ADC_Handler
                0x00082aec                SMC_Handler
                0x00082aec                RTT_Handler
                0x00082aec                EFC1_Handler
                0x00082aec                RTC_Handler
                0x00082aec                UsageFault_Handler
                0x00082aec                TC6_Handler
                0x00082aec                WDT_Handler
                0x00082aec                CAN0_Handler
                0x00082aec                TC4_Handler
                0x00082aec                TC1_Handler
                0x00082aec                HSMCI_Handler
                0x00082aec                TC3_Handler
                0x00082aec                TWI0_Handler
                0x00082aec                SSC_Handler
                0x00082aec                EFC0_Handler
                0x00082aec                PMC_Handler
                0x00082aec                PWM_Handler
                0x00082aec                CAN1_Handler
                0x00082aec                MemManage_Handler
                0x00082aec                SUPC_Handler
                0x00082aec                TC8_Handler
                0x00082aec                USART2_Handler
                0x00082aec                EMAC_Handler
                0x00082aec                BusFault_Handler
                0x00082aec                RSTC_Handler
                0x00082aec                TC0_Handler
                0x00082aec                TC5_Handler
                0x00082aec                SPI0_Handler
 .text.SVC_Handler
                0x00082aee        0x4 C:\Users\ffala\AppData\Local\Temp\VMBuilds\Collective\arduino_due_x\Debug/core.a(cortex_handlers.c.o)
                0x00082aee                SVC_Handler
 .text.PendSV_Handler
                0x00082af2        0x4 C:\Users\ffala\AppData\Local\Temp\VMBuilds\Collective\arduino_due_x\Debug/core.a(cortex_handlers.c.o)
                0x00082af2                PendSV_Handler
 .text.SysTick_Handler
                0x00082af6       0x16 C:\Users\ffala\AppData\Local\Temp\VMBuilds\Collective\arduino_due_x\Debug/core.a(cortex_handlers.c.o)
                0x00082af6                SysTick_Handler
 .text.__empty  0x00082b0c        0x2 C:\Users\ffala\AppData\Local\Temp\VMBuilds\Collective\arduino_due_x\Debug/core.a(hooks.c.o)
                0x00082b0c                yield
 .text.__false  0x00082b0e        0x4 C:\Users\ffala\AppData\Local\Temp\VMBuilds\Collective\arduino_due_x\Debug/core.a(hooks.c.o)
                0x00082b0e                sysTickHook
 .text.__halt   0x00082b12        0x2 C:\Users\ffala\AppData\Local\Temp\VMBuilds\Collective\arduino_due_x\Debug/core.a(hooks.c.o)
                0x00082b12                svcHook
                0x00082b12                pendSVHook
 .text._sbrk    0x00082b14       0x1c C:\Users\ffala\AppData\Local\Temp\VMBuilds\Collective\arduino_due_x\Debug/core.a(syscalls_sam3.c.o)
                0x00082b14                _sbrk
 .text.link     0x00082b30        0x6 C:\Users\ffala\AppData\Local\Temp\VMBuilds\Collective\arduino_due_x\Debug/core.a(syscalls_sam3.c.o)
                0x00082b30                link
 .text._close   0x00082b36        0x6 C:\Users\ffala\AppData\Local\Temp\VMBuilds\Collective\arduino_due_x\Debug/core.a(syscalls_sam3.c.o)
                0x00082b36                _close
 .text._fstat   0x00082b3c        0xa C:\Users\ffala\AppData\Local\Temp\VMBuilds\Collective\arduino_due_x\Debug/core.a(syscalls_sam3.c.o)
                0x00082b3c                _fstat
 .text._isatty  0x00082b46        0x4 C:\Users\ffala\AppData\Local\Temp\VMBuilds\Collective\arduino_due_x\Debug/core.a(syscalls_sam3.c.o)
                0x00082b46                _isatty
 .text._lseek   0x00082b4a        0x4 C:\Users\ffala\AppData\Local\Temp\VMBuilds\Collective\arduino_due_x\Debug/core.a(syscalls_sam3.c.o)
                0x00082b4a                _lseek
 .text._read    0x00082b4e        0x4 C:\Users\ffala\AppData\Local\Temp\VMBuilds\Collective\arduino_due_x\Debug/core.a(syscalls_sam3.c.o)
                0x00082b4e                _read
 *fill*         0x00082b52        0x2 
 .text._write   0x00082b54       0x24 C:\Users\ffala\AppData\Local\Temp\VMBuilds\Collective\arduino_due_x\Debug/core.a(syscalls_sam3.c.o)
                0x00082b54                _write
 .text._exit    0x00082b78        0x2 C:\Users\ffala\AppData\Local\Temp\VMBuilds\Collective\arduino_due_x\Debug/core.a(syscalls_sam3.c.o)
                0x00082b78                _exit
 .text._kill    0x00082b7a        0x2 C:\Users\ffala\AppData\Local\Temp\VMBuilds\Collective\arduino_due_x\Debug/core.a(syscalls_sam3.c.o)
                0x00082b7a                _kill
 .text._getpid  0x00082b7c        0x6 C:\Users\ffala\AppData\Local\Temp\VMBuilds\Collective\arduino_due_x\Debug/core.a(syscalls_sam3.c.o)
                0x00082b7c                _getpid
 *fill*         0x00082b82        0x2 
 .text.attachInterrupt
                0x00082b84      0x148 C:\Users\ffala\AppData\Local\Temp\VMBuilds\Collective\arduino_due_x\Debug/core.a(WInterrupts.c.o)
                0x00082b84                attachInterrupt
 .text.PIOA_Handler
                0x00082ccc       0x38 C:\Users\ffala\AppData\Local\Temp\VMBuilds\Collective\arduino_due_x\Debug/core.a(WInterrupts.c.o)
                0x00082ccc                PIOA_Handler
 .text.PIOB_Handler
                0x00082d04       0x38 C:\Users\ffala\AppData\Local\Temp\VMBuilds\Collective\arduino_due_x\Debug/core.a(WInterrupts.c.o)
                0x00082d04                PIOB_Handler
 .text.PIOC_Handler
                0x00082d3c       0x38 C:\Users\ffala\AppData\Local\Temp\VMBuilds\Collective\arduino_due_x\Debug/core.a(WInterrupts.c.o)
                0x00082d3c                PIOC_Handler
 .text.PIOD_Handler
                0x00082d74       0x38 C:\Users\ffala\AppData\Local\Temp\VMBuilds\Collective\arduino_due_x\Debug/core.a(WInterrupts.c.o)
                0x00082d74                PIOD_Handler
 .text.millis   0x00082dac        0x4 C:\Users\ffala\AppData\Local\Temp\VMBuilds\Collective\arduino_due_x\Debug/core.a(wiring.c.o)
                0x00082dac                millis
 .text.delay    0x00082db0       0x1c C:\Users\ffala\AppData\Local\Temp\VMBuilds\Collective\arduino_due_x\Debug/core.a(wiring.c.o)
                0x00082db0                delay
 .text.mapResolution
                0x00082dcc       0x12 C:\Users\ffala\AppData\Local\Temp\VMBuilds\Collective\arduino_due_x\Debug/core.a(wiring_analog.c.o)
 *fill*         0x00082dde        0x2 
 .text.analogReadResolution
                0x00082de0        0xc C:\Users\ffala\AppData\Local\Temp\VMBuilds\Collective\arduino_due_x\Debug/core.a(wiring_analog.c.o)
                0x00082de0                analogReadResolution
 .text.analogRead
                0x00082dec       0x9c C:\Users\ffala\AppData\Local\Temp\VMBuilds\Collective\arduino_due_x\Debug/core.a(wiring_analog.c.o)
                0x00082dec                analogRead
 .text.analogOutputInit
                0x00082e88        0x2 C:\Users\ffala\AppData\Local\Temp\VMBuilds\Collective\arduino_due_x\Debug/core.a(wiring_analog.c.o)
                0x00082e88                analogOutputInit
 *fill*         0x00082e8a        0x2 
 .text.pinMode  0x00082e8c      0x108 C:\Users\ffala\AppData\Local\Temp\VMBuilds\Collective\arduino_due_x\Debug/core.a(wiring_digital.c.o)
                0x00082e8c                pinMode
 .text.digitalWrite
                0x00082f94       0x70 C:\Users\ffala\AppData\Local\Temp\VMBuilds\Collective\arduino_due_x\Debug/core.a(wiring_digital.c.o)
                0x00082f94                digitalWrite
 .text.digitalRead
                0x00083004       0x44 C:\Users\ffala\AppData\Local\Temp\VMBuilds\Collective\arduino_due_x\Debug/core.a(wiring_digital.c.o)
                0x00083004                digitalRead
 .text.initVariant
                0x00083048        0x2 C:\Users\ffala\AppData\Local\Temp\VMBuilds\Collective\arduino_due_x\Debug/core.a(main.cpp.o)
                0x00083048                initVariant
 *fill*         0x0008304a        0x2 
 .text.startup.main
                0x0008304c       0x38 C:\Users\ffala\AppData\Local\Temp\VMBuilds\Collective\arduino_due_x\Debug/core.a(main.cpp.o)
                0x0008304c                main
 .text._Znwj    0x00083084        0x4 C:\Users\ffala\AppData\Local\Temp\VMBuilds\Collective\arduino_due_x\Debug/core.a(new.cpp.o)
                0x00083084                operator new(unsigned int)
 .text._Znaj    0x00083088        0x4 C:\Users\ffala\AppData\Local\Temp\VMBuilds\Collective\arduino_due_x\Debug/core.a(new.cpp.o)
                0x00083088                operator new[](unsigned int)
 .text._ZN5Print5writeEPKhj
                0x0008308c       0x22 C:\Users\ffala\AppData\Local\Temp\VMBuilds\Collective\arduino_due_x\Debug/core.a(Print.cpp.o)
                0x0008308c                Print::write(unsigned char const*, unsigned int)
 .text._ZN5Print5printEmi.part.3
                0x000830ae        0xc C:\Users\ffala\AppData\Local\Temp\VMBuilds\Collective\arduino_due_x\Debug/core.a(Print.cpp.o)
 .text._ZN5Print5writeEPKc
                0x000830ba       0x1e C:\Users\ffala\AppData\Local\Temp\VMBuilds\Collective\arduino_due_x\Debug/core.a(Print.cpp.o)
                0x000830ba                Print::write(char const*)
 .text._ZN5Print5printEPKc
                0x000830d8        0x8 C:\Users\ffala\AppData\Local\Temp\VMBuilds\Collective\arduino_due_x\Debug/core.a(Print.cpp.o)
                0x000830d8                Print::print(char const*)
 .text._ZN5Print5printEc
                0x000830e0        0xa C:\Users\ffala\AppData\Local\Temp\VMBuilds\Collective\arduino_due_x\Debug/core.a(Print.cpp.o)
                0x000830e0                Print::print(char)
 *fill*         0x000830ea        0x2 
 .text._ZN5Print7printlnEv
                0x000830ec       0x10 C:\Users\ffala\AppData\Local\Temp\VMBuilds\Collective\arduino_due_x\Debug/core.a(Print.cpp.o)
                0x000830ec                Print::println()
 .text._ZN5Print7printlnEPKc
                0x000830fc       0x14 C:\Users\ffala\AppData\Local\Temp\VMBuilds\Collective\arduino_due_x\Debug/core.a(Print.cpp.o)
                0x000830fc                Print::println(char const*)
 .text._ZN5Print11printNumberEmh
                0x00083110       0x3e C:\Users\ffala\AppData\Local\Temp\VMBuilds\Collective\arduino_due_x\Debug/core.a(Print.cpp.o)
                0x00083110                Print::printNumber(unsigned long, unsigned char)
 .text._ZN5Print5printEli
                0x0008314e       0x3c C:\Users\ffala\AppData\Local\Temp\VMBuilds\Collective\arduino_due_x\Debug/core.a(Print.cpp.o)
                0x0008314e                Print::print(long, int)
 .text._ZN5Print5printEii
                0x0008318a        0x4 C:\Users\ffala\AppData\Local\Temp\VMBuilds\Collective\arduino_due_x\Debug/core.a(Print.cpp.o)
                0x0008318a                Print::print(int, int)
 .text._ZN5Print5printEmi
                0x0008318e        0xc C:\Users\ffala\AppData\Local\Temp\VMBuilds\Collective\arduino_due_x\Debug/core.a(Print.cpp.o)
                0x0008318e                Print::print(unsigned long, int)
 .text._ZN5Print5printEhi
                0x0008319a        0x4 C:\Users\ffala\AppData\Local\Temp\VMBuilds\Collective\arduino_due_x\Debug/core.a(Print.cpp.o)
                0x0008319a                Print::print(unsigned char, int)
 *fill*         0x0008319e        0x2 
 .text.initiateReset
                0x000831a0        0xc C:\Users\ffala\AppData\Local\Temp\VMBuilds\Collective\arduino_due_x\Debug/core.a(Reset.cpp.o)
                0x000831a0                initiateReset
 .text.cancelReset
                0x000831ac       0x10 C:\Users\ffala\AppData\Local\Temp\VMBuilds\Collective\arduino_due_x\Debug/core.a(Reset.cpp.o)
                0x000831ac                cancelReset
 .text.tickReset
                0x000831bc       0x20 C:\Users\ffala\AppData\Local\Temp\VMBuilds\Collective\arduino_due_x\Debug/core.a(Reset.cpp.o)
                0x000831bc                tickReset
 .text._ZN10RingBufferC2Ev
                0x000831dc       0x1a C:\Users\ffala\AppData\Local\Temp\VMBuilds\Collective\arduino_due_x\Debug/core.a(RingBuffer.cpp.o)
                0x000831dc                RingBuffer::RingBuffer()
                0x000831dc                RingBuffer::RingBuffer()
 .text._ZN10RingBuffer10store_charEh
                0x000831f6       0x1e C:\Users\ffala\AppData\Local\Temp\VMBuilds\Collective\arduino_due_x\Debug/core.a(RingBuffer.cpp.o)
                0x000831f6                RingBuffer::store_char(unsigned char)
 .text._ZN9UARTClasscvbEv
                0x00083214        0x4 C:\Users\ffala\AppData\Local\Temp\VMBuilds\Collective\arduino_due_x\Debug/core.a(UARTClass.cpp.o)
                0x00083214                UARTClass::operator bool()
 .text._ZN9UARTClass9availableEv
                0x00083218       0x12 C:\Users\ffala\AppData\Local\Temp\VMBuilds\Collective\arduino_due_x\Debug/core.a(UARTClass.cpp.o)
                0x00083218                UARTClass::available()
 .text._ZN9UARTClass4peekEv
                0x0008322a       0x1c C:\Users\ffala\AppData\Local\Temp\VMBuilds\Collective\arduino_due_x\Debug/core.a(UARTClass.cpp.o)
                0x0008322a                UARTClass::peek()
 .text._ZN9UARTClass4readEv
                0x00083246       0x2a C:\Users\ffala\AppData\Local\Temp\VMBuilds\Collective\arduino_due_x\Debug/core.a(UARTClass.cpp.o)
                0x00083246                UARTClass::read()
 .text._ZN9UARTClass5flushEv
                0x00083270       0x18 C:\Users\ffala\AppData\Local\Temp\VMBuilds\Collective\arduino_due_x\Debug/core.a(UARTClass.cpp.o)
                0x00083270                UARTClass::flush()
 .text._ZN9UARTClass5writeEh
                0x00083288       0x54 C:\Users\ffala\AppData\Local\Temp\VMBuilds\Collective\arduino_due_x\Debug/core.a(UARTClass.cpp.o)
                0x00083288                UARTClass::write(unsigned char)
 .text._ZN9UARTClass3endEv
                0x000832dc       0x3c C:\Users\ffala\AppData\Local\Temp\VMBuilds\Collective\arduino_due_x\Debug/core.a(UARTClass.cpp.o)
                0x000832dc                UARTClass::end()
 .text._ZN9UARTClassC2EP4Uart4IRQnmP10RingBufferS4_
                0x00083318       0x24 C:\Users\ffala\AppData\Local\Temp\VMBuilds\Collective\arduino_due_x\Debug/core.a(UARTClass.cpp.o)
                0x00083318                UARTClass::UARTClass(Uart*, IRQn, unsigned long, RingBuffer*, RingBuffer*)
                0x00083318                UARTClass::UARTClass(Uart*, IRQn, unsigned long, RingBuffer*, RingBuffer*)
 .text._ZN9UARTClass4initEmm
                0x0008333c       0x70 C:\Users\ffala\AppData\Local\Temp\VMBuilds\Collective\arduino_due_x\Debug/core.a(UARTClass.cpp.o)
                0x0008333c                UARTClass::init(unsigned long, unsigned long)
 .text._ZN9UARTClass5beginEm
                0x000833ac        0x8 C:\Users\ffala\AppData\Local\Temp\VMBuilds\Collective\arduino_due_x\Debug/core.a(UARTClass.cpp.o)
                0x000833ac                UARTClass::begin(unsigned long)
 .text._ZN9UARTClass10IrqHandlerEv
                0x000833b4       0x5a C:\Users\ffala\AppData\Local\Temp\VMBuilds\Collective\arduino_due_x\Debug/core.a(UARTClass.cpp.o)
                0x000833b4                UARTClass::IrqHandler()
 .text._ZN10USARTClass5beginEm
                0x0008340e        0x8 C:\Users\ffala\AppData\Local\Temp\VMBuilds\Collective\arduino_due_x\Debug/core.a(USARTClass.cpp.o)
                0x0008340e                USARTClass::begin(unsigned long)
 *fill*         0x00083416        0x2 
 .text._ZN10USARTClassC2EP5Usart4IRQnmP10RingBufferS4_
                0x00083418       0x24 C:\Users\ffala\AppData\Local\Temp\VMBuilds\Collective\arduino_due_x\Debug/core.a(USARTClass.cpp.o)
                0x00083418                USARTClass::USARTClass(Usart*, IRQn, unsigned long, RingBuffer*, RingBuffer*)
                0x00083418                USARTClass::USARTClass(Usart*, IRQn, unsigned long, RingBuffer*, RingBuffer*)
 .text._watchdogDefaultSetup
                0x0008343c        0xc C:\Users\ffala\AppData\Local\Temp\VMBuilds\Collective\arduino_due_x\Debug/core.a(watchdog.cpp.o)
                0x0008343c                _watchdogDefaultSetup
                0x0008343c                watchdogSetup()
 .text._Z3maplllll
                0x00083448       0x14 C:\Users\ffala\AppData\Local\Temp\VMBuilds\Collective\arduino_due_x\Debug/core.a(WMath.cpp.o)
                0x00083448                map(long, long, long, long, long)
 .text._ZN7Serial_9availableEv
                0x0008345c       0x18 C:\Users\ffala\AppData\Local\Temp\VMBuilds\Collective\arduino_due_x\Debug/core.a(CDC.cpp.o)
                0x0008345c                Serial_::available()
 .text._ZN7Serial_17availableForWriteEv
                0x00083474        0x6 C:\Users\ffala\AppData\Local\Temp\VMBuilds\Collective\arduino_due_x\Debug/core.a(CDC.cpp.o)
                0x00083474                Serial_::availableForWrite()
 *fill*         0x0008347a        0x2 
 .text._ZN7Serial_4peekEv
                0x0008347c       0x20 C:\Users\ffala\AppData\Local\Temp\VMBuilds\Collective\arduino_due_x\Debug/core.a(CDC.cpp.o)
                0x0008347c                Serial_::peek()
 .text._ZN7Serial_5writeEh
                0x0008349c       0x16 C:\Users\ffala\AppData\Local\Temp\VMBuilds\Collective\arduino_due_x\Debug/core.a(CDC.cpp.o)
                0x0008349c                Serial_::write(unsigned char)
 *fill*         0x000834b2        0x2 
 .text._ZN7Serial_4readEv
                0x000834b4       0x44 C:\Users\ffala\AppData\Local\Temp\VMBuilds\Collective\arduino_due_x\Debug/core.a(CDC.cpp.o)
                0x000834b4                Serial_::read()
 .text._ZN7Serial_5flushEv
                0x000834f8        0x6 C:\Users\ffala\AppData\Local\Temp\VMBuilds\Collective\arduino_due_x\Debug/core.a(CDC.cpp.o)
                0x000834f8                Serial_::flush()
 *fill*         0x000834fe        0x2 
 .text._ZN7Serial_6acceptEv
                0x00083500       0x70 C:\Users\ffala\AppData\Local\Temp\VMBuilds\Collective\arduino_due_x\Debug/core.a(CDC.cpp.o)
                0x00083500                Serial_::accept()
 .text._ZN7Serial_5writeEPKhj
                0x00083570       0x2c C:\Users\ffala\AppData\Local\Temp\VMBuilds\Collective\arduino_due_x\Debug/core.a(CDC.cpp.o)
                0x00083570                Serial_::write(unsigned char const*, unsigned int)
 .text._Z16CDC_GetInterfacePh
                0x0008359c       0x14 C:\Users\ffala\AppData\Local\Temp\VMBuilds\Collective\arduino_due_x\Debug/core.a(CDC.cpp.o)
                0x0008359c                CDC_GetInterface(unsigned char*)
 .text._Z21CDC_GetOtherInterfacePh
                0x000835b0       0x14 C:\Users\ffala\AppData\Local\Temp\VMBuilds\Collective\arduino_due_x\Debug/core.a(CDC.cpp.o)
                0x000835b0                CDC_GetOtherInterface(unsigned char*)
 .text._Z9CDC_SetupR8USBSetup
                0x000835c4       0x78 C:\Users\ffala\AppData\Local\Temp\VMBuilds\Collective\arduino_due_x\Debug/core.a(CDC.cpp.o)
                0x000835c4                CDC_Setup(USBSetup&)
 .text._ZN7Serial_5beginEm
                0x0008363c        0x2 C:\Users\ffala\AppData\Local\Temp\VMBuilds\Collective\arduino_due_x\Debug/core.a(CDC.cpp.o)
                0x0008363c                Serial_::begin(unsigned long)
 *fill*         0x0008363e        0x2 
 .text.startup._GLOBAL__sub_I_cdc_rx_buffer
                0x00083640       0x1c C:\Users\ffala\AppData\Local\Temp\VMBuilds\Collective\arduino_due_x\Debug/core.a(CDC.cpp.o)
 .text._ZN13PluggableUSB_12getInterfaceEPh
                0x0008365c       0x28 C:\Users\ffala\AppData\Local\Temp\VMBuilds\Collective\arduino_due_x\Debug/core.a(PluggableUSB.cpp.o)
                0x0008365c                PluggableUSB_::getInterface(unsigned char*)
 .text._ZN13PluggableUSB_13getDescriptorER8USBSetup
                0x00083684       0x1c C:\Users\ffala\AppData\Local\Temp\VMBuilds\Collective\arduino_due_x\Debug/core.a(PluggableUSB.cpp.o)
                0x00083684                PluggableUSB_::getDescriptor(USBSetup&)
 .text._ZN13PluggableUSB_12getShortNameEPc
                0x000836a0       0x1c C:\Users\ffala\AppData\Local\Temp\VMBuilds\Collective\arduino_due_x\Debug/core.a(PluggableUSB.cpp.o)
                0x000836a0                PluggableUSB_::getShortName(char*)
 .text._ZN13PluggableUSB_5setupER8USBSetup
                0x000836bc       0x20 C:\Users\ffala\AppData\Local\Temp\VMBuilds\Collective\arduino_due_x\Debug/core.a(PluggableUSB.cpp.o)
                0x000836bc                PluggableUSB_::setup(USBSetup&)
 .text._ZN13PluggableUSB_4plugEP18PluggableUSBModule
                0x000836dc       0x60 C:\Users\ffala\AppData\Local\Temp\VMBuilds\Collective\arduino_due_x\Debug/core.a(PluggableUSB.cpp.o)
                0x000836dc                PluggableUSB_::plug(PluggableUSBModule*)
 .text._Z12PluggableUSBv
                0x0008373c       0x28 C:\Users\ffala\AppData\Local\Temp\VMBuilds\Collective\arduino_due_x\Debug/core.a(PluggableUSB.cpp.o)
                0x0008373c                PluggableUSB()
 .text.unlikely._ZL11USB_SendZlpv
                0x00083764       0x20 C:\Users\ffala\AppData\Local\Temp\VMBuilds\Collective\arduino_due_x\Debug/core.a(USBCore.cpp.o)
 .text._Z14USBD_Availablem
                0x00083784       0x2c C:\Users\ffala\AppData\Local\Temp\VMBuilds\Collective\arduino_due_x\Debug/core.a(USBCore.cpp.o)
                0x00083784                USBD_Available(unsigned long)
 .text._Z9USBD_RecvmPvm
                0x000837b0       0x7c C:\Users\ffala\AppData\Local\Temp\VMBuilds\Collective\arduino_due_x\Debug/core.a(USBCore.cpp.o)
                0x000837b0                USBD_Recv(unsigned long, void*, unsigned long)
 .text._Z9USBD_Recvm
                0x0008382c       0x22 C:\Users\ffala\AppData\Local\Temp\VMBuilds\Collective\arduino_due_x\Debug/core.a(USBCore.cpp.o)
                0x0008382c                USBD_Recv(unsigned long)
 *fill*         0x0008384e        0x2 
 .text._Z9USBD_SendmPKvm
                0x00083850       0x4c C:\Users\ffala\AppData\Local\Temp\VMBuilds\Collective\arduino_due_x\Debug/core.a(USBCore.cpp.o)
                0x00083850                USBD_Send(unsigned long, void const*, unsigned long)
 .text._Z16USBD_SendControlhPKvm
                0x0008389c       0x40 C:\Users\ffala\AppData\Local\Temp\VMBuilds\Collective\arduino_due_x\Debug/core.a(USBCore.cpp.o)
                0x0008389c                USBD_SendControl(unsigned char, void const*, unsigned long)
 .text.unlikely._ZL24USB_SendStringDescriptorPKhi
                0x000838dc       0x64 C:\Users\ffala\AppData\Local\Temp\VMBuilds\Collective\arduino_due_x\Debug/core.a(USBCore.cpp.o)
 .text._Z16USBD_RecvControlPvm
                0x00083940       0x1c C:\Users\ffala\AppData\Local\Temp\VMBuilds\Collective\arduino_due_x\Debug/core.a(USBCore.cpp.o)
                0x00083940                USBD_RecvControl(void*, unsigned long)
 .text._Z26USBD_ClassInterfaceRequestR8USBSetup
                0x0008395c       0x1e C:\Users\ffala\AppData\Local\Temp\VMBuilds\Collective\arduino_due_x\Debug/core.a(USBCore.cpp.o)
                0x0008395c                USBD_ClassInterfaceRequest(USBSetup&)
 .text._Z19USBD_SendInterfacesv
                0x0008397a       0x22 C:\Users\ffala\AppData\Local\Temp\VMBuilds\Collective\arduino_due_x\Debug/core.a(USBCore.cpp.o)
                0x0008397a                USBD_SendInterfaces()
 .text._Z24USBD_SendOtherInterfacesv
                0x0008399c       0x22 C:\Users\ffala\AppData\Local\Temp\VMBuilds\Collective\arduino_due_x\Debug/core.a(USBCore.cpp.o)
                0x0008399c                USBD_SendOtherInterfaces()
 .text._Z10USBD_Flushm
                0x000839be       0x16 C:\Users\ffala\AppData\Local\Temp\VMBuilds\Collective\arduino_due_x\Debug/core.a(USBCore.cpp.o)
                0x000839be                USBD_Flush(unsigned long)
 .text._ZN10USBDevice_C2Ev
                0x000839d4       0x24 C:\Users\ffala\AppData\Local\Temp\VMBuilds\Collective\arduino_due_x\Debug/core.a(USBCore.cpp.o)
                0x000839d4                USBDevice_::USBDevice_()
                0x000839d4                USBDevice_::USBDevice_()
 .text._ZN10USBDevice_6attachEv
                0x000839f8       0x20 C:\Users\ffala\AppData\Local\Temp\VMBuilds\Collective\arduino_due_x\Debug/core.a(USBCore.cpp.o)
                0x000839f8                USBDevice_::attach()
 .text.startup._GLOBAL__sub_I_EndPoints
                0x00083a18        0xc C:\Users\ffala\AppData\Local\Temp\VMBuilds\Collective\arduino_due_x\Debug/core.a(USBCore.cpp.o)
 .text._ZL7USB_ISRv
                0x00083a24      0x454 C:\Users\ffala\AppData\Local\Temp\VMBuilds\Collective\arduino_due_x\Debug/core.a(USBCore.cpp.o)
 .text.TimeTick_Increment
                0x00083e78       0x10 F:\HarvesteR\Arduino\packages\arduino\hardware\sam\1.6.12\variants\arduino_due_x/libsam_sam3x8e_gcc_rel.a(timetick.o)
                0x00083e78                TimeTick_Increment
 .text.GetTickCount
                0x00083e88        0xc F:\HarvesteR\Arduino\packages\arduino\hardware\sam\1.6.12\variants\arduino_due_x/libsam_sam3x8e_gcc_rel.a(timetick.o)
                0x00083e88                GetTickCount
 .text.WDT_Disable
                0x00083e94        0x8 F:\HarvesteR\Arduino\packages\arduino\hardware\sam\1.6.12\variants\arduino_due_x/libsam_sam3x8e_gcc_rel.a(wdt.o)
                0x00083e94                WDT_Disable
 .text.UDD_SetStack
                0x00083e9c        0xc F:\HarvesteR\Arduino\packages\arduino\hardware\sam\1.6.12\variants\arduino_due_x/libsam_sam3x8e_gcc_rel.a(uotghs_device.o)
                0x00083e9c                UDD_SetStack
 .text.UDD_Init
                0x00083ea8       0xd0 F:\HarvesteR\Arduino\packages\arduino\hardware\sam\1.6.12\variants\arduino_due_x/libsam_sam3x8e_gcc_rel.a(uotghs_device.o)
                0x00083ea8                UDD_Init
 .text.UDD_Attach
                0x00083f78       0x50 F:\HarvesteR\Arduino\packages\arduino\hardware\sam\1.6.12\variants\arduino_due_x/libsam_sam3x8e_gcc_rel.a(uotghs_device.o)
                0x00083f78                UDD_Attach
 .text.UDD_InitEP
                0x00083fc8       0x2c F:\HarvesteR\Arduino\packages\arduino\hardware\sam\1.6.12\variants\arduino_due_x/libsam_sam3x8e_gcc_rel.a(uotghs_device.o)
                0x00083fc8                UDD_InitEP
 .text.UDD_InitEndpoints
                0x00083ff4       0x3c F:\HarvesteR\Arduino\packages\arduino\hardware\sam\1.6.12\variants\arduino_due_x/libsam_sam3x8e_gcc_rel.a(uotghs_device.o)
                0x00083ff4                UDD_InitEndpoints
 .text.UDD_WaitIN
                0x00084030       0x10 F:\HarvesteR\Arduino\packages\arduino\hardware\sam\1.6.12\variants\arduino_due_x/libsam_sam3x8e_gcc_rel.a(uotghs_device.o)
                0x00084030                UDD_WaitIN
 .text.UDD_WaitOUT
                0x00084040       0x10 F:\HarvesteR\Arduino\packages\arduino\hardware\sam\1.6.12\variants\arduino_due_x/libsam_sam3x8e_gcc_rel.a(uotghs_device.o)
                0x00084040                UDD_WaitOUT
 .text.UDD_ClearIN
                0x00084050       0x18 F:\HarvesteR\Arduino\packages\arduino\hardware\sam\1.6.12\variants\arduino_due_x/libsam_sam3x8e_gcc_rel.a(uotghs_device.o)
                0x00084050                UDD_ClearIN
 .text.UDD_ClearOUT
                0x00084068       0x18 F:\HarvesteR\Arduino\packages\arduino\hardware\sam\1.6.12\variants\arduino_due_x/libsam_sam3x8e_gcc_rel.a(uotghs_device.o)
                0x00084068                UDD_ClearOUT
 .text.UDD_ReceivedSetupInt
                0x00084080       0x10 F:\HarvesteR\Arduino\packages\arduino\hardware\sam\1.6.12\variants\arduino_due_x/libsam_sam3x8e_gcc_rel.a(uotghs_device.o)
                0x00084080                UDD_ReceivedSetupInt
 .text.UDD_ClearSetupInt
                0x00084090       0x10 F:\HarvesteR\Arduino\packages\arduino\hardware\sam\1.6.12\variants\arduino_due_x/libsam_sam3x8e_gcc_rel.a(uotghs_device.o)
                0x00084090                UDD_ClearSetupInt
 .text.UDD_Send
                0x000840a0       0x88 F:\HarvesteR\Arduino\packages\arduino\hardware\sam\1.6.12\variants\arduino_due_x/libsam_sam3x8e_gcc_rel.a(uotghs_device.o)
                0x000840a0                UDD_Send
 .text.UDD_Send8
                0x00084128       0x24 F:\HarvesteR\Arduino\packages\arduino\hardware\sam\1.6.12\variants\arduino_due_x/libsam_sam3x8e_gcc_rel.a(uotghs_device.o)
                0x00084128                UDD_Send8
 .text.UDD_Recv8
                0x0008414c       0x28 F:\HarvesteR\Arduino\packages\arduino\hardware\sam\1.6.12\variants\arduino_due_x/libsam_sam3x8e_gcc_rel.a(uotghs_device.o)
                0x0008414c                UDD_Recv8
 .text.UDD_Recv
                0x00084174       0x34 F:\HarvesteR\Arduino\packages\arduino\hardware\sam\1.6.12\variants\arduino_due_x/libsam_sam3x8e_gcc_rel.a(uotghs_device.o)
                0x00084174                UDD_Recv
 .text.UDD_Stall
                0x000841a8       0x14 F:\HarvesteR\Arduino\packages\arduino\hardware\sam\1.6.12\variants\arduino_due_x/libsam_sam3x8e_gcc_rel.a(uotghs_device.o)
                0x000841a8                UDD_Stall
 .text.UDD_FifoByteCount
                0x000841bc       0x14 F:\HarvesteR\Arduino\packages\arduino\hardware\sam\1.6.12\variants\arduino_due_x/libsam_sam3x8e_gcc_rel.a(uotghs_device.o)
                0x000841bc                UDD_FifoByteCount
 .text.UDD_ReleaseRX
                0x000841d0       0x28 F:\HarvesteR\Arduino\packages\arduino\hardware\sam\1.6.12\variants\arduino_due_x/libsam_sam3x8e_gcc_rel.a(uotghs_device.o)
                0x000841d0                UDD_ReleaseRX
 .text.UDD_ReleaseTX
                0x000841f8       0x28 F:\HarvesteR\Arduino\packages\arduino\hardware\sam\1.6.12\variants\arduino_due_x/libsam_sam3x8e_gcc_rel.a(uotghs_device.o)
                0x000841f8                UDD_ReleaseTX
 .text.UDD_SetAddress
                0x00084220       0x20 F:\HarvesteR\Arduino\packages\arduino\hardware\sam\1.6.12\variants\arduino_due_x/libsam_sam3x8e_gcc_rel.a(uotghs_device.o)
                0x00084220                UDD_SetAddress
 .text.__fpclassifyd
                0x00084240       0x50 f:/harvester/arduino/packages/arduino/tools/arm-none-eabi-gcc/4.8.3-2014q1/bin/../lib/gcc/arm-none-eabi/4.8.3/../../../../arm-none-eabi/lib/armv7-m\libm.a(lib_a-s_fpclassify.o)
                0x00084240                __fpclassifyd
 .text.atan2    0x00084290        0x4 f:/harvester/arduino/packages/arduino/tools/arm-none-eabi-gcc/4.8.3-2014q1/bin/../lib/gcc/arm-none-eabi/4.8.3/../../../../arm-none-eabi/lib/armv7-m\libm.a(lib_a-w_atan2.o)
                0x00084290                atan2
 .text.pow      0x00084294      0x2f8 f:/harvester/arduino/packages/arduino/tools/arm-none-eabi-gcc/4.8.3-2014q1/bin/../lib/gcc/arm-none-eabi/4.8.3/../../../../arm-none-eabi/lib/armv7-m\libm.a(lib_a-w_pow.o)
                0x00084294                pow
 *fill*         0x0008458c        0x4 
 .text.__ieee754_atan2
                0x00084590      0x1f0 f:/harvester/arduino/packages/arduino/tools/arm-none-eabi-gcc/4.8.3-2014q1/bin/../lib/gcc/arm-none-eabi/4.8.3/../../../../arm-none-eabi/lib/armv7-m\libm.a(lib_a-e_atan2.o)
                0x00084590                __ieee754_atan2
 .text.__ieee754_pow
                0x00084780      0xab8 f:/harvester/arduino/packages/arduino/tools/arm-none-eabi-gcc/4.8.3-2014q1/bin/../lib/gcc/arm-none-eabi/4.8.3/../../../../arm-none-eabi/lib/armv7-m\libm.a(lib_a-e_pow.o)
                0x00084780                __ieee754_pow
 .text.__ieee754_sqrt
                0x00085238      0x180 f:/harvester/arduino/packages/arduino/tools/arm-none-eabi-gcc/4.8.3-2014q1/bin/../lib/gcc/arm-none-eabi/4.8.3/../../../../arm-none-eabi/lib/armv7-m\libm.a(lib_a-e_sqrt.o)
                0x00085238                __ieee754_sqrt
 .text.atan     0x000853b8      0x350 f:/harvester/arduino/packages/arduino/tools/arm-none-eabi-gcc/4.8.3-2014q1/bin/../lib/gcc/arm-none-eabi/4.8.3/../../../../arm-none-eabi/lib/armv7-m\libm.a(lib_a-s_atan.o)
                0x000853b8                atan
 .text.fabs     0x00085708        0x8 f:/harvester/arduino/packages/arduino/tools/arm-none-eabi-gcc/4.8.3-2014q1/bin/../lib/gcc/arm-none-eabi/4.8.3/../../../../arm-none-eabi/lib/armv7-m\libm.a(lib_a-s_fabs.o)
                0x00085708                fabs
 .text.finite   0x00085710        0xc f:/harvester/arduino/packages/arduino/tools/arm-none-eabi-gcc/4.8.3-2014q1/bin/../lib/gcc/arm-none-eabi/4.8.3/../../../../arm-none-eabi/lib/armv7-m\libm.a(lib_a-s_finite.o)
                0x00085710                finite
 .text.matherr  0x0008571c        0x4 f:/harvester/arduino/packages/arduino/tools/arm-none-eabi-gcc/4.8.3-2014q1/bin/../lib/gcc/arm-none-eabi/4.8.3/../../../../arm-none-eabi/lib/armv7-m\libm.a(lib_a-s_matherr.o)
                0x0008571c                matherr
 .text.nan      0x00085720        0xc f:/harvester/arduino/packages/arduino/tools/arm-none-eabi-gcc/4.8.3-2014q1/bin/../lib/gcc/arm-none-eabi/4.8.3/../../../../arm-none-eabi/lib/armv7-m\libm.a(lib_a-s_nan.o)
                0x00085720                nan
 .text.rint     0x0008572c      0x118 f:/harvester/arduino/packages/arduino/tools/arm-none-eabi-gcc/4.8.3-2014q1/bin/../lib/gcc/arm-none-eabi/4.8.3/../../../../arm-none-eabi/lib/armv7-m\libm.a(lib_a-s_rint.o)
                0x0008572c                rint
 *fill*         0x00085844        0x4 
 .text.scalbn   0x00085848      0x100 f:/harvester/arduino/packages/arduino/tools/arm-none-eabi-gcc/4.8.3-2014q1/bin/../lib/gcc/arm-none-eabi/4.8.3/../../../../arm-none-eabi/lib/armv7-m\libm.a(lib_a-s_scalbn.o)
                0x00085848                scalbn
 .text.copysign
                0x00085948       0x14 f:/harvester/arduino/packages/arduino/tools/arm-none-eabi-gcc/4.8.3-2014q1/bin/../lib/gcc/arm-none-eabi/4.8.3/../../../../arm-none-eabi/lib/armv7-m\libm.a(lib_a-s_copysign.o)
                0x00085948                copysign
 .text          0x0008595c      0x370 f:/harvester/arduino/packages/arduino/tools/arm-none-eabi-gcc/4.8.3-2014q1/bin/../lib/gcc/arm-none-eabi/4.8.3/armv7-m\libgcc.a(_arm_addsubdf3.o)
                0x0008595c                __aeabi_drsub
                0x00085964                __aeabi_dsub
                0x00085964                __subdf3
                0x00085968                __aeabi_dadd
                0x00085968                __adddf3
                0x00085be0                __floatunsidf
                0x00085be0                __aeabi_ui2d
                0x00085c00                __floatsidf
                0x00085c00                __aeabi_i2d
                0x00085c24                __aeabi_f2d
                0x00085c24                __extendsfdf2
                0x00085c60                __floatundidf
                0x00085c60                __aeabi_ul2d
                0x00085c70                __floatdidf
                0x00085c70                __aeabi_l2d
 .text          0x00085ccc      0x424 f:/harvester/arduino/packages/arduino/tools/arm-none-eabi-gcc/4.8.3-2014q1/bin/../lib/gcc/arm-none-eabi/4.8.3/armv7-m\libgcc.a(_arm_muldivdf3.o)
                0x00085ccc                __aeabi_dmul
                0x00085ccc                __muldf3
                0x00085f20                __divdf3
                0x00085f20                __aeabi_ddiv
 .text          0x000860f0      0x110 f:/harvester/arduino/packages/arduino/tools/arm-none-eabi-gcc/4.8.3-2014q1/bin/../lib/gcc/arm-none-eabi/4.8.3/armv7-m\libgcc.a(_arm_cmpdf2.o)
                0x000860f0                __gtdf2
                0x000860f0                __gedf2
                0x000860f8                __ltdf2
                0x000860f8                __ledf2
                0x00086100                __nedf2
                0x00086100                __eqdf2
                0x00086100                __cmpdf2
                0x0008617c                __aeabi_cdrcmple
                0x0008618c                __aeabi_cdcmpeq
                0x0008618c                __aeabi_cdcmple
                0x0008619c                __aeabi_dcmpeq
                0x000861b0                __aeabi_dcmplt
                0x000861c4                __aeabi_dcmple
                0x000861d8                __aeabi_dcmpge
                0x000861ec                __aeabi_dcmpgt
 .text          0x00086200       0x50 f:/harvester/arduino/packages/arduino/tools/arm-none-eabi-gcc/4.8.3-2014q1/bin/../lib/gcc/arm-none-eabi/4.8.3/armv7-m\libgcc.a(_arm_fixdfsi.o)
                0x00086200                __aeabi_d2iz
                0x00086200                __fixdfsi
 .text.__errno  0x00086250        0xc f:/harvester/arduino/packages/arduino/tools/arm-none-eabi-gcc/4.8.3-2014q1/bin/../lib/gcc/arm-none-eabi/4.8.3/../../../../arm-none-eabi/lib/armv7-m\libc.a(lib_a-errno.o)
                0x00086250                __errno
 .text.__libc_init_array
                0x0008625c       0x50 f:/harvester/arduino/packages/arduino/tools/arm-none-eabi-gcc/4.8.3-2014q1/bin/../lib/gcc/arm-none-eabi/4.8.3/../../../../arm-none-eabi/lib/armv7-m\libc.a(lib_a-init.o)
                0x0008625c                __libc_init_array
 .text.malloc   0x000862ac       0x10 f:/harvester/arduino/packages/arduino/tools/arm-none-eabi-gcc/4.8.3-2014q1/bin/../lib/gcc/arm-none-eabi/4.8.3/../../../../arm-none-eabi/lib/armv7-m\libc.a(lib_a-malloc.o)
                0x000862ac                malloc
 .text._malloc_r
                0x000862bc      0x538 f:/harvester/arduino/packages/arduino/tools/arm-none-eabi-gcc/4.8.3-2014q1/bin/../lib/gcc/arm-none-eabi/4.8.3/../../../../arm-none-eabi/lib/armv7-m\libc.a(lib_a-mallocr.o)
                0x000862bc                _malloc_r
 .text          0x000867f4       0xec f:/harvester/arduino/packages/arduino/tools/arm-none-eabi-gcc/4.8.3-2014q1/bin/../lib/gcc/arm-none-eabi/4.8.3/../../../../arm-none-eabi/lib/armv7-m\libc.a(lib_a-memcpy.o)
                0x000867f4                memcpy
 .text.memset   0x000868e0       0x94 f:/harvester/arduino/packages/arduino/tools/arm-none-eabi-gcc/4.8.3-2014q1/bin/../lib/gcc/arm-none-eabi/4.8.3/../../../../arm-none-eabi/lib/armv7-m\libc.a(lib_a-memset.o)
                0x000868e0                memset
 .text.__malloc_lock
                0x00086974        0x4 f:/harvester/arduino/packages/arduino/tools/arm-none-eabi-gcc/4.8.3-2014q1/bin/../lib/gcc/arm-none-eabi/4.8.3/../../../../arm-none-eabi/lib/armv7-m\libc.a(lib_a-mlock.o)
                0x00086974                __malloc_lock
 .text.__malloc_unlock
                0x00086978        0x4 f:/harvester/arduino/packages/arduino/tools/arm-none-eabi-gcc/4.8.3-2014q1/bin/../lib/gcc/arm-none-eabi/4.8.3/../../../../arm-none-eabi/lib/armv7-m\libc.a(lib_a-mlock.o)
                0x00086978                __malloc_unlock
 .text._sbrk_r  0x0008697c       0x24 f:/harvester/arduino/packages/arduino/tools/arm-none-eabi-gcc/4.8.3-2014q1/bin/../lib/gcc/arm-none-eabi/4.8.3/../../../../arm-none-eabi/lib/armv7-m\libc.a(lib_a-sbrkr.o)
                0x0008697c                _sbrk_r
 .text.strlen   0x000869a0       0x60 f:/harvester/arduino/packages/arduino/tools/arm-none-eabi-gcc/4.8.3-2014q1/bin/../lib/gcc/arm-none-eabi/4.8.3/../../../../arm-none-eabi/lib/armv7-m\libc.a(lib_a-strlen.o)
                0x000869a0                strlen
 .text.kill     0x00086a00       0x10 f:/harvester/arduino/packages/arduino/tools/arm-none-eabi-gcc/4.8.3-2014q1/bin/../lib/gcc/arm-none-eabi/4.8.3/../../../../arm-none-eabi/lib/armv7-m\libc.a(lib_a-syskill.o)
                0x00086a00                kill
 .text.startup.register_fini
                0x00086a10       0x14 f:/harvester/arduino/packages/arduino/tools/arm-none-eabi-gcc/4.8.3-2014q1/bin/../lib/gcc/arm-none-eabi/4.8.3/../../../../arm-none-eabi/lib/armv7-m\libc.a(lib_a-__call_atexit.o)
 .text.atexit   0x00086a24        0xc f:/harvester/arduino/packages/arduino/tools/arm-none-eabi-gcc/4.8.3-2014q1/bin/../lib/gcc/arm-none-eabi/4.8.3/../../../../arm-none-eabi/lib/armv7-m\libc.a(lib_a-atexit.o)
                0x00086a24                atexit
 .text.__libc_fini_array
                0x00086a30       0x30 f:/harvester/arduino/packages/arduino/tools/arm-none-eabi-gcc/4.8.3-2014q1/bin/../lib/gcc/arm-none-eabi/4.8.3/../../../../arm-none-eabi/lib/armv7-m\libc.a(lib_a-fini.o)
                0x00086a30                __libc_fini_array
 .text._malloc_trim_r
                0x00086a60       0x9c f:/harvester/arduino/packages/arduino/tools/arm-none-eabi-gcc/4.8.3-2014q1/bin/../lib/gcc/arm-none-eabi/4.8.3/../../../../arm-none-eabi/lib/armv7-m\libc.a(lib_a-freer.o)
                0x00086a60                _malloc_trim_r
 .text._free_r  0x00086afc      0x198 f:/harvester/arduino/packages/arduino/tools/arm-none-eabi-gcc/4.8.3-2014q1/bin/../lib/gcc/arm-none-eabi/4.8.3/../../../../arm-none-eabi/lib/armv7-m\libc.a(lib_a-freer.o)
                0x00086afc                _free_r
 .text._kill_r  0x00086c94       0x28 f:/harvester/arduino/packages/arduino/tools/arm-none-eabi-gcc/4.8.3-2014q1/bin/../lib/gcc/arm-none-eabi/4.8.3/../../../../arm-none-eabi/lib/armv7-m\libc.a(lib_a-signalr.o)
                0x00086c94                _kill_r
 .text.__register_exitproc
                0x00086cbc       0xa8 f:/harvester/arduino/packages/arduino/tools/arm-none-eabi-gcc/4.8.3-2014q1/bin/../lib/gcc/arm-none-eabi/4.8.3/../../../../arm-none-eabi/lib/armv7-m\libc.a(lib_a-__atexit.o)
                0x00086cbc                __register_exitproc
 *(.glue_7t)
 .glue_7t       0x00000000        0x0 linker stubs
 *(.glue_7)
 .glue_7        0x00000000        0x0 linker stubs
 *(.rodata .rodata* .gnu.linkonce.r.*)
 .rodata.str1.1
                0x00086d64       0x22 Collective.cpp.o
 .rodata.str1.1
                0x00086d86       0x68 VM_DBG\VM_DBG.cpp.o
                                 0x6a (size before relaxing)
 *fill*         0x00086dee        0x2 
 .rodata._ZTV4HID_
                0x00086df0       0x18 HID\HID.cpp.o
                0x00086df0                vtable for HID_
 .rodata._ZL20_hidReportDescriptor
                0x00086e08       0x36 Mouse\Mouse.cpp.o
 *fill*         0x00086e3e        0x2 
 .rodata._ZTV11DynamicHID_
                0x00086e40       0x18 Joystick\DynamicHID\DynamicHID.cpp.o
                0x00086e40                vtable for DynamicHID_
 .rodata.g_APinDescription
                0x00086e58      0xa2c C:\Users\ffala\AppData\Local\Temp\VMBCore\arduino16x\7a4909f3a6a1f5fe91c5c91f732cc135\variant\variant.cpp.o
                0x00086e58                g_APinDescription
 .rodata        0x00087884       0x40 F:\HarvesteR\Arduino\packages\arduino\hardware\sam\1.6.12\variants\arduino_due_x/libsam_sam3x8e_gcc_rel.a(adc.o)
 .rodata.str1.1
                0x000878c4        0xc C:\Users\ffala\AppData\Local\Temp\VMBuilds\Collective\arduino_due_x\Debug/core.a(Print.cpp.o)
                                  0xf (size before relaxing)
 .rodata._ZTV9UARTClass
                0x000878d0       0x30 C:\Users\ffala\AppData\Local\Temp\VMBuilds\Collective\arduino_due_x\Debug/core.a(UARTClass.cpp.o)
                0x000878d0                vtable for UARTClass
 .rodata._ZTV10USARTClass
                0x00087900       0x30 C:\Users\ffala\AppData\Local\Temp\VMBuilds\Collective\arduino_due_x\Debug/core.a(USARTClass.cpp.o)
                0x00087900                vtable for USARTClass
 .rodata._ZTV7Serial_
                0x00087930       0x28 C:\Users\ffala\AppData\Local\Temp\VMBuilds\Collective\arduino_due_x\Debug/core.a(CDC.cpp.o)
                0x00087930                vtable for Serial_
 .rodata._ZL18_cdcOtherInterface
                0x00087958       0x42 C:\Users\ffala\AppData\Local\Temp\VMBuilds\Collective\arduino_due_x\Debug/core.a(CDC.cpp.o)
 .rodata._ZL13_cdcInterface
                0x0008799a       0x42 C:\Users\ffala\AppData\Local\Temp\VMBuilds\Collective\arduino_due_x\Debug/core.a(CDC.cpp.o)
 .rodata.STRING_PRODUCT
                0x000879dc        0xc C:\Users\ffala\AppData\Local\Temp\VMBuilds\Collective\arduino_due_x\Debug/core.a(USBCore.cpp.o)
                0x000879dc                STRING_PRODUCT
 .rodata.USB_DeviceDescriptor
                0x000879e8       0x12 C:\Users\ffala\AppData\Local\Temp\VMBuilds\Collective\arduino_due_x\Debug/core.a(USBCore.cpp.o)
                0x000879e8                USB_DeviceDescriptor
 .rodata.STRING_LANGUAGE
                0x000879fa        0x4 C:\Users\ffala\AppData\Local\Temp\VMBuilds\Collective\arduino_due_x\Debug/core.a(USBCore.cpp.o)
                0x000879fa                STRING_LANGUAGE
 .rodata._ZL18test_packet_buffer
                0x000879fe       0x35 C:\Users\ffala\AppData\Local\Temp\VMBuilds\Collective\arduino_due_x\Debug/core.a(USBCore.cpp.o)
 .rodata.STRING_MANUFACTURER
                0x00087a33        0xc C:\Users\ffala\AppData\Local\Temp\VMBuilds\Collective\arduino_due_x\Debug/core.a(USBCore.cpp.o)
                0x00087a33                STRING_MANUFACTURER
 .rodata.USB_DeviceDescriptorA
                0x00087a3f       0x12 C:\Users\ffala\AppData\Local\Temp\VMBuilds\Collective\arduino_due_x\Debug/core.a(USBCore.cpp.o)
                0x00087a3f                USB_DeviceDescriptorA
 .rodata._ZL19USB_DeviceQualifier
                0x00087a51        0x9 C:\Users\ffala\AppData\Local\Temp\VMBuilds\Collective\arduino_due_x\Debug/core.a(USBCore.cpp.o)
 *fill*         0x00087a5a        0x2 
 .rodata.str1.4
                0x00087a5c        0x4 f:/harvester/arduino/packages/arduino/tools/arm-none-eabi-gcc/4.8.3-2014q1/bin/../lib/gcc/arm-none-eabi/4.8.3/../../../../arm-none-eabi/lib/armv7-m\libm.a(lib_a-w_pow.o)
 .rodata.dp_h   0x00087a60       0x10 f:/harvester/arduino/packages/arduino/tools/arm-none-eabi-gcc/4.8.3-2014q1/bin/../lib/gcc/arm-none-eabi/4.8.3/../../../../arm-none-eabi/lib/armv7-m\libm.a(lib_a-e_pow.o)
 .rodata.dp_l   0x00087a70       0x10 f:/harvester/arduino/packages/arduino/tools/arm-none-eabi-gcc/4.8.3-2014q1/bin/../lib/gcc/arm-none-eabi/4.8.3/../../../../arm-none-eabi/lib/armv7-m\libm.a(lib_a-e_pow.o)
 .rodata.bp     0x00087a80       0x10 f:/harvester/arduino/packages/arduino/tools/arm-none-eabi-gcc/4.8.3-2014q1/bin/../lib/gcc/arm-none-eabi/4.8.3/../../../../arm-none-eabi/lib/armv7-m\libm.a(lib_a-e_pow.o)
 .rodata.str1.4
                0x00087a90        0x1 f:/harvester/arduino/packages/arduino/tools/arm-none-eabi-gcc/4.8.3-2014q1/bin/../lib/gcc/arm-none-eabi/4.8.3/../../../../arm-none-eabi/lib/armv7-m\libm.a(lib_a-e_pow.o)
                                  0x4 (size before relaxing)
 *fill*         0x00087a91        0x7 
 .rodata.atanlo
                0x00087a98       0x20 f:/harvester/arduino/packages/arduino/tools/arm-none-eabi-gcc/4.8.3-2014q1/bin/../lib/gcc/arm-none-eabi/4.8.3/../../../../arm-none-eabi/lib/armv7-m\libm.a(lib_a-s_atan.o)
 .rodata.atanhi
                0x00087ab8       0x20 f:/harvester/arduino/packages/arduino/tools/arm-none-eabi-gcc/4.8.3-2014q1/bin/../lib/gcc/arm-none-eabi/4.8.3/../../../../arm-none-eabi/lib/armv7-m\libm.a(lib_a-s_atan.o)
 .rodata.TWO52  0x00087ad8       0x10 f:/harvester/arduino/packages/arduino/tools/arm-none-eabi-gcc/4.8.3-2014q1/bin/../lib/gcc/arm-none-eabi/4.8.3/../../../../arm-none-eabi/lib/armv7-m\libm.a(lib_a-s_rint.o)
 .rodata.str1.4
                0x00087ae8        0x4 f:/harvester/arduino/packages/arduino/tools/arm-none-eabi-gcc/4.8.3-2014q1/bin/../lib/gcc/arm-none-eabi/4.8.3/../../../../arm-none-eabi/lib/armv7-m\libc.a(lib_a-impure.o)
 .rodata._global_impure_ptr
                0x00087aec        0x4 f:/harvester/arduino/packages/arduino/tools/arm-none-eabi-gcc/4.8.3-2014q1/bin/../lib/gcc/arm-none-eabi/4.8.3/../../../../arm-none-eabi/lib/armv7-m\libc.a(lib_a-impure.o)
                0x00087aec                _global_impure_ptr
 *(.ARM.extab* .gnu.linkonce.armextab.*)
                0x00087af0                . = ALIGN (0x4)
 *(.init)
 .init          0x00087af0        0x4 f:/harvester/arduino/packages/arduino/tools/arm-none-eabi-gcc/4.8.3-2014q1/bin/../lib/gcc/arm-none-eabi/4.8.3/armv7-m/crti.o
                0x00087af0                _init
 .init          0x00087af4        0x8 f:/harvester/arduino/packages/arduino/tools/arm-none-eabi-gcc/4.8.3-2014q1/bin/../lib/gcc/arm-none-eabi/4.8.3/armv7-m/crtn.o
                0x00087afc                . = ALIGN (0x4)
                0x00087afc                __preinit_array_start = .
 *(.preinit_array)
                0x00087afc                __preinit_array_end = .
                0x00087afc                . = ALIGN (0x4)
                0x00087afc                __init_array_start = .
 *(SORT(.init_array.*))
 .init_array.00000
                0x00087afc        0x4 f:/harvester/arduino/packages/arduino/tools/arm-none-eabi-gcc/4.8.3-2014q1/bin/../lib/gcc/arm-none-eabi/4.8.3/../../../../arm-none-eabi/lib/armv7-m\libc.a(lib_a-__call_atexit.o)
 *(.init_array)
 .init_array    0x00087b00        0x4 f:/harvester/arduino/packages/arduino/tools/arm-none-eabi-gcc/4.8.3-2014q1/bin/../lib/gcc/arm-none-eabi/4.8.3/armv7-m/crtbegin.o
 .init_array    0x00087b04        0x4 Collective.cpp.o
 .init_array    0x00087b08        0x4 VM_DBG\VM_DBG.cpp.o
 .init_array    0x00087b0c        0x4 Mouse\Mouse.cpp.o
 .init_array    0x00087b10        0x4 C:\Users\ffala\AppData\Local\Temp\VMBCore\arduino16x\7a4909f3a6a1f5fe91c5c91f732cc135\variant\variant.cpp.o
 .init_array    0x00087b14        0x4 C:\Users\ffala\AppData\Local\Temp\VMBuilds\Collective\arduino_due_x\Debug/core.a(CDC.cpp.o)
 .init_array    0x00087b18        0x4 C:\Users\ffala\AppData\Local\Temp\VMBuilds\Collective\arduino_due_x\Debug/core.a(USBCore.cpp.o)
                0x00087b1c                __init_array_end = .
                0x00087b1c                . = ALIGN (0x4)
 *crtbegin.o(.ctors)
 *(EXCLUDE_FILE(*crtend.o) .ctors)
 *(SORT(.ctors.*))
 *crtend.o(.ctors)
                0x00087b1c                . = ALIGN (0x4)
 *(.fini)
 .fini          0x00087b1c        0x4 f:/harvester/arduino/packages/arduino/tools/arm-none-eabi-gcc/4.8.3-2014q1/bin/../lib/gcc/arm-none-eabi/4.8.3/armv7-m/crti.o
                0x00087b1c                _fini
 .fini          0x00087b20        0x8 f:/harvester/arduino/packages/arduino/tools/arm-none-eabi-gcc/4.8.3-2014q1/bin/../lib/gcc/arm-none-eabi/4.8.3/armv7-m/crtn.o
                0x00087b28                . = ALIGN (0x4)
                0x00087b28                __fini_array_start = .
 *(.fini_array)
 .fini_array    0x00087b28        0x4 f:/harvester/arduino/packages/arduino/tools/arm-none-eabi-gcc/4.8.3-2014q1/bin/../lib/gcc/arm-none-eabi/4.8.3/armv7-m/crtbegin.o
 *(SORT(.fini_array.*))
                0x00087b2c                __fini_array_end = .
 *crtbegin.o(.dtors)
 *(EXCLUDE_FILE(*crtend.o) .dtors)
 *(SORT(.dtors.*))
 *crtend.o(.dtors)
                0x00087b2c                . = ALIGN (0x4)
                0x00087b2c                _efixed = .
                0x00087b2c                PROVIDE (__exidx_start, .)

.vfp11_veneer   0x00087b2c        0x0
 .vfp11_veneer  0x00000000        0x0 linker stubs

.v4_bx          0x00087b2c        0x0
 .v4_bx         0x00000000        0x0 linker stubs

.iplt           0x00087b2c        0x0
 .iplt          0x00000000        0x0 f:/harvester/arduino/packages/arduino/tools/arm-none-eabi-gcc/4.8.3-2014q1/bin/../lib/gcc/arm-none-eabi/4.8.3/armv7-m/crtbegin.o

.eh_frame       0x00087b2c        0x0
 .eh_frame      0x00087b2c        0x0 f:/harvester/arduino/packages/arduino/tools/arm-none-eabi-gcc/4.8.3-2014q1/bin/../lib/gcc/arm-none-eabi/4.8.3/armv7-m/crtbegin.o

.rel.dyn        0x00087b2c        0x0
 .rel.iplt      0x00000000        0x0 f:/harvester/arduino/packages/arduino/tools/arm-none-eabi-gcc/4.8.3-2014q1/bin/../lib/gcc/arm-none-eabi/4.8.3/armv7-m/crtbegin.o

.jcr            0x00087b2c        0x0
 .jcr           0x00087b2c        0x0 f:/harvester/arduino/packages/arduino/tools/arm-none-eabi-gcc/4.8.3-2014q1/bin/../lib/gcc/arm-none-eabi/4.8.3/armv7-m/crtbegin.o

.igot.plt       0x00087b2c        0x0
 .igot.plt      0x00000000        0x0 f:/harvester/arduino/packages/arduino/tools/arm-none-eabi-gcc/4.8.3-2014q1/bin/../lib/gcc/arm-none-eabi/4.8.3/armv7-m/crtbegin.o

.ARM.exidx
 *(.ARM.exidx* .gnu.linkonce.armexidx.*)
                0x00087b2c                PROVIDE (__exidx_end, .)
                0x00087b2c                . = ALIGN (0x4)
                0x00087b2c                _etext = .

.relocate       0x20070000      0x8bc load address 0x00087b2c
                0x20070000                . = ALIGN (0x4)
                0x20070000                _srelocate = .
 *(.ramfunc .ramfunc.*)
 .ramfunc       0x20070000       0x2c C:\Users\ffala\AppData\Local\Temp\VMBuilds\Collective\arduino_due_x\Debug/core.a(Reset.cpp.o)
                0x20070000                banzai
 *(.data .data.*)
 .data.rtrLockTimeMS
                0x2007002c        0x4 Collective.cpp.o
                0x2007002c                rtrLockTimeMS
 .data.SystemCoreClock
                0x20070030        0x4 F:\HarvesteR\Arduino\packages\arduino\hardware\sam\1.6.12\variants\arduino_due_x/libsam_sam3x8e_gcc_rel.a(system_sam3xa.o)
                0x20070030                SystemCoreClock
 .data.latestSelectedChannel.9384
                0x20070034        0x4 C:\Users\ffala\AppData\Local\Temp\VMBuilds\Collective\arduino_due_x\Debug/core.a(wiring_analog.c.o)
 .data._readResolution
                0x20070038        0x4 C:\Users\ffala\AppData\Local\Temp\VMBuilds\Collective\arduino_due_x\Debug/core.a(wiring_analog.c.o)
 .data._ZL5ticks
                0x2007003c        0x4 C:\Users\ffala\AppData\Local\Temp\VMBuilds\Collective\arduino_due_x\Debug/core.a(Reset.cpp.o)
 .data._ZL10breakValue
                0x20070040        0x4 C:\Users\ffala\AppData\Local\Temp\VMBuilds\Collective\arduino_due_x\Debug/core.a(CDC.cpp.o)
 .data._ZL12_usbLineInfo
                0x20070044        0x8 C:\Users\ffala\AppData\Local\Temp\VMBuilds\Collective\arduino_due_x\Debug/core.a(CDC.cpp.o)
 .data.EndPoints
                0x2007004c       0x28 C:\Users\ffala\AppData\Local\Temp\VMBuilds\Collective\arduino_due_x\Debug/core.a(USBCore.cpp.o)
                0x2007004c                EndPoints
 .data.g_interrupt_enabled
                0x20070074        0x4 F:\HarvesteR\Arduino\packages\arduino\hardware\sam\1.6.12\variants\arduino_due_x/libsam_sam3x8e_gcc_rel.a(interrupt_sam_nvic.o)
                0x20070074                g_interrupt_enabled
 .data.__fdlib_version
                0x20070078        0x1 f:/harvester/arduino/packages/arduino/tools/arm-none-eabi-gcc/4.8.3-2014q1/bin/../lib/gcc/arm-none-eabi/4.8.3/../../../../arm-none-eabi/lib/armv7-m\libm.a(lib_a-s_lib_ver.o)
                0x20070078                __fdlib_version
 *fill*         0x20070079        0x7 
 .data.impure_data
                0x20070080      0x428 f:/harvester/arduino/packages/arduino/tools/arm-none-eabi-gcc/4.8.3-2014q1/bin/../lib/gcc/arm-none-eabi/4.8.3/../../../../arm-none-eabi/lib/armv7-m\libc.a(lib_a-impure.o)
 .data._impure_ptr
                0x200704a8        0x4 f:/harvester/arduino/packages/arduino/tools/arm-none-eabi-gcc/4.8.3-2014q1/bin/../lib/gcc/arm-none-eabi/4.8.3/../../../../arm-none-eabi/lib/armv7-m\libc.a(lib_a-impure.o)
                0x200704a8                _impure_ptr
 .data.__malloc_av_
                0x200704ac      0x408 f:/harvester/arduino/packages/arduino/tools/arm-none-eabi-gcc/4.8.3-2014q1/bin/../lib/gcc/arm-none-eabi/4.8.3/../../../../arm-none-eabi/lib/armv7-m\libc.a(lib_a-mallocr.o)
                0x200704ac                __malloc_av_
 .data.__malloc_trim_threshold
                0x200708b4        0x4 f:/harvester/arduino/packages/arduino/tools/arm-none-eabi-gcc/4.8.3-2014q1/bin/../lib/gcc/arm-none-eabi/4.8.3/../../../../arm-none-eabi/lib/armv7-m\libc.a(lib_a-mallocr.o)
                0x200708b4                __malloc_trim_threshold
 .data.__malloc_sbrk_base
                0x200708b8        0x4 f:/harvester/arduino/packages/arduino/tools/arm-none-eabi-gcc/4.8.3-2014q1/bin/../lib/gcc/arm-none-eabi/4.8.3/../../../../arm-none-eabi/lib/armv7-m\libc.a(lib_a-mallocr.o)
                0x200708b8                __malloc_sbrk_base
                0x200708bc                . = ALIGN (0x4)
                0x200708bc                _erelocate = .

.bss            0x200708bc      0xcfc load address 0x000883e8
                0x200708bc                . = ALIGN (0x4)
                0x200708bc                _sbss = .
                0x200708bc                _szero = .
 *(.bss .bss.*)
 .bss           0x200708bc       0x1c f:/harvester/arduino/packages/arduino/tools/arm-none-eabi-gcc/4.8.3-2014q1/bin/../lib/gcc/arm-none-eabi/4.8.3/armv7-m/crtbegin.o
 .bss.zOut      0x200708d8        0x8 Collective.cpp.o
                0x200708d8                zOut
 .bss.stickAngle
                0x200708e0        0x8 Collective.cpp.o
                0x200708e0                stickAngle
 .bss.tLastCrsRecenter
                0x200708e8        0x4 Collective.cpp.o
                0x200708e8                tLastCrsRecenter
 *fill*         0x200708ec        0x4 
 .bss.tOut      0x200708f0        0x8 Collective.cpp.o
                0x200708f0                tOut
 .bss.xOut      0x200708f8        0x8 Collective.cpp.o
                0x200708f8                xOut
 .bss.headA     0x20070900        0x4 Collective.cpp.o
                0x20070900                headA
 .bss.headB     0x20070904        0x4 Collective.cpp.o
                0x20070904                headB
 .bss.headC     0x20070908        0x4 Collective.cpp.o
                0x20070908                headC
 .bss.headD     0x2007090c        0x4 Collective.cpp.o
                0x2007090c                headD
 .bss.headE     0x20070910        0x4 Collective.cpp.o
                0x20070910                headE
 *fill*         0x20070914        0x4 
 .bss.axisRX    0x20070918       0x20 Collective.cpp.o
                0x20070918                axisRX
 .bss.axisRY    0x20070938       0x20 Collective.cpp.o
                0x20070938                axisRY
 .bss.rtr2      0x20070958       0x14 Collective.cpp.o
                0x20070958                rtr2
 *fill*         0x2007096c        0x4 
 .bss.axisY     0x20070970       0x20 Collective.cpp.o
                0x20070970                axisY
 .bss.rtr0      0x20070990       0x14 Collective.cpp.o
                0x20070990                rtr0
 .bss.rtr1      0x200709a4       0x14 Collective.cpp.o
                0x200709a4                rtr1
 .bss.navAngle  0x200709b8        0x4 Collective.cpp.o
                0x200709b8                navAngle
 .bss.rot6      0x200709bc       0x14 Collective.cpp.o
                0x200709bc                rot6
 .bss.ryOut     0x200709d0        0x8 Collective.cpp.o
                0x200709d0                ryOut
 .bss.useThbCursor
                0x200709d8        0x1 Collective.cpp.o
                0x200709d8                useThbCursor
 *fill*         0x200709d9        0x3 
 .bss.rot4      0x200709dc       0x14 Collective.cpp.o
                0x200709dc                rot4
 .bss.useThbstickHat
                0x200709f0        0x1 Collective.cpp.o
                0x200709f0                useThbstickHat
 *fill*         0x200709f1        0x3 
 .bss.joystick  0x200709f4       0x54 Collective.cpp.o
                0x200709f4                joystick
 .bss.tgl0L     0x20070a48        0x1 Collective.cpp.o
                0x20070a48                tgl0L
 *fill*         0x20070a49        0x7 
 .bss.axisX     0x20070a50       0x20 Collective.cpp.o
                0x20070a50                axisX
 .bss.rot3      0x20070a70       0x14 Collective.cpp.o
                0x20070a70                rot3
 .bss.mils      0x20070a84        0x4 Collective.cpp.o
                0x20070a84                mils
 .bss.rot5      0x20070a88       0x14 Collective.cpp.o
                0x20070a88                rot5
 .bss._VM_AUTO_REPORT_LAST_MS_
                0x20070a9c        0x4 Collective.cpp.o
                0x20070a9c                _VM_AUTO_REPORT_LAST_MS_
 .bss.useScrollWheel
                0x20070aa0        0x1 Collective.cpp.o
                0x20070aa0                useScrollWheel
 *fill*         0x20070aa1        0x7 
 .bss.axisColl  0x20070aa8       0x20 Collective.cpp.o
                0x20070aa8                axisColl
 .bss.t_ForePanel_Tgl0
                0x20070ac8        0x4 Collective.cpp.o
                0x20070ac8                t_ForePanel_Tgl0
 *fill*         0x20070acc        0x4 
 .bss.yOut      0x20070ad0        0x8 Collective.cpp.o
                0x20070ad0                yOut
 .bss.hatAngle  0x20070ad8        0x4 Collective.cpp.o
                0x20070ad8                hatAngle
 *fill*         0x20070adc        0x4 
 .bss.rxOut     0x20070ae0        0x8 Collective.cpp.o
                0x20070ae0                rxOut
 .bss.axisTwist
                0x20070ae8       0x20 Collective.cpp.o
                0x20070ae8                axisTwist
 .bss.tgl0R     0x20070b08        0x1 Collective.cpp.o
                0x20070b08                tgl0R
 *fill*         0x20070b09        0x3 
 .bss.MicroDebug
                0x20070b0c       0x48 VM_DBG\VM_DBG.cpp.o
                0x20070b0c                MicroDebug
 .bss._ZGVZ3HIDvE3obj
                0x20070b54        0x4 HID\HID.cpp.o
 .bss._ZZ3HIDvE3obj
                0x20070b58       0x1c HID\HID.cpp.o
 .bss.Mouse     0x20070b74        0x1 Mouse\Mouse.cpp.o
                0x20070b74                Mouse
 *fill*         0x20070b75        0x3 
 .bss._ZGVZN6Mouse_C1EvE4node
                0x20070b78        0x4 Mouse\Mouse.cpp.o
 .bss._ZZN6Mouse_C1EvE4node
                0x20070b7c        0xc Mouse\Mouse.cpp.o
 .bss._ZZ10DynamicHIDvE3obj
                0x20070b88       0x1c Joystick\DynamicHID\DynamicHID.cpp.o
 .bss._ZGVZ10DynamicHIDvE3obj
                0x20070ba4        0x4 Joystick\DynamicHID\DynamicHID.cpp.o
 .bss.tx_buffer2
                0x20070ba8       0x88 C:\Users\ffala\AppData\Local\Temp\VMBCore\arduino16x\7a4909f3a6a1f5fe91c5c91f732cc135\variant\variant.cpp.o
                0x20070ba8                tx_buffer2
 .bss.tx_buffer1
                0x20070c30       0x88 C:\Users\ffala\AppData\Local\Temp\VMBCore\arduino16x\7a4909f3a6a1f5fe91c5c91f732cc135\variant\variant.cpp.o
                0x20070c30                tx_buffer1
 .bss.Serial    0x20070cb8       0x24 C:\Users\ffala\AppData\Local\Temp\VMBCore\arduino16x\7a4909f3a6a1f5fe91c5c91f732cc135\variant\variant.cpp.o
                0x20070cb8                Serial
 .bss.rx_buffer1
                0x20070cdc       0x88 C:\Users\ffala\AppData\Local\Temp\VMBCore\arduino16x\7a4909f3a6a1f5fe91c5c91f732cc135\variant\variant.cpp.o
                0x20070cdc                rx_buffer1
 .bss.Serial1   0x20070d64       0x28 C:\Users\ffala\AppData\Local\Temp\VMBCore\arduino16x\7a4909f3a6a1f5fe91c5c91f732cc135\variant\variant.cpp.o
                0x20070d64                Serial1
 .bss.Serial2   0x20070d8c       0x28 C:\Users\ffala\AppData\Local\Temp\VMBCore\arduino16x\7a4909f3a6a1f5fe91c5c91f732cc135\variant\variant.cpp.o
                0x20070d8c                Serial2
 .bss.Serial3   0x20070db4       0x28 C:\Users\ffala\AppData\Local\Temp\VMBCore\arduino16x\7a4909f3a6a1f5fe91c5c91f732cc135\variant\variant.cpp.o
                0x20070db4                Serial3
 .bss.tx_buffer3
                0x20070ddc       0x88 C:\Users\ffala\AppData\Local\Temp\VMBCore\arduino16x\7a4909f3a6a1f5fe91c5c91f732cc135\variant\variant.cpp.o
                0x20070ddc                tx_buffer3
 .bss.tx_buffer4
                0x20070e64       0x88 C:\Users\ffala\AppData\Local\Temp\VMBCore\arduino16x\7a4909f3a6a1f5fe91c5c91f732cc135\variant\variant.cpp.o
                0x20070e64                tx_buffer4
 .bss.g_pinStatus
                0x20070eec       0x4f C:\Users\ffala\AppData\Local\Temp\VMBCore\arduino16x\7a4909f3a6a1f5fe91c5c91f732cc135\variant\variant.cpp.o
                0x20070eec                g_pinStatus
 *fill*         0x20070f3b        0x1 
 .bss.rx_buffer2
                0x20070f3c       0x88 C:\Users\ffala\AppData\Local\Temp\VMBCore\arduino16x\7a4909f3a6a1f5fe91c5c91f732cc135\variant\variant.cpp.o
                0x20070f3c                rx_buffer2
 .bss.rx_buffer3
                0x20070fc4       0x88 C:\Users\ffala\AppData\Local\Temp\VMBCore\arduino16x\7a4909f3a6a1f5fe91c5c91f732cc135\variant\variant.cpp.o
                0x20070fc4                rx_buffer3
 .bss.rx_buffer4
                0x2007104c       0x88 C:\Users\ffala\AppData\Local\Temp\VMBCore\arduino16x\7a4909f3a6a1f5fe91c5c91f732cc135\variant\variant.cpp.o
                0x2007104c                rx_buffer4
 .bss.gpf_isr   0x200710d4        0x4 F:\HarvesteR\Arduino\packages\arduino\hardware\sam\1.6.12\variants\arduino_due_x/libsam_sam3x8e_gcc_rel.a(uotghs.o)
                0x200710d4                gpf_isr
 .bss.heap.6420
                0x200710d8        0x4 C:\Users\ffala\AppData\Local\Temp\VMBuilds\Collective\arduino_due_x\Debug/core.a(syscalls_sam3.c.o)
 .bss.enabled.9380
                0x200710dc        0x4 C:\Users\ffala\AppData\Local\Temp\VMBuilds\Collective\arduino_due_x\Debug/core.a(WInterrupts.c.o)
 .bss.callbacksPioA
                0x200710e0       0x80 C:\Users\ffala\AppData\Local\Temp\VMBuilds\Collective\arduino_due_x\Debug/core.a(WInterrupts.c.o)
 .bss.callbacksPioB
                0x20071160       0x80 C:\Users\ffala\AppData\Local\Temp\VMBuilds\Collective\arduino_due_x\Debug/core.a(WInterrupts.c.o)
 .bss.callbacksPioC
                0x200711e0       0x80 C:\Users\ffala\AppData\Local\Temp\VMBuilds\Collective\arduino_due_x\Debug/core.a(WInterrupts.c.o)
 .bss.callbacksPioD
                0x20071260       0x80 C:\Users\ffala\AppData\Local\Temp\VMBuilds\Collective\arduino_due_x\Debug/core.a(WInterrupts.c.o)
 .bss.cdc_rx_buffer
                0x200712e0      0x208 C:\Users\ffala\AppData\Local\Temp\VMBuilds\Collective\arduino_due_x\Debug/core.a(CDC.cpp.o)
                0x200712e0                cdc_rx_buffer
 .bss._ZZN7Serial_6acceptEvE5guard
                0x200714e8        0x4 C:\Users\ffala\AppData\Local\Temp\VMBuilds\Collective\arduino_due_x\Debug/core.a(CDC.cpp.o)
 .bss.SerialUSB
                0x200714ec       0x14 C:\Users\ffala\AppData\Local\Temp\VMBuilds\Collective\arduino_due_x\Debug/core.a(CDC.cpp.o)
                0x200714ec                SerialUSB
 .bss._ZZ12PluggableUSBvE3obj
                0x20071500        0x8 C:\Users\ffala\AppData\Local\Temp\VMBuilds\Collective\arduino_due_x\Debug/core.a(PluggableUSB.cpp.o)
 .bss._ZGVZ12PluggableUSBvE3obj
                0x20071508        0x4 C:\Users\ffala\AppData\Local\Temp\VMBuilds\Collective\arduino_due_x\Debug/core.a(PluggableUSB.cpp.o)
 .bss._cmark    0x2007150c        0x2 C:\Users\ffala\AppData\Local\Temp\VMBuilds\Collective\arduino_due_x\Debug/core.a(USBCore.cpp.o)
                0x2007150c                _cmark
 .bss._ZL14isEndpointHalt
                0x2007150e        0x1 C:\Users\ffala\AppData\Local\Temp\VMBuilds\Collective\arduino_due_x\Debug/core.a(USBCore.cpp.o)
 *fill*         0x2007150f        0x1 
 .bss._cdcComposite
                0x20071510        0x4 C:\Users\ffala\AppData\Local\Temp\VMBuilds\Collective\arduino_due_x\Debug/core.a(USBCore.cpp.o)
                0x20071510                _cdcComposite
 .bss._ZL21isRemoteWakeUpEnabled
                0x20071514        0x1 C:\Users\ffala\AppData\Local\Temp\VMBuilds\Collective\arduino_due_x\Debug/core.a(USBCore.cpp.o)
 *fill*         0x20071515        0x3 
 .bss._usbInitialized
                0x20071518        0x4 C:\Users\ffala\AppData\Local\Temp\VMBuilds\Collective\arduino_due_x\Debug/core.a(USBCore.cpp.o)
                0x20071518                _usbInitialized
 .bss.USBDevice
                0x2007151c        0x1 C:\Users\ffala\AppData\Local\Temp\VMBuilds\Collective\arduino_due_x\Debug/core.a(USBCore.cpp.o)
                0x2007151c                USBDevice
 *fill*         0x2007151d        0x3 
 .bss._usbSetInterface
                0x20071520        0x4 C:\Users\ffala\AppData\Local\Temp\VMBuilds\Collective\arduino_due_x\Debug/core.a(USBCore.cpp.o)
                0x20071520                _usbSetInterface
 .bss._cend     0x20071524        0x2 C:\Users\ffala\AppData\Local\Temp\VMBuilds\Collective\arduino_due_x\Debug/core.a(USBCore.cpp.o)
                0x20071524                _cend
 *fill*         0x20071526        0x2 
 .bss._usbConfiguration
                0x20071528        0x4 C:\Users\ffala\AppData\Local\Temp\VMBuilds\Collective\arduino_due_x\Debug/core.a(USBCore.cpp.o)
                0x20071528                _usbConfiguration
 .bss._dwTickCount
                0x2007152c        0x4 F:\HarvesteR\Arduino\packages\arduino\hardware\sam\1.6.12\variants\arduino_due_x/libsam_sam3x8e_gcc_rel.a(timetick.o)
 .bss.ul_recv_fifo_ptr
                0x20071530       0x28 F:\HarvesteR\Arduino\packages\arduino\hardware\sam\1.6.12\variants\arduino_due_x/libsam_sam3x8e_gcc_rel.a(uotghs_device.o)
 .bss.ul_send_fifo_ptr