Archive member included because of file (symbol)

C:\Users\ffala\AppData\Local\arduino15\packages\arduino\hardware\sam\1.6.12\variants\arduino_due_x/libsam_sam3x8e_gcc_rel.a(pio.o)
                              C:\Users\ffala\AppData\Local\Temp\VMBCore\arduino16x\922fc88d1652663fbabfa7e6c09952c9\variant\variant.cpp.o (PIO_Configure)
C:\Users\ffala\AppData\Local\arduino15\packages\arduino\hardware\sam\1.6.12\variants\arduino_due_x/libsam_sam3x8e_gcc_rel.a(pmc.o)
                              C:\Users\ffala\AppData\Local\Temp\VMBCore\arduino16x\922fc88d1652663fbabfa7e6c09952c9\variant\variant.cpp.o (pmc_enable_periph_clk)
C:\Users\ffala\AppData\Local\arduino15\packages\arduino\hardware\sam\1.6.12\variants\arduino_due_x/libsam_sam3x8e_gcc_rel.a(system_sam3xa.o)
                              C:\Users\ffala\AppData\Local\Temp\VMBCore\arduino16x\922fc88d1652663fbabfa7e6c09952c9\variant\variant.cpp.o (SystemInit)
C:\Users\ffala\AppData\Local\arduino15\packages\arduino\hardware\sam\1.6.12\variants\arduino_due_x/libsam_sam3x8e_gcc_rel.a(startup_sam3xa.o)
                              (Reset_Handler)
C:\Users\ffala\AppData\Local\arduino15\packages\arduino\hardware\sam\1.6.12\variants\arduino_due_x/libsam_sam3x8e_gcc_rel.a(adc.o)
                              C:\Users\ffala\AppData\Local\Temp\VMBCore\arduino16x\922fc88d1652663fbabfa7e6c09952c9\variant\variant.cpp.o (adc_init)
C:\Users\ffala\AppData\Local\arduino15\packages\arduino\hardware\sam\1.6.12\variants\arduino_due_x/libsam_sam3x8e_gcc_rel.a(uotghs.o)
                              C:\Users\ffala\AppData\Local\arduino15\packages\arduino\hardware\sam\1.6.12\variants\arduino_due_x/libsam_sam3x8e_gcc_rel.a(startup_sam3xa.o) (UOTGHS_Handler)
C:\Users\ffala\AppData\Local\Temp\VMBuilds\Collective\arduino_due_x\Debug/core.a(cortex_handlers.c.o)
                              C:\Users\ffala\AppData\Local\arduino15\packages\arduino\hardware\sam\1.6.12\variants\arduino_due_x/libsam_sam3x8e_gcc_rel.a(startup_sam3xa.o) (NMI_Handler)
C:\Users\ffala\AppData\Local\Temp\VMBuilds\Collective\arduino_due_x\Debug/core.a(hooks.c.o)
                              C:\Users\ffala\AppData\Local\Temp\VMBuilds\Collective\arduino_due_x\Debug/core.a(cortex_handlers.c.o) (sysTickHook)
C:\Users\ffala\AppData\Local\Temp\VMBuilds\Collective\arduino_due_x\Debug/core.a(syscalls_sam3.c.o)
                              (_sbrk)
C:\Users\ffala\AppData\Local\Temp\VMBuilds\Collective\arduino_due_x\Debug/core.a(WInterrupts.c.o)
                              Collective.cpp.o (attachInterrupt)
C:\Users\ffala\AppData\Local\Temp\VMBuilds\Collective\arduino_due_x\Debug/core.a(wiring.c.o)
                              Collective.cpp.o (millis)
C:\Users\ffala\AppData\Local\Temp\VMBuilds\Collective\arduino_due_x\Debug/core.a(wiring_analog.c.o)
                              Collective.cpp.o (analogReadResolution)
C:\Users\ffala\AppData\Local\Temp\VMBuilds\Collective\arduino_due_x\Debug/core.a(wiring_digital.c.o)
                              Collective.cpp.o (pinMode)
C:\Users\ffala\AppData\Local\Temp\VMBuilds\Collective\arduino_due_x\Debug/core.a(abi.cpp.o)
                              HID\HID.cpp.o (__cxa_pure_virtual)
C:\Users\ffala\AppData\Local\Temp\VMBuilds\Collective\arduino_due_x\Debug/core.a(main.cpp.o)
                              c:/users/ffala/appdata/local/arduino15/packages/arduino/tools/arm-none-eabi-gcc/4.8.3-2014q1/bin/../lib/gcc/arm-none-eabi/4.8.3/../../../../arm-none-eabi/lib/armv7-m/crt0.o (main)
C:\Users\ffala\AppData\Local\Temp\VMBuilds\Collective\arduino_due_x\Debug/core.a(new.cpp.o)
                              Joystick\Joystick.cpp.o (operator new(unsigned int))
C:\Users\ffala\AppData\Local\Temp\VMBuilds\Collective\arduino_due_x\Debug/core.a(Reset.cpp.o)
                              C:\Users\ffala\AppData\Local\Temp\VMBuilds\Collective\arduino_due_x\Debug/core.a(cortex_handlers.c.o) (tickReset)
C:\Users\ffala\AppData\Local\Temp\VMBuilds\Collective\arduino_due_x\Debug/core.a(RingBuffer.cpp.o)
                              C:\Users\ffala\AppData\Local\Temp\VMBCore\arduino16x\922fc88d1652663fbabfa7e6c09952c9\variant\variant.cpp.o (RingBuffer::RingBuffer())
C:\Users\ffala\AppData\Local\Temp\VMBuilds\Collective\arduino_due_x\Debug/core.a(UARTClass.cpp.o)
                              C:\Users\ffala\AppData\Local\Temp\VMBCore\arduino16x\922fc88d1652663fbabfa7e6c09952c9\variant\variant.cpp.o (UARTClass::available())
C:\Users\ffala\AppData\Local\Temp\VMBuilds\Collective\arduino_due_x\Debug/core.a(USARTClass.cpp.o)
                              C:\Users\ffala\AppData\Local\Temp\VMBCore\arduino16x\922fc88d1652663fbabfa7e6c09952c9\variant\variant.cpp.o (USARTClass::USARTClass(Usart*, IRQn, unsigned long, RingBuffer*, RingBuffer*))
C:\Users\ffala\AppData\Local\Temp\VMBuilds\Collective\arduino_due_x\Debug/core.a(watchdog.cpp.o)
[...]
Memory Configuration

Name             Origin             Length             Attributes
rom              0x00080000         0x00080000         xr
sram0            0x20000000         0x00010000         xrw
sram1            0x20080000         0x00008000         xrw
ram              0x20070000         0x00018000         xrw
*default*        0x00000000         0xffffffff

Linker script and memory map

LOAD c:/users/ffala/appdata/local/arduino15/packages/arduino/tools/arm-none-eabi-gcc/4.8.3-2014q1/bin/../lib/gcc/arm-none-eabi/4.8.3/armv7-m/crti.o
LOAD c:/users/ffala/appdata/local/arduino15/packages/arduino/tools/arm-none-eabi-gcc/4.8.3-2014q1/bin/../lib/gcc/arm-none-eabi/4.8.3/armv7-m/crtbegin.o
LOAD c:/users/ffala/appdata/local/arduino15/packages/arduino/tools/arm-none-eabi-gcc/4.8.3-2014q1/bin/../lib/gcc/arm-none-eabi/4.8.3/../../../../arm-none-eabi/lib/armv7-m/crt0.o
START GROUP
LOAD Collective.cpp.o
LOAD Mouse\Mouse.cpp.o
LOAD HID\HID.cpp.o
LOAD Joystick\Joystick.cpp.o
LOAD Joystick\DynamicHID\DynamicHID.cpp.o
LOAD C:\Users\ffala\AppData\Local\Temp\VMBCore\arduino16x\922fc88d1652663fbabfa7e6c09952c9\variant\variant.cpp.o
LOAD C:\Users\ffala\AppData\Local\arduino15\packages\arduino\hardware\sam\1.6.12\variants\arduino_due_x/libsam_sam3x8e_gcc_rel.a
LOAD C:\Users\ffala\AppData\Local\Temp\VMBuilds\Collective\arduino_due_x\Debug/core.a
END GROUP
LOAD c:/users/ffala/appdata/local/arduino15/packages/arduino/tools/arm-none-eabi-gcc/4.8.3-2014q1/bin/../lib/gcc/arm-none-eabi/4.8.3/../../../../arm-none-eabi/lib/armv7-m\libm.a
LOAD c:/users/ffala/appdata/local/arduino15/packages/arduino/tools/arm-none-eabi-gcc/4.8.3-2014q1/bin/../lib/gcc/arm-none-eabi/4.8.3/armv7-m\libgcc.a
START GROUP
LOAD c:/users/ffala/appdata/local/arduino15/packages/arduino/tools/arm-none-eabi-gcc/4.8.3-2014q1/bin/../lib/gcc/arm-none-eabi/4.8.3/armv7-m\libgcc.a
LOAD c:/users/ffala/appdata/local/arduino15/packages/arduino/tools/arm-none-eabi-gcc/4.8.3-2014q1/bin/../lib/gcc/arm-none-eabi/4.8.3/../../../../arm-none-eabi/lib/armv7-m\libc.a
END GROUP
LOAD c:/users/ffala/appdata/local/arduino15/packages/arduino/tools/arm-none-eabi-gcc/4.8.3-2014q1/bin/../lib/gcc/arm-none-eabi/4.8.3/armv7-m/crtend.o
LOAD c:/users/ffala/appdata/local/arduino15/packages/arduino/tools/arm-none-eabi-gcc/4.8.3-2014q1/bin/../lib/gcc/arm-none-eabi/4.8.3/armv7-m/crtn.o

.text           0x00080000     0x73e0
                0x00080000                . = ALIGN (0x4)
                0x00080000                _sfixed = .
 *(.vectors .vectors.*)
 .vectors       0x00080000       0xf4 C:\Users\ffala\AppData\Local\arduino15\packages\arduino\hardware\sam\1.6.12\variants\arduino_due_x/libsam_sam3x8e_gcc_rel.a(startup_sam3xa.o)
                0x00080000                exception_table
 *(.text .text.* .gnu.linkonce.t.*)
 .text          0x000800f4       0x54 c:/users/ffala/appdata/local/arduino15/packages/arduino/tools/arm-none-eabi-gcc/4.8.3-2014q1/bin/../lib/gcc/arm-none-eabi/4.8.3/armv7-m/crtbegin.o
 .text.setup    0x00080148      0x160 Collective.cpp.o
                0x00080148                setup
 .text._Z19readHeadMatrixGroupiPi
                0x000802a8       0xa4 Collective.cpp.o
                0x000802a8                readHeadMatrixGroup(int, int*)
 .text._Z14processAxisAdviddddd
                0x0008034c      0x18c Collective.cpp.o
                0x0008034c                processAxisAdv(int, double, double, double, double, double)
 .text._Z6setHatii
                0x000804d8       0x9c Collective.cpp.o
                0x000804d8                setHat(int, int)
 *fill*         0x00080574        0x4 
 .text._Z9setNavHatbbbb
                0x00080578       0xb0 Collective.cpp.o
                0x00080578                setNavHat(bool, bool, bool, bool)
 .text.loop     0x00080628      0x860 Collective.cpp.o
                0x00080628                loop
 .text._Z11encoderReadiiPViS0_PVmS2_b
                0x00080e88       0x70 Collective.cpp.o
                0x00080e88                encoderRead(int, int, int volatile*, int volatile*, unsigned long volatile*, unsigned long volatile*, bool)
 .text._Z14interrupt_ROT0v
                0x00080ef8       0x38 Collective.cpp.o
                0x00080ef8                interrupt_ROT0()
 .text._Z14interrupt_ROT1v
                0x00080f30       0x30 Collective.cpp.o
                0x00080f30                interrupt_ROT1()
 .text._Z14interrupt_ROT2v
                0x00080f60       0x30 Collective.cpp.o
                0x00080f60                interrupt_ROT2()
 .text.startup._GLOBAL__sub_I_t_ForePanel_Tgl0
                0x00080f90      0x150 Collective.cpp.o
 .text._ZN6Mouse_C2Ev
                0x000810e0       0x3c Mouse\Mouse.cpp.o
                0x000810e0                Mouse_::Mouse_()
                0x000810e0                Mouse_::Mouse_()
 .text._ZN6Mouse_5beginEv
                0x0008111c        0x2 Mouse\Mouse.cpp.o
                0x0008111c                Mouse_::begin()
 .text._ZN6Mouse_4moveEaaa
                0x0008111e       0x28 Mouse\Mouse.cpp.o
                0x0008111e                Mouse_::move(signed char, signed char, signed char)
 *fill*         0x00081146        0x2 
 .text.startup._GLOBAL__sub_I__ZN6Mouse_C2Ev
                0x00081148        0xc Mouse\Mouse.cpp.o
 .text._ZN4HID_12getShortNameEPc
                0x00081154       0x24 HID\HID.cpp.o
                0x00081154                HID_::getShortName(char*)
 .text._ZN4HID_12getInterfaceEPh
                0x00081178       0x90 HID\HID.cpp.o
                0x00081178                HID_::getInterface(unsigned char*)
 .text._ZN4HID_5setupER8USBSetup
                0x00081208       0x3e HID\HID.cpp.o
                0x00081208                HID_::setup(USBSetup&)
 .text._ZN4HID_13getDescriptorER8USBSetup
                0x00081246       0x38 HID\HID.cpp.o
                0x00081246                HID_::getDescriptor(USBSetup&)
 .text._ZN4HID_16AppendDescriptorEP16HIDSubDescriptor
                0x0008127e       0x1c HID\HID.cpp.o
                0x0008127e                HID_::AppendDescriptor(HIDSubDescriptor*)
 .text._ZN4HID_10SendReportEhPKvi
                0x0008129a       0x28 HID\HID.cpp.o
                0x0008129a                HID_::SendReport(unsigned char, void const*, int)
 *fill*         0x000812c2        0x2 
 .text._ZN4HID_C2Ev
                0x000812c4       0x38 HID\HID.cpp.o
                0x000812c4                HID_::HID_()
                0x000812c4                HID_::HID_()
 .text._Z3HIDv  0x000812fc       0x20 HID\HID.cpp.o
                0x000812fc                HID()
 .text._ZN9Joystick_C2Ehhhhbbbbbbbbbbb
                0x0008131c      0x65e Joystick\Joystick.cpp.o
                0x0008131c                Joystick_::Joystick_(unsigned char, unsigned char, unsigned char, unsigned char, bool, bool, bool, bool, bool, bool, bool, bool, bool, bool, bool)
                0x0008131c                Joystick_::Joystick_(unsigned char, unsigned char, unsigned char, unsigned char, bool, bool, bool, bool, bool, bool, bool, bool, bool, bool, bool)
 .text._ZN9Joystick_21buildAndSet16BitValueEbsssssPh
                0x0008197a       0x5a Joystick\Joystick.cpp.o
                0x0008197a                Joystick_::buildAndSet16BitValue(bool, short, short, short, short, short, unsigned char*)
 .text._ZN9Joystick_20buildAndSetAxisValueEbsssPh
                0x000819d4       0x1e Joystick\Joystick.cpp.o
                0x000819d4                Joystick_::buildAndSetAxisValue(bool, short, short, short, unsigned char*)
 .text._ZN9Joystick_26buildAndSetSimulationValueEbsssPh
                0x000819f2       0x1e Joystick\Joystick.cpp.o
                0x000819f2                Joystick_::buildAndSetSimulationValue(bool, short, short, short, unsigned char*)
 .text._ZN9Joystick_9sendStateEv
                0x00081a10      0x210 Joystick\Joystick.cpp.o
                0x00081a10                Joystick_::sendState()
 .text._ZN9Joystick_5beginEb
                0x00081c20        0x8 Joystick\Joystick.cpp.o
                0x00081c20                Joystick_::begin(bool)
 .text._ZN9Joystick_11pressButtonEh
                0x00081c28       0x2e Joystick\Joystick.cpp.o
                0x00081c28                Joystick_::pressButton(unsigned char)
 .text._ZN9Joystick_13releaseButtonEh
                0x00081c56       0x30 Joystick\Joystick.cpp.o
                0x00081c56                Joystick_::releaseButton(unsigned char)
 .text._ZN9Joystick_9setButtonEhh
                0x00081c86        0xa Joystick\Joystick.cpp.o
                0x00081c86                Joystick_::setButton(unsigned char, unsigned char)
 .text._ZN9Joystick_8setXAxisEs
                0x00081c90        0xe Joystick\Joystick.cpp.o
                0x00081c90                Joystick_::setXAxis(short)
 .text._ZN9Joystick_8setYAxisEs
                0x00081c9e        0xe Joystick\Joystick.cpp.o
                0x00081c9e                Joystick_::setYAxis(short)
 .text._ZN9Joystick_8setZAxisEs
                0x00081cac        0xe Joystick\Joystick.cpp.o
                0x00081cac                Joystick_::setZAxis(short)
 .text._ZN9Joystick_9setRxAxisEs
                0x00081cba        0xe Joystick\Joystick.cpp.o
                0x00081cba                Joystick_::setRxAxis(short)
 .text._ZN9Joystick_9setRyAxisEs
                0x00081cc8        0xe Joystick\Joystick.cpp.o
                0x00081cc8                Joystick_::setRyAxis(short)
 .text._ZN9Joystick_11setThrottleEs
                0x00081cd6        0xe Joystick\Joystick.cpp.o
                0x00081cd6                Joystick_::setThrottle(short)
 .text._ZN9Joystick_12setHatSwitchEas
                0x00081ce4       0x20 Joystick\Joystick.cpp.o
                0x00081ce4                Joystick_::setHatSwitch(signed char, short)
 .text._ZN11DynamicHID_12getShortNameEPc
                0x00081d04       0x24 Joystick\DynamicHID\DynamicHID.cpp.o
                0x00081d04                DynamicHID_::getShortName(char*)
 .text._ZN11DynamicHID_12getInterfaceEPh
                0x00081d28       0x90 Joystick\DynamicHID\DynamicHID.cpp.o
                0x00081d28                DynamicHID_::getInterface(unsigned char*)
 .text._ZN11DynamicHID_5setupER8USBSetup
                0x00081db8       0x3e Joystick\DynamicHID\DynamicHID.cpp.o
                0x00081db8                DynamicHID_::setup(USBSetup&)
 .text._ZN11DynamicHID_13getDescriptorER8USBSetup
                0x00081df6       0x46 Joystick\DynamicHID\DynamicHID.cpp.o
                0x00081df6                DynamicHID_::getDescriptor(USBSetup&)
 .text._ZN11DynamicHID_16AppendDescriptorEP23DynamicHIDSubDescriptor
                0x00081e3c       0x1c Joystick\DynamicHID\DynamicHID.cpp.o
                0x00081e3c                DynamicHID_::AppendDescriptor(DynamicHIDSubDescriptor*)
 .text._ZN11DynamicHID_10SendReportEhPKvi
                0x00081e58       0x34 Joystick\DynamicHID\DynamicHID.cpp.o
                0x00081e58                DynamicHID_::SendReport(unsigned char, void const*, int)
 .text._ZN11DynamicHID_C2Ev
                0x00081e8c       0x38 Joystick\DynamicHID\DynamicHID.cpp.o
                0x00081e8c                DynamicHID_::DynamicHID_()
                0x00081e8c                DynamicHID_::DynamicHID_()
 .text._Z10DynamicHIDv
                0x00081ec4       0x20 Joystick\DynamicHID\DynamicHID.cpp.o
                0x00081ec4                DynamicHID()
 .text._Z11serialEventv
                0x00081ee4        0x2 C:\Users\ffala\AppData\Local\Temp\VMBCore\arduino16x\922fc88d1652663fbabfa7e6c09952c9\variant\variant.cpp.o
                0x00081ee4                serialEvent()
 *fill*         0x00081ee6        0x2 
 .text.UART_Handler
                0x00081ee8        0xc C:\Users\ffala\AppData\Local\Temp\VMBCore\arduino16x\922fc88d1652663fbabfa7e6c09952c9\variant\variant.cpp.o
                0x00081ee8                UART_Handler
 .text._Z12serialEvent1v
                0x00081ef4        0x2 C:\Users\ffala\AppData\Local\Temp\VMBCore\arduino16x\922fc88d1652663fbabfa7e6c09952c9\variant\variant.cpp.o
                0x00081ef4                serialEvent1()
 .text._Z12serialEvent2v
                0x00081ef6        0x2 C:\Users\ffala\AppData\Local\Temp\VMBCore\arduino16x\922fc88d1652663fbabfa7e6c09952c9\variant\variant.cpp.o
                0x00081ef6                serialEvent2()
 .text._Z12serialEvent3v
                0x00081ef8        0x2 C:\Users\ffala\AppData\Local\Temp\VMBCore\arduino16x\922fc88d1652663fbabfa7e6c09952c9\variant\variant.cpp.o
                0x00081ef8                serialEvent3()
 *fill*         0x00081efa        0x2 
 .text.USART0_Handler
                0x00081efc        0xc C:\Users\ffala\AppData\Local\Temp\VMBCore\arduino16x\922fc88d1652663fbabfa7e6c09952c9\variant\variant.cpp.o
                0x00081efc                USART0_Handler
 .text.USART1_Handler
                0x00081f08        0xc C:\Users\ffala\AppData\Local\Temp\VMBCore\arduino16x\922fc88d1652663fbabfa7e6c09952c9\variant\variant.cpp.o
                0x00081f08                USART1_Handler
 .text.USART3_Handler
                0x00081f14        0xc C:\Users\ffala\AppData\Local\Temp\VMBCore\arduino16x\922fc88d1652663fbabfa7e6c09952c9\variant\variant.cpp.o
                0x00081f14                USART3_Handler
 .text.init     0x00081f20      0x128 C:\Users\ffala\AppData\Local\Temp\VMBCore\arduino16x\922fc88d1652663fbabfa7e6c09952c9\variant\variant.cpp.o
                0x00081f20                init
 .text.startup._GLOBAL__sub_I_g_APinDescription
                0x00082048       0xd4 C:\Users\ffala\AppData\Local\Temp\VMBCore\arduino16x\922fc88d1652663fbabfa7e6c09952c9\variant\variant.cpp.o
 .text._Z14serialEventRunv
                0x0008211c       0x44 C:\Users\ffala\AppData\Local\Temp\VMBCore\arduino16x\922fc88d1652663fbabfa7e6c09952c9\variant\variant.cpp.o
                0x0008211c                serialEventRun()
 .text.PIO_PullUp
                0x00082160        0xa C:\Users\ffala\AppData\Local\arduino15\packages\arduino\hardware\sam\1.6.12\variants\arduino_due_x/libsam_sam3x8e_gcc_rel.a(pio.o)
                0x00082160                PIO_PullUp
 .text.PIO_Get  0x0008216a       0x14 C:\Users\ffala\AppData\Local\arduino15\packages\arduino\hardware\sam\1.6.12\variants\arduino_due_x/libsam_sam3x8e_gcc_rel.a(pio.o)
                0x0008216a                PIO_Get
 .text.PIO_SetPeripheral
                0x0008217e       0x26 C:\Users\ffala\AppData\Local\arduino15\packages\arduino\hardware\sam\1.6.12\variants\arduino_due_x/libsam_sam3x8e_gcc_rel.a(pio.o)
                0x0008217e                PIO_SetPeripheral
 .text.PIO_SetInput
                0x000821a4       0x26 C:\Users\ffala\AppData\Local\arduino15\packages\arduino\hardware\sam\1.6.12\variants\arduino_due_x/libsam_sam3x8e_gcc_rel.a(pio.o)
                0x000821a4                PIO_SetInput
 .text.PIO_SetOutput
                0x000821ca       0x24 C:\Users\ffala\AppData\Local\arduino15\packages\arduino\hardware\sam\1.6.12\variants\arduino_due_x/libsam_sam3x8e_gcc_rel.a(pio.o)
                0x000821ca                PIO_SetOutput
 *fill*         0x000821ee        0x2 
 .text.PIO_Configure
                0x000821f0       0x64 C:\Users\ffala\AppData\Local\arduino15\packages\arduino\hardware\sam\1.6.12\variants\arduino_due_x/libsam_sam3x8e_gcc_rel.a(pio.o)
                0x000821f0                PIO_Configure
 .text.PIO_GetOutputDataStatus
                0x00082254       0x14 C:\Users\ffala\AppData\Local\arduino15\packages\arduino\hardware\sam\1.6.12\variants\arduino_due_x/libsam_sam3x8e_gcc_rel.a(pio.o)
                0x00082254                PIO_GetOutputDataStatus
 .text.pmc_enable_upll_clock
                0x00082268       0x14 C:\Users\ffala\AppData\Local\arduino15\packages\arduino\hardware\sam\1.6.12\variants\arduino_due_x/libsam_sam3x8e_gcc_rel.a(pmc.o)
                0x00082268                pmc_enable_upll_clock
 .text.pmc_enable_periph_clk
                0x0008227c       0x44 C:\Users\ffala\AppData\Local\arduino15\packages\arduino\hardware\sam\1.6.12\variants\arduino_due_x/libsam_sam3x8e_gcc_rel.a(pmc.o)
                0x0008227c                pmc_enable_periph_clk
 .text.pmc_disable_periph_clk
                0x000822c0       0x40 C:\Users\ffala\AppData\Local\arduino15\packages\arduino\hardware\sam\1.6.12\variants\arduino_due_x/libsam_sam3x8e_gcc_rel.a(pmc.o)
                0x000822c0                pmc_disable_periph_clk
 .text.pmc_switch_udpck_to_upllck
                0x00082300       0x14 C:\Users\ffala\AppData\Local\arduino15\packages\arduino\hardware\sam\1.6.12\variants\arduino_due_x/libsam_sam3x8e_gcc_rel.a(pmc.o)
                0x00082300                pmc_switch_udpck_to_upllck
 .text.pmc_enable_udpck
                0x00082314        0xc C:\Users\ffala\AppData\Local\arduino15\packages\arduino\hardware\sam\1.6.12\variants\arduino_due_x/libsam_sam3x8e_gcc_rel.a(pmc.o)
                0x00082314                pmc_enable_udpck
 .text.SystemInit
                0x00082320       0x88 C:\Users\ffala\AppData\Local\arduino15\packages\arduino\hardware\sam\1.6.12\variants\arduino_due_x/libsam_sam3x8e_gcc_rel.a(system_sam3xa.o)
                0x00082320                SystemInit
 .text.Reset_Handler
                0x000823a8       0x78 C:\Users\ffala\AppData\Local\arduino15\packages\arduino\hardware\sam\1.6.12\variants\arduino_due_x/libsam_sam3x8e_gcc_rel.a(startup_sam3xa.o)
                0x000823a8                Reset_Handler
 .text.adc_init
                0x00082420       0x98 C:\Users\ffala\AppData\Local\arduino15\packages\arduino\hardware\sam\1.6.12\variants\arduino_due_x/libsam_sam3x8e_gcc_rel.a(adc.o)
                0x00082420                adc_init
 .text.adc_configure_trigger
                0x000824b8        0xe C:\Users\ffala\AppData\Local\arduino15\packages\arduino\hardware\sam\1.6.12\variants\arduino_due_x/libsam_sam3x8e_gcc_rel.a(adc.o)
                0x000824b8                adc_configure_trigger
 .text.adc_configure_timing
                0x000824c6       0x1a C:\Users\ffala\AppData\Local\arduino15\packages\arduino\hardware\sam\1.6.12\variants\arduino_due_x/libsam_sam3x8e_gcc_rel.a(adc.o)
                0x000824c6                adc_configure_timing
 .text.adc_start
                0x000824e0        0x6 C:\Users\ffala\AppData\Local\arduino15\packages\arduino\hardware\sam\1.6.12\variants\arduino_due_x/libsam_sam3x8e_gcc_rel.a(adc.o)
                0x000824e0                adc_start
 .text.adc_enable_channel
                0x000824e6        0xa C:\Users\ffala\AppData\Local\arduino15\packages\arduino\hardware\sam\1.6.12\variants\arduino_due_x/libsam_sam3x8e_gcc_rel.a(adc.o)
                0x000824e6                adc_enable_channel
 .text.adc_disable_channel
                0x000824f0        0xa C:\Users\ffala\AppData\Local\arduino15\packages\arduino\hardware\sam\1.6.12\variants\arduino_due_x/libsam_sam3x8e_gcc_rel.a(adc.o)
                0x000824f0                adc_disable_channel
 .text.adc_disable_all_channel
                0x000824fa        0x8 C:\Users\ffala\AppData\Local\arduino15\packages\arduino\hardware\sam\1.6.12\variants\arduino_due_x/libsam_sam3x8e_gcc_rel.a(adc.o)
                0x000824fa                adc_disable_all_channel
 .text.adc_get_channel_status
                0x00082502        0xa C:\Users\ffala\AppData\Local\arduino15\packages\arduino\hardware\sam\1.6.12\variants\arduino_due_x/libsam_sam3x8e_gcc_rel.a(adc.o)
                0x00082502                adc_get_channel_status
 .text.adc_get_latest_value
                0x0008250c        0x4 C:\Users\ffala\AppData\Local\arduino15\packages\arduino\hardware\sam\1.6.12\variants\arduino_due_x/libsam_sam3x8e_gcc_rel.a(adc.o)
                0x0008250c                adc_get_latest_value
 .text.adc_disable_interrupt
                0x00082510        0x4 C:\Users\ffala\AppData\Local\arduino15\packages\arduino\hardware\sam\1.6.12\variants\arduino_due_x/libsam_sam3x8e_gcc_rel.a(adc.o)
                0x00082510                adc_disable_interrupt
 .text.adc_get_status
                0x00082514        0x4 C:\Users\ffala\AppData\Local\arduino15\packages\arduino\hardware\sam\1.6.12\variants\arduino_due_x/libsam_sam3x8e_gcc_rel.a(adc.o)
                0x00082514                adc_get_status
 .text.UOTGHS_Handler
                0x00082518       0x10 C:\Users\ffala\AppData\Local\arduino15\packages\arduino\hardware\sam\1.6.12\variants\arduino_due_x/libsam_sam3x8e_gcc_rel.a(uotghs.o)
                0x00082518                UOTGHS_Handler
 .text.__halt   0x00082528        0x2 C:\Users\ffala\AppData\Local\Temp\VMBuilds\Collective\arduino_due_x\Debug/core.a(cortex_handlers.c.o)
                0x00082528                DACC_Handler
                0x00082528                DebugMon_Handler
                0x00082528                DMAC_Handler
                0x00082528                TRNG_Handler
                0x00082528                HardFault_Handler
                0x00082528                TC2_Handler
                0x00082528                TWI1_Handler
                0x00082528                NMI_Handler
                0x00082528                TC7_Handler
                0x00082528                ADC_Handler
                0x00082528                SMC_Handler
                0x00082528                RTT_Handler
                0x00082528                EFC1_Handler
                0x00082528                RTC_Handler
                0x00082528                UsageFault_Handler
                0x00082528                TC6_Handler
                0x00082528                WDT_Handler
                0x00082528                CAN0_Handler
                0x00082528                TC4_Handler
                0x00082528                TC1_Handler
                0x00082528                HSMCI_Handler
                0x00082528                TC3_Handler
                0x00082528                TWI0_Handler
                0x00082528                SSC_Handler
                0x00082528                EFC0_Handler
                0x00082528                PMC_Handler
                0x00082528                PWM_Handler
                0x00082528                CAN1_Handler
                0x00082528                MemManage_Handler
                0x00082528                SUPC_Handler
                0x00082528                TC8_Handler
                0x00082528                USART2_Handler
                0x00082528                EMAC_Handler
                0x00082528                BusFault_Handler
                0x00082528                RSTC_Handler
                0x00082528                TC0_Handler
                0x00082528                TC5_Handler
                0x00082528                SPI0_Handler
 .text.SVC_Handler
                0x0008252a        0x4 C:\Users\ffala\AppData\Local\Temp\VMBuilds\Collective\arduino_due_x\Debug/core.a(cortex_handlers.c.o)
                0x0008252a                SVC_Handler
 .text.PendSV_Handler
                0x0008252e        0x4 C:\Users\ffala\AppData\Local\Temp\VMBuilds\Collective\arduino_due_x\Debug/core.a(cortex_handlers.c.o)
                0x0008252e                PendSV_Handler
 .text.SysTick_Handler
                0x00082532       0x16 C:\Users\ffala\AppData\Local\Temp\VMBuilds\Collective\arduino_due_x\Debug/core.a(cortex_handlers.c.o)
                0x00082532                SysTick_Handler
 .text.__empty  0x00082548        0x2 C:\Users\ffala\AppData\Local\Temp\VMBuilds\Collective\arduino_due_x\Debug/core.a(hooks.c.o)
                0x00082548                yield
 .text.__false  0x0008254a        0x4 C:\Users\ffala\AppData\Local\Temp\VMBuilds\Collective\arduino_due_x\Debug/core.a(hooks.c.o)
                0x0008254a                sysTickHook
 .text.__halt   0x0008254e        0x2 C:\Users\ffala\AppData\Local\Temp\VMBuilds\Collective\arduino_due_x\Debug/core.a(hooks.c.o)
                0x0008254e                svcHook
                0x0008254e                pendSVHook
 .text._sbrk    0x00082550       0x1c C:\Users\ffala\AppData\Local\Temp\VMBuilds\Collective\arduino_due_x\Debug/core.a(syscalls_sam3.c.o)
                0x00082550                _sbrk
 .text.link     0x0008256c        0x6 C:\Users\ffala\AppData\Local\Temp\VMBuilds\Collective\arduino_due_x\Debug/core.a(syscalls_sam3.c.o)
                0x0008256c                link
 .text._close   0x00082572        0x6 C:\Users\ffala\AppData\Local\Temp\VMBuilds\Collective\arduino_due_x\Debug/core.a(syscalls_sam3.c.o)
                0x00082572                _close
 .text._fstat   0x00082578        0xa C:\Users\ffala\AppData\Local\Temp\VMBuilds\Collective\arduino_due_x\Debug/core.a(syscalls_sam3.c.o)
                0x00082578                _fstat
 .text._isatty  0x00082582        0x4 C:\Users\ffala\AppData\Local\Temp\VMBuilds\Collective\arduino_due_x\Debug/core.a(syscalls_sam3.c.o)
                0x00082582                _isatty
 .text._lseek   0x00082586        0x4 C:\Users\ffala\AppData\Local\Temp\VMBuilds\Collective\arduino_due_x\Debug/core.a(syscalls_sam3.c.o)
                0x00082586                _lseek
 .text._read    0x0008258a        0x4 C:\Users\ffala\AppData\Local\Temp\VMBuilds\Collective\arduino_due_x\Debug/core.a(syscalls_sam3.c.o)
                0x0008258a                _read
 *fill*         0x0008258e        0x2 
 .text._write   0x00082590       0x24 C:\Users\ffala\AppData\Local\Temp\VMBuilds\Collective\arduino_due_x\Debug/core.a(syscalls_sam3.c.o)
                0x00082590                _write
 .text._exit    0x000825b4        0x2 C:\Users\ffala\AppData\Local\Temp\VMBuilds\Collective\arduino_due_x\Debug/core.a(syscalls_sam3.c.o)
                0x000825b4                _exit
 .text._kill    0x000825b6        0x2 C:\Users\ffala\AppData\Local\Temp\VMBuilds\Collective\arduino_due_x\Debug/core.a(syscalls_sam3.c.o)
                0x000825b6                _kill
 .text._getpid  0x000825b8        0x6 C:\Users\ffala\AppData\Local\Temp\VMBuilds\Collective\arduino_due_x\Debug/core.a(syscalls_sam3.c.o)
                0x000825b8                _getpid
 *fill*         0x000825be        0x2 
 .text.attachInterrupt
                0x000825c0      0x148 C:\Users\ffala\AppData\Local\Temp\VMBuilds\Collective\arduino_due_x\Debug/core.a(WInterrupts.c.o)
                0x000825c0                attachInterrupt
 .text.PIOA_Handler
                0x00082708       0x38 C:\Users\ffala\AppData\Local\Temp\VMBuilds\Collective\arduino_due_x\Debug/core.a(WInterrupts.c.o)
                0x00082708                PIOA_Handler
 .text.PIOB_Handler
                0x00082740       0x38 C:\Users\ffala\AppData\Local\Temp\VMBuilds\Collective\arduino_due_x\Debug/core.a(WInterrupts.c.o)
                0x00082740                PIOB_Handler
 .text.PIOC_Handler
                0x00082778       0x38 C:\Users\ffala\AppData\Local\Temp\VMBuilds\Collective\arduino_due_x\Debug/core.a(WInterrupts.c.o)
                0x00082778                PIOC_Handler
 .text.PIOD_Handler
                0x000827b0       0x38 C:\Users\ffala\AppData\Local\Temp\VMBuilds\Collective\arduino_due_x\Debug/core.a(WInterrupts.c.o)
                0x000827b0                PIOD_Handler
 .text.millis   0x000827e8        0x4 C:\Users\ffala\AppData\Local\Temp\VMBuilds\Collective\arduino_due_x\Debug/core.a(wiring.c.o)
                0x000827e8                millis
 .text.delay    0x000827ec       0x1c C:\Users\ffala\AppData\Local\Temp\VMBuilds\Collective\arduino_due_x\Debug/core.a(wiring.c.o)
                0x000827ec                delay
 .text.mapResolution
                0x00082808       0x12 C:\Users\ffala\AppData\Local\Temp\VMBuilds\Collective\arduino_due_x\Debug/core.a(wiring_analog.c.o)
 *fill*         0x0008281a        0x2 
 .text.analogReadResolution
                0x0008281c        0xc C:\Users\ffala\AppData\Local\Temp\VMBuilds\Collective\arduino_due_x\Debug/core.a(wiring_analog.c.o)
                0x0008281c                analogReadResolution
 .text.analogRead
                0x00082828       0x9c C:\Users\ffala\AppData\Local\Temp\VMBuilds\Collective\arduino_due_x\Debug/core.a(wiring_analog.c.o)
                0x00082828                analogRead
 .text.analogOutputInit
                0x000828c4        0x2 C:\Users\ffala\AppData\Local\Temp\VMBuilds\Collective\arduino_due_x\Debug/core.a(wiring_analog.c.o)
                0x000828c4                analogOutputInit
 *fill*         0x000828c6        0x2 
 .text.pinMode  0x000828c8      0x108 C:\Users\ffala\AppData\Local\Temp\VMBuilds\Collective\arduino_due_x\Debug/core.a(wiring_digital.c.o)
                0x000828c8                pinMode
 .text.digitalWrite
                0x000829d0       0x70 C:\Users\ffala\AppData\Local\Temp\VMBuilds\Collective\arduino_due_x\Debug/core.a(wiring_digital.c.o)
                0x000829d0                digitalWrite
 .text.digitalRead
                0x00082a40       0x44 C:\Users\ffala\AppData\Local\Temp\VMBuilds\Collective\arduino_due_x\Debug/core.a(wiring_digital.c.o)
                0x00082a40                digitalRead
 .text.initVariant
                0x00082a84        0x2 C:\Users\ffala\AppData\Local\Temp\VMBuilds\Collective\arduino_due_x\Debug/core.a(main.cpp.o)
                0x00082a84                initVariant
 *fill*         0x00082a86        0x2 
 .text.startup.main
                0x00082a88       0x38 C:\Users\ffala\AppData\Local\Temp\VMBuilds\Collective\arduino_due_x\Debug/core.a(main.cpp.o)
                0x00082a88                main
 .text._Znwj    0x00082ac0        0x4 C:\Users\ffala\AppData\Local\Temp\VMBuilds\Collective\arduino_due_x\Debug/core.a(new.cpp.o)
                0x00082ac0                operator new(unsigned int)
 .text._Znaj    0x00082ac4        0x4 C:\Users\ffala\AppData\Local\Temp\VMBuilds\Collective\arduino_due_x\Debug/core.a(new.cpp.o)
                0x00082ac4                operator new[](unsigned int)
 .text.initiateReset
                0x00082ac8        0xc C:\Users\ffala\AppData\Local\Temp\VMBuilds\Collective\arduino_due_x\Debug/core.a(Reset.cpp.o)
                0x00082ac8                initiateReset
 .text.cancelReset
                0x00082ad4       0x10 C:\Users\ffala\AppData\Local\Temp\VMBuilds\Collective\arduino_due_x\Debug/core.a(Reset.cpp.o)
                0x00082ad4                cancelReset
 .text.tickReset
                0x00082ae4       0x20 C:\Users\ffala\AppData\Local\Temp\VMBuilds\Collective\arduino_due_x\Debug/core.a(Reset.cpp.o)
                0x00082ae4                tickReset
 .text._ZN10RingBufferC2Ev
                0x00082b04       0x1a C:\Users\ffala\AppData\Local\Temp\VMBuilds\Collective\arduino_due_x\Debug/core.a(RingBuffer.cpp.o)
                0x00082b04                RingBuffer::RingBuffer()
                0x00082b04                RingBuffer::RingBuffer()
 .text._ZN10RingBuffer10store_charEh
                0x00082b1e       0x1e C:\Users\ffala\AppData\Local\Temp\VMBuilds\Collective\arduino_due_x\Debug/core.a(RingBuffer.cpp.o)
                0x00082b1e                RingBuffer::store_char(unsigned char)
 .text._ZN9UARTClasscvbEv
                0x00082b3c        0x4 C:\Users\ffala\AppData\Local\Temp\VMBuilds\Collective\arduino_due_x\Debug/core.a(UARTClass.cpp.o)
                0x00082b3c                UARTClass::operator bool()
 .text._ZN9UARTClass9availableEv
                0x00082b40       0x12 C:\Users\ffala\AppData\Local\Temp\VMBuilds\Collective\arduino_due_x\Debug/core.a(UARTClass.cpp.o)
                0x00082b40                UARTClass::available()
 .text._ZN9UARTClass4peekEv
                0x00082b52       0x1c C:\Users\ffala\AppData\Local\Temp\VMBuilds\Collective\arduino_due_x\Debug/core.a(UARTClass.cpp.o)
                0x00082b52                UARTClass::peek()
 .text._ZN9UARTClass4readEv
                0x00082b6e       0x2a C:\Users\ffala\AppData\Local\Temp\VMBuilds\Collective\arduino_due_x\Debug/core.a(UARTClass.cpp.o)
                0x00082b6e                UARTClass::read()
 .text._ZN9UARTClass5flushEv
                0x00082b98       0x18 C:\Users\ffala\AppData\Local\Temp\VMBuilds\Collective\arduino_due_x\Debug/core.a(UARTClass.cpp.o)
                0x00082b98                UARTClass::flush()
 .text._ZN9UARTClass5writeEh
                0x00082bb0       0x54 C:\Users\ffala\AppData\Local\Temp\VMBuilds\Collective\arduino_due_x\Debug/core.a(UARTClass.cpp.o)
                0x00082bb0                UARTClass::write(unsigned char)
 .text._ZN9UARTClass3endEv
                0x00082c04       0x3c C:\Users\ffala\AppData\Local\Temp\VMBuilds\Collective\arduino_due_x\Debug/core.a(UARTClass.cpp.o)
                0x00082c04                UARTClass::end()
 .text._ZN9UARTClassC2EP4Uart4IRQnmP10RingBufferS4_
                0x00082c40       0x24 C:\Users\ffala\AppData\Local\Temp\VMBuilds\Collective\arduino_due_x\Debug/core.a(UARTClass.cpp.o)
                0x00082c40                UARTClass::UARTClass(Uart*, IRQn, unsigned long, RingBuffer*, RingBuffer*)
                0x00082c40                UARTClass::UARTClass(Uart*, IRQn, unsigned long, RingBuffer*, RingBuffer*)
 .text._ZN9UARTClass4initEmm
                0x00082c64       0x70 C:\Users\ffala\AppData\Local\Temp\VMBuilds\Collective\arduino_due_x\Debug/core.a(UARTClass.cpp.o)
                0x00082c64                UARTClass::init(unsigned long, unsigned long)
 .text._ZN9UARTClass5beginEm
                0x00082cd4        0x8 C:\Users\ffala\AppData\Local\Temp\VMBuilds\Collective\arduino_due_x\Debug/core.a(UARTClass.cpp.o)
                0x00082cd4                UARTClass::begin(unsigned long)
 .text._ZN9UARTClass10IrqHandlerEv
                0x00082cdc       0x5a C:\Users\ffala\AppData\Local\Temp\VMBuilds\Collective\arduino_due_x\Debug/core.a(UARTClass.cpp.o)
                0x00082cdc                UARTClass::IrqHandler()
 .text._ZN10USARTClass5beginEm
                0x00082d36        0x8 C:\Users\ffala\AppData\Local\Temp\VMBuilds\Collective\arduino_due_x\Debug/core.a(USARTClass.cpp.o)
                0x00082d36                USARTClass::begin(unsigned long)
 *fill*         0x00082d3e        0x2 
 .text._ZN10USARTClassC2EP5Usart4IRQnmP10RingBufferS4_
                0x00082d40       0x24 C:\Users\ffala\AppData\Local\Temp\VMBuilds\Collective\arduino_due_x\Debug/core.a(USARTClass.cpp.o)
                0x00082d40                USARTClass::USARTClass(Usart*, IRQn, unsigned long, RingBuffer*, RingBuffer*)
                0x00082d40                USARTClass::USARTClass(Usart*, IRQn, unsigned long, RingBuffer*, RingBuffer*)
 .text._watchdogDefaultSetup
                0x00082d64        0xc C:\Users\ffala\AppData\Local\Temp\VMBuilds\Collective\arduino_due_x\Debug/core.a(watchdog.cpp.o)
                0x00082d64                _watchdogDefaultSetup
                0x00082d64                watchdogSetup()
 .text._Z3maplllll
                0x00082d70       0x14 C:\Users\ffala\AppData\Local\Temp\VMBuilds\Collective\arduino_due_x\Debug/core.a(WMath.cpp.o)
                0x00082d70                map(long, long, long, long, long)
 .text._ZN13PluggableUSB_12getInterfaceEPh
                0x00082d84       0x28 C:\Users\ffala\AppData\Local\Temp\VMBuilds\Collective\arduino_due_x\Debug/core.a(PluggableUSB.cpp.o)
                0x00082d84                PluggableUSB_::getInterface(unsigned char*)
 .text._ZN13PluggableUSB_13getDescriptorER8USBSetup
                0x00082dac       0x1c C:\Users\ffala\AppData\Local\Temp\VMBuilds\Collective\arduino_due_x\Debug/core.a(PluggableUSB.cpp.o)
                0x00082dac                PluggableUSB_::getDescriptor(USBSetup&)
 .text._ZN13PluggableUSB_12getShortNameEPc
                0x00082dc8       0x1c C:\Users\ffala\AppData\Local\Temp\VMBuilds\Collective\arduino_due_x\Debug/core.a(PluggableUSB.cpp.o)
                0x00082dc8                PluggableUSB_::getShortName(char*)
 .text._ZN13PluggableUSB_5setupER8USBSetup
                0x00082de4       0x20 C:\Users\ffala\AppData\Local\Temp\VMBuilds\Collective\arduino_due_x\Debug/core.a(PluggableUSB.cpp.o)
                0x00082de4                PluggableUSB_::setup(USBSetup&)
 .text._ZN13PluggableUSB_4plugEP18PluggableUSBModule
                0x00082e04       0x60 C:\Users\ffala\AppData\Local\Temp\VMBuilds\Collective\arduino_due_x\Debug/core.a(PluggableUSB.cpp.o)
                0x00082e04                PluggableUSB_::plug(PluggableUSBModule*)
 .text._Z12PluggableUSBv
                0x00082e64       0x28 C:\Users\ffala\AppData\Local\Temp\VMBuilds\Collective\arduino_due_x\Debug/core.a(PluggableUSB.cpp.o)
                0x00082e64                PluggableUSB()
 .text.unlikely._ZL11USB_SendZlpv
                0x00082e8c       0x20 C:\Users\ffala\AppData\Local\Temp\VMBuilds\Collective\arduino_due_x\Debug/core.a(USBCore.cpp.o)
 .text._Z14USBD_Availablem
                0x00082eac       0x2c C:\Users\ffala\AppData\Local\Temp\VMBuilds\Collective\arduino_due_x\Debug/core.a(USBCore.cpp.o)
                0x00082eac                USBD_Available(unsigned long)
 .text._Z9USBD_RecvmPvm
                0x00082ed8       0x7c C:\Users\ffala\AppData\Local\Temp\VMBuilds\Collective\arduino_due_x\Debug/core.a(USBCore.cpp.o)
                0x00082ed8                USBD_Recv(unsigned long, void*, unsigned long)
 .text._Z9USBD_Recvm
                0x00082f54       0x22 C:\Users\ffala\AppData\Local\Temp\VMBuilds\Collective\arduino_due_x\Debug/core.a(USBCore.cpp.o)
                0x00082f54                USBD_Recv(unsigned long)
 *fill*         0x00082f76        0x2 
 .text._Z9USBD_SendmPKvm
                0x00082f78       0x4c C:\Users\ffala\AppData\Local\Temp\VMBuilds\Collective\arduino_due_x\Debug/core.a(USBCore.cpp.o)
                0x00082f78                USBD_Send(unsigned long, void const*, unsigned long)
 .text._Z16USBD_SendControlhPKvm
                0x00082fc4       0x40 C:\Users\ffala\AppData\Local\Temp\VMBuilds\Collective\arduino_due_x\Debug/core.a(USBCore.cpp.o)
                0x00082fc4                USBD_SendControl(unsigned char, void const*, unsigned long)
 .text.unlikely._ZL24USB_SendStringDescriptorPKhi
                0x00083004       0x64 C:\Users\ffala\AppData\Local\Temp\VMBuilds\Collective\arduino_due_x\Debug/core.a(USBCore.cpp.o)
 .text._Z16USBD_RecvControlPvm
                0x00083068       0x1c C:\Users\ffala\AppData\Local\Temp\VMBuilds\Collective\arduino_due_x\Debug/core.a(USBCore.cpp.o)
                0x00083068                USBD_RecvControl(void*, unsigned long)
 .text._Z26USBD_ClassInterfaceRequestR8USBSetup
                0x00083084       0x1e C:\Users\ffala\AppData\Local\Temp\VMBuilds\Collective\arduino_due_x\Debug/core.a(USBCore.cpp.o)
                0x00083084                USBD_ClassInterfaceRequest(USBSetup&)
 .text._Z19USBD_SendInterfacesv
                0x000830a2       0x22 C:\Users\ffala\AppData\Local\Temp\VMBuilds\Collective\arduino_due_x\Debug/core.a(USBCore.cpp.o)
                0x000830a2                USBD_SendInterfaces()
 .text._Z24USBD_SendOtherInterfacesv
                0x000830c4       0x22 C:\Users\ffala\AppData\Local\Temp\VMBuilds\Collective\arduino_due_x\Debug/core.a(USBCore.cpp.o)
                0x000830c4                USBD_SendOtherInterfaces()
 .text._Z10USBD_Flushm
                0x000830e6       0x16 C:\Users\ffala\AppData\Local\Temp\VMBuilds\Collective\arduino_due_x\Debug/core.a(USBCore.cpp.o)
                0x000830e6                USBD_Flush(unsigned long)
 .text._ZN10USBDevice_C2Ev
                0x000830fc       0x24 C:\Users\ffala\AppData\Local\Temp\VMBuilds\Collective\arduino_due_x\Debug/core.a(USBCore.cpp.o)
                0x000830fc                USBDevice_::USBDevice_()
                0x000830fc                USBDevice_::USBDevice_()
 .text._ZN10USBDevice_6attachEv
                0x00083120       0x20 C:\Users\ffala\AppData\Local\Temp\VMBuilds\Collective\arduino_due_x\Debug/core.a(USBCore.cpp.o)
                0x00083120                USBDevice_::attach()
 .text.startup._GLOBAL__sub_I_EndPoints
                0x00083140        0xc C:\Users\ffala\AppData\Local\Temp\VMBuilds\Collective\arduino_due_x\Debug/core.a(USBCore.cpp.o)
 .text._ZL7USB_ISRv
                0x0008314c      0x454 C:\Users\ffala\AppData\Local\Temp\VMBuilds\Collective\arduino_due_x\Debug/core.a(USBCore.cpp.o)
 .text._ZN5Print5writeEPKhj
                0x000835a0       0x22 C:\Users\ffala\AppData\Local\Temp\VMBuilds\Collective\arduino_due_x\Debug/core.a(Print.cpp.o)
                0x000835a0                Print::write(unsigned char const*, unsigned int)
 *fill*         0x000835c2        0x2 
 .text._ZN7Serial_9availableEv
                0x000835c4       0x18 C:\Users\ffala\AppData\Local\Temp\VMBuilds\Collective\arduino_due_x\Debug/core.a(CDC.cpp.o)
                0x000835c4                Serial_::available()
 .text._ZN7Serial_17availableForWriteEv
                0x000835dc        0x6 C:\Users\ffala\AppData\Local\Temp\VMBuilds\Collective\arduino_due_x\Debug/core.a(CDC.cpp.o)
                0x000835dc                Serial_::availableForWrite()
 *fill*         0x000835e2        0x2 
 .text._ZN7Serial_4peekEv
                0x000835e4       0x20 C:\Users\ffala\AppData\Local\Temp\VMBuilds\Collective\arduino_due_x\Debug/core.a(CDC.cpp.o)
                0x000835e4                Serial_::peek()
 .text._ZN7Serial_5writeEh
                0x00083604       0x16 C:\Users\ffala\AppData\Local\Temp\VMBuilds\Collective\arduino_due_x\Debug/core.a(CDC.cpp.o)
                0x00083604                Serial_::write(unsigned char)
 *fill*         0x0008361a        0x2 
 .text._ZN7Serial_4readEv
                0x0008361c       0x44 C:\Users\ffala\AppData\Local\Temp\VMBuilds\Collective\arduino_due_x\Debug/core.a(CDC.cpp.o)
                0x0008361c                Serial_::read()
 .text._ZN7Serial_5flushEv
                0x00083660        0x6 C:\Users\ffala\AppData\Local\Temp\VMBuilds\Collective\arduino_due_x\Debug/core.a(CDC.cpp.o)
                0x00083660                Serial_::flush()
 *fill*         0x00083666        0x2 
 .text._ZN7Serial_6acceptEv
                0x00083668       0x70 C:\Users\ffala\AppData\Local\Temp\VMBuilds\Collective\arduino_due_x\Debug/core.a(CDC.cpp.o)
                0x00083668                Serial_::accept()
 .text._ZN7Serial_5writeEPKhj
                0x000836d8       0x2c C:\Users\ffala\AppData\Local\Temp\VMBuilds\Collective\arduino_due_x\Debug/core.a(CDC.cpp.o)
                0x000836d8                Serial_::write(unsigned char const*, unsigned int)
 .text._Z16CDC_GetInterfacePh
                0x00083704       0x14 C:\Users\ffala\AppData\Local\Temp\VMBuilds\Collective\arduino_due_x\Debug/core.a(CDC.cpp.o)
                0x00083704                CDC_GetInterface(unsigned char*)
 .text._Z21CDC_GetOtherInterfacePh
                0x00083718       0x14 C:\Users\ffala\AppData\Local\Temp\VMBuilds\Collective\arduino_due_x\Debug/core.a(CDC.cpp.o)
                0x00083718                CDC_GetOtherInterface(unsigned char*)
 .text._Z9CDC_SetupR8USBSetup
                0x0008372c       0x78 C:\Users\ffala\AppData\Local\Temp\VMBuilds\Collective\arduino_due_x\Debug/core.a(CDC.cpp.o)
                0x0008372c                CDC_Setup(USBSetup&)
 .text.startup._GLOBAL__sub_I_cdc_rx_buffer
                0x000837a4       0x1c C:\Users\ffala\AppData\Local\Temp\VMBuilds\Collective\arduino_due_x\Debug/core.a(CDC.cpp.o)
 .text.TimeTick_Increment
                0x000837c0       0x10 C:\Users\ffala\AppData\Local\arduino15\packages\arduino\hardware\sam\1.6.12\variants\arduino_due_x/libsam_sam3x8e_gcc_rel.a(timetick.o)
                0x000837c0                TimeTick_Increment
 .text.GetTickCount
                0x000837d0        0xc C:\Users\ffala\AppData\Local\arduino15\packages\arduino\hardware\sam\1.6.12\variants\arduino_due_x/libsam_sam3x8e_gcc_rel.a(timetick.o)
                0x000837d0                GetTickCount
 .text.WDT_Disable
                0x000837dc        0x8 C:\Users\ffala\AppData\Local\arduino15\packages\arduino\hardware\sam\1.6.12\variants\arduino_due_x/libsam_sam3x8e_gcc_rel.a(wdt.o)
                0x000837dc                WDT_Disable
 .text.UDD_SetStack
                0x000837e4        0xc C:\Users\ffala\AppData\Local\arduino15\packages\arduino\hardware\sam\1.6.12\variants\arduino_due_x/libsam_sam3x8e_gcc_rel.a(uotghs_device.o)
                0x000837e4                UDD_SetStack
 .text.UDD_Init
                0x000837f0       0xd0 C:\Users\ffala\AppData\Local\arduino15\packages\arduino\hardware\sam\1.6.12\variants\arduino_due_x/libsam_sam3x8e_gcc_rel.a(uotghs_device.o)
                0x000837f0                UDD_Init
 .text.UDD_Attach
                0x000838c0       0x50 C:\Users\ffala\AppData\Local\arduino15\packages\arduino\hardware\sam\1.6.12\variants\arduino_due_x/libsam_sam3x8e_gcc_rel.a(uotghs_device.o)
                0x000838c0                UDD_Attach
 .text.UDD_InitEP
                0x00083910       0x2c C:\Users\ffala\AppData\Local\arduino15\packages\arduino\hardware\sam\1.6.12\variants\arduino_due_x/libsam_sam3x8e_gcc_rel.a(uotghs_device.o)
                0x00083910                UDD_InitEP
 .text.UDD_InitEndpoints
                0x0008393c       0x3c C:\Users\ffala\AppData\Local\arduino15\packages\arduino\hardware\sam\1.6.12\variants\arduino_due_x/libsam_sam3x8e_gcc_rel.a(uotghs_device.o)
                0x0008393c                UDD_InitEndpoints
 .text.UDD_WaitIN
                0x00083978       0x10 C:\Users\ffala\AppData\Local\arduino15\packages\arduino\hardware\sam\1.6.12\variants\arduino_due_x/libsam_sam3x8e_gcc_rel.a(uotghs_device.o)
                0x00083978                UDD_WaitIN
 .text.UDD_WaitOUT
                0x00083988       0x10 C:\Users\ffala\AppData\Local\arduino15\packages\arduino\hardware\sam\1.6.12\variants\arduino_due_x/libsam_sam3x8e_gcc_rel.a(uotghs_device.o)
                0x00083988                UDD_WaitOUT
 .text.UDD_ClearIN
                0x00083998       0x18 C:\Users\ffala\AppData\Local\arduino15\packages\arduino\hardware\sam\1.6.12\variants\arduino_due_x/libsam_sam3x8e_gcc_rel.a(uotghs_device.o)
                0x00083998                UDD_ClearIN
 .text.UDD_ClearOUT
                0x000839b0       0x18 C:\Users\ffala\AppData\Local\arduino15\packages\arduino\hardware\sam\1.6.12\variants\arduino_due_x/libsam_sam3x8e_gcc_rel.a(uotghs_device.o)
                0x000839b0                UDD_ClearOUT
 .text.UDD_ReceivedSetupInt
                0x000839c8       0x10 C:\Users\ffala\AppData\Local\arduino15\packages\arduino\hardware\sam\1.6.12\variants\arduino_due_x/libsam_sam3x8e_gcc_rel.a(uotghs_device.o)
                0x000839c8                UDD_ReceivedSetupInt
 .text.UDD_ClearSetupInt
                0x000839d8       0x10 C:\Users\ffala\AppData\Local\arduino15\packages\arduino\hardware\sam\1.6.12\variants\arduino_due_x/libsam_sam3x8e_gcc_rel.a(uotghs_device.o)
                0x000839d8                UDD_ClearSetupInt
 .text.UDD_Send
                0x000839e8       0x88 C:\Users\ffala\AppData\Local\arduino15\packages\arduino\hardware\sam\1.6.12\variants\arduino_due_x/libsam_sam3x8e_gcc_rel.a(uotghs_device.o)
                0x000839e8                UDD_Send
 .text.UDD_Send8
                0x00083a70       0x24 C:\Users\ffala\AppData\Local\arduino15\packages\arduino\hardware\sam\1.6.12\variants\arduino_due_x/libsam_sam3x8e_gcc_rel.a(uotghs_device.o)
                0x00083a70                UDD_Send8
 .text.UDD_Recv8
                0x00083a94       0x28 C:\Users\ffala\AppData\Local\arduino15\packages\arduino\hardware\sam\1.6.12\variants\arduino_due_x/libsam_sam3x8e_gcc_rel.a(uotghs_device.o)
                0x00083a94                UDD_Recv8
 .text.UDD_Recv
                0x00083abc       0x34 C:\Users\ffala\AppData\Local\arduino15\packages\arduino\hardware\sam\1.6.12\variants\arduino_due_x/libsam_sam3x8e_gcc_rel.a(uotghs_device.o)
                0x00083abc                UDD_Recv
 .text.UDD_Stall
                0x00083af0       0x14 C:\Users\ffala\AppData\Local\arduino15\packages\arduino\hardware\sam\1.6.12\variants\arduino_due_x/libsam_sam3x8e_gcc_rel.a(uotghs_device.o)
                0x00083af0                UDD_Stall
 .text.UDD_FifoByteCount
                0x00083b04       0x14 C:\Users\ffala\AppData\Local\arduino15\packages\arduino\hardware\sam\1.6.12\variants\arduino_due_x/libsam_sam3x8e_gcc_rel.a(uotghs_device.o)
                0x00083b04                UDD_FifoByteCount
 .text.UDD_ReleaseRX
                0x00083b18       0x28 C:\Users\ffala\AppData\Local\arduino15\packages\arduino\hardware\sam\1.6.12\variants\arduino_due_x/libsam_sam3x8e_gcc_rel.a(uotghs_device.o)
                0x00083b18                UDD_ReleaseRX
 .text.UDD_ReleaseTX
                0x00083b40       0x28 C:\Users\ffala\AppData\Local\arduino15\packages\arduino\hardware\sam\1.6.12\variants\arduino_due_x/libsam_sam3x8e_gcc_rel.a(uotghs_device.o)
                0x00083b40                UDD_ReleaseTX
 .text.UDD_SetAddress
                0x00083b68       0x20 C:\Users\ffala\AppData\Local\arduino15\packages\arduino\hardware\sam\1.6.12\variants\arduino_due_x/libsam_sam3x8e_gcc_rel.a(uotghs_device.o)
                0x00083b68                UDD_SetAddress
 .text.__fpclassifyd
                0x00083b88       0x50 c:/users/ffala/appdata/local/arduino15/packages/arduino/tools/arm-none-eabi-gcc/4.8.3-2014q1/bin/../lib/gcc/arm-none-eabi/4.8.3/../../../../arm-none-eabi/lib/armv7-m\libm.a(lib_a-s_fpclassify.o)
                0x00083b88                __fpclassifyd
 .text.atan2    0x00083bd8        0x4 c:/users/ffala/appdata/local/arduino15/packages/arduino/tools/arm-none-eabi-gcc/4.8.3-2014q1/bin/../lib/gcc/arm-none-eabi/4.8.3/../../../../arm-none-eabi/lib/armv7-m\libm.a(lib_a-w_atan2.o)
                0x00083bd8                atan2
 .text.pow      0x00083bdc      0x2f8 c:/users/ffala/appdata/local/arduino15/packages/arduino/tools/arm-none-eabi-gcc/4.8.3-2014q1/bin/../lib/gcc/arm-none-eabi/4.8.3/../../../../arm-none-eabi/lib/armv7-m\libm.a(lib_a-w_pow.o)
                0x00083bdc                pow
 *fill*         0x00083ed4        0x4 
 .text.__ieee754_atan2
                0x00083ed8      0x1f0 c:/users/ffala/appdata/local/arduino15/packages/arduino/tools/arm-none-eabi-gcc/4.8.3-2014q1/bin/../lib/gcc/arm-none-eabi/4.8.3/../../../../arm-none-eabi/lib/armv7-m\libm.a(lib_a-e_atan2.o)
                0x00083ed8                __ieee754_atan2
 .text.__ieee754_pow
                0x000840c8      0xab8 c:/users/ffala/appdata/local/arduino15/packages/arduino/tools/arm-none-eabi-gcc/4.8.3-2014q1/bin/../lib/gcc/arm-none-eabi/4.8.3/../../../../arm-none-eabi/lib/armv7-m\libm.a(lib_a-e_pow.o)
                0x000840c8                __ieee754_pow
 .text.__ieee754_sqrt
                0x00084b80      0x180 c:/users/ffala/appdata/local/arduino15/packages/arduino/tools/arm-none-eabi-gcc/4.8.3-2014q1/bin/../lib/gcc/arm-none-eabi/4.8.3/../../../../arm-none-eabi/lib/armv7-m\libm.a(lib_a-e_sqrt.o)
                0x00084b80                __ieee754_sqrt
 .text.atan     0x00084d00      0x350 c:/users/ffala/appdata/local/arduino15/packages/arduino/tools/arm-none-eabi-gcc/4.8.3-2014q1/bin/../lib/gcc/arm-none-eabi/4.8.3/../../../../arm-none-eabi/lib/armv7-m\libm.a(lib_a-s_atan.o)
                0x00084d00                atan
 .text.fabs     0x00085050        0x8 c:/users/ffala/appdata/local/arduino15/packages/arduino/tools/arm-none-eabi-gcc/4.8.3-2014q1/bin/../lib/gcc/arm-none-eabi/4.8.3/../../../../arm-none-eabi/lib/armv7-m\libm.a(lib_a-s_fabs.o)
                0x00085050                fabs
 .text.finite   0x00085058        0xc c:/users/ffala/appdata/local/arduino15/packages/arduino/tools/arm-none-eabi-gcc/4.8.3-2014q1/bin/../lib/gcc/arm-none-eabi/4.8.3/../../../../arm-none-eabi/lib/armv7-m\libm.a(lib_a-s_finite.o)
                0x00085058                finite
 .text.matherr  0x00085064        0x4 c:/users/ffala/appdata/local/arduino15/packages/arduino/tools/arm-none-eabi-gcc/4.8.3-2014q1/bin/../lib/gcc/arm-none-eabi/4.8.3/../../../../arm-none-eabi/lib/armv7-m\libm.a(lib_a-s_matherr.o)
                0x00085064                matherr
 .text.nan      0x00085068        0xc c:/users/ffala/appdata/local/arduino15/packages/arduino/tools/arm-none-eabi-gcc/4.8.3-2014q1/bin/../lib/gcc/arm-none-eabi/4.8.3/../../../../arm-none-eabi/lib/armv7-m\libm.a(lib_a-s_nan.o)
                0x00085068                nan
 .text.rint     0x00085074      0x118 c:/users/ffala/appdata/local/arduino15/packages/arduino/tools/arm-none-eabi-gcc/4.8.3-2014q1/bin/../lib/gcc/arm-none-eabi/4.8.3/../../../../arm-none-eabi/lib/armv7-m\libm.a(lib_a-s_rint.o)
                0x00085074                rint
 *fill*         0x0008518c        0x4 
 .text.scalbn   0x00085190      0x100 c:/users/ffala/appdata/local/arduino15/packages/arduino/tools/arm-none-eabi-gcc/4.8.3-2014q1/bin/../lib/gcc/arm-none-eabi/4.8.3/../../../../arm-none-eabi/lib/armv7-m\libm.a(lib_a-s_scalbn.o)
                0x00085190                scalbn
 .text.copysign
                0x00085290       0x14 c:/users/ffala/appdata/local/arduino15/packages/arduino/tools/arm-none-eabi-gcc/4.8.3-2014q1/bin/../lib/gcc/arm-none-eabi/4.8.3/../../../../arm-none-eabi/lib/armv7-m\libm.a(lib_a-s_copysign.o)
                0x00085290                copysign
 .text          0x000852a4      0x370 c:/users/ffala/appdata/local/arduino15/packages/arduino/tools/arm-none-eabi-gcc/4.8.3-2014q1/bin/../lib/gcc/arm-none-eabi/4.8.3/armv7-m\libgcc.a(_arm_addsubdf3.o)
                0x000852a4                __aeabi_drsub
                0x000852ac                __aeabi_dsub
                0x000852ac                __subdf3
                0x000852b0                __aeabi_dadd
                0x000852b0                __adddf3
                0x00085528                __floatunsidf
                0x00085528                __aeabi_ui2d
                0x00085548                __floatsidf
                0x00085548                __aeabi_i2d
                0x0008556c                __aeabi_f2d
                0x0008556c                __extendsfdf2
                0x000855a8                __floatundidf
                0x000855a8                __aeabi_ul2d
                0x000855b8                __floatdidf
                0x000855b8                __aeabi_l2d
 .text          0x00085614      0x424 c:/users/ffala/appdata/local/arduino15/packages/arduino/tools/arm-none-eabi-gcc/4.8.3-2014q1/bin/../lib/gcc/arm-none-eabi/4.8.3/armv7-m\libgcc.a(_arm_muldivdf3.o)
                0x00085614                __aeabi_dmul
                0x00085614                __muldf3
                0x00085868                __divdf3
                0x00085868                __aeabi_ddiv
 .text          0x00085a38      0x110 c:/users/ffala/appdata/local/arduino15/packages/arduino/tools/arm-none-eabi-gcc/4.8.3-2014q1/bin/../lib/gcc/arm-none-eabi/4.8.3/armv7-m\libgcc.a(_arm_cmpdf2.o)
                0x00085a38                __gtdf2
                0x00085a38                __gedf2
                0x00085a40                __ltdf2
                0x00085a40                __ledf2
                0x00085a48                __nedf2
                0x00085a48                __eqdf2
                0x00085a48                __cmpdf2
                0x00085ac4                __aeabi_cdrcmple
                0x00085ad4                __aeabi_cdcmpeq
                0x00085ad4                __aeabi_cdcmple
                0x00085ae4                __aeabi_dcmpeq
                0x00085af8                __aeabi_dcmplt
                0x00085b0c                __aeabi_dcmple
                0x00085b20                __aeabi_dcmpge
                0x00085b34                __aeabi_dcmpgt
 .text          0x00085b48       0x50 c:/users/ffala/appdata/local/arduino15/packages/arduino/tools/arm-none-eabi-gcc/4.8.3-2014q1/bin/../lib/gcc/arm-none-eabi/4.8.3/armv7-m\libgcc.a(_arm_fixdfsi.o)
                0x00085b48                __aeabi_d2iz
                0x00085b48                __fixdfsi
 .text.__errno  0x00085b98        0xc c:/users/ffala/appdata/local/arduino15/packages/arduino/tools/arm-none-eabi-gcc/4.8.3-2014q1/bin/../lib/gcc/arm-none-eabi/4.8.3/../../../../arm-none-eabi/lib/armv7-m\libc.a(lib_a-errno.o)
                0x00085b98                __errno
 .text.__libc_init_array
                0x00085ba4       0x50 c:/users/ffala/appdata/local/arduino15/packages/arduino/tools/arm-none-eabi-gcc/4.8.3-2014q1/bin/../lib/gcc/arm-none-eabi/4.8.3/../../../../arm-none-eabi/lib/armv7-m\libc.a(lib_a-init.o)
                0x00085ba4                __libc_init_array
 .text.malloc   0x00085bf4       0x10 c:/users/ffala/appdata/local/arduino15/packages/arduino/tools/arm-none-eabi-gcc/4.8.3-2014q1/bin/../lib/gcc/arm-none-eabi/4.8.3/../../../../arm-none-eabi/lib/armv7-m\libc.a(lib_a-malloc.o)
                0x00085bf4                malloc
 .text._malloc_r
                0x00085c04      0x538 c:/users/ffala/appdata/local/arduino15/packages/arduino/tools/arm-none-eabi-gcc/4.8.3-2014q1/bin/../lib/gcc/arm-none-eabi/4.8.3/../../../../arm-none-eabi/lib/armv7-m\libc.a(lib_a-mallocr.o)
                0x00085c04                _malloc_r
 .text          0x0008613c       0xec c:/users/ffala/appdata/local/arduino15/packages/arduino/tools/arm-none-eabi-gcc/4.8.3-2014q1/bin/../lib/gcc/arm-none-eabi/4.8.3/../../../../arm-none-eabi/lib/armv7-m\libc.a(lib_a-memcpy.o)
                0x0008613c                memcpy
 .text.memset   0x00086228       0x94 c:/users/ffala/appdata/local/arduino15/packages/arduino/tools/arm-none-eabi-gcc/4.8.3-2014q1/bin/../lib/gcc/arm-none-eabi/4.8.3/../../../../arm-none-eabi/lib/armv7-m\libc.a(lib_a-memset.o)
                0x00086228                memset
 .text.__malloc_lock
                0x000862bc        0x4 c:/users/ffala/appdata/local/arduino15/packages/arduino/tools/arm-none-eabi-gcc/4.8.3-2014q1/bin/../lib/gcc/arm-none-eabi/4.8.3/../../../../arm-none-eabi/lib/armv7-m\libc.a(lib_a-mlock.o)
                0x000862bc                __malloc_lock
 .text.__malloc_unlock
                0x000862c0        0x4 c:/users/ffala/appdata/local/arduino15/packages/arduino/tools/arm-none-eabi-gcc/4.8.3-2014q1/bin/../lib/gcc/arm-none-eabi/4.8.3/../../../../arm-none-eabi/lib/armv7-m\libc.a(lib_a-mlock.o)
                0x000862c0                __malloc_unlock
 .text._sbrk_r  0x000862c4       0x24 c:/users/ffala/appdata/local/arduino15/packages/arduino/tools/arm-none-eabi-gcc/4.8.3-2014q1/bin/../lib/gcc/arm-none-eabi/4.8.3/../../../../arm-none-eabi/lib/armv7-m\libc.a(lib_a-sbrkr.o)
                0x000862c4                _sbrk_r
 .text.strlen   0x000862e8       0x60 c:/users/ffala/appdata/local/arduino15/packages/arduino/tools/arm-none-eabi-gcc/4.8.3-2014q1/bin/../lib/gcc/arm-none-eabi/4.8.3/../../../../arm-none-eabi/lib/armv7-m\libc.a(lib_a-strlen.o)
                0x000862e8                strlen
 .text.kill     0x00086348       0x10 c:/users/ffala/appdata/local/arduino15/packages/arduino/tools/arm-none-eabi-gcc/4.8.3-2014q1/bin/../lib/gcc/arm-none-eabi/4.8.3/../../../../arm-none-eabi/lib/armv7-m\libc.a(lib_a-syskill.o)
                0x00086348                kill
 .text.startup.register_fini
                0x00086358       0x14 c:/users/ffala/appdata/local/arduino15/packages/arduino/tools/arm-none-eabi-gcc/4.8.3-2014q1/bin/../lib/gcc/arm-none-eabi/4.8.3/../../../../arm-none-eabi/lib/armv7-m\libc.a(lib_a-__call_atexit.o)
 .text.atexit   0x0008636c        0xc c:/users/ffala/appdata/local/arduino15/packages/arduino/tools/arm-none-eabi-gcc/4.8.3-2014q1/bin/../lib/gcc/arm-none-eabi/4.8.3/../../../../arm-none-eabi/lib/armv7-m\libc.a(lib_a-atexit.o)
                0x0008636c                atexit
 .text.__libc_fini_array
                0x00086378       0x30 c:/users/ffala/appdata/local/arduino15/packages/arduino/tools/arm-none-eabi-gcc/4.8.3-2014q1/bin/../lib/gcc/arm-none-eabi/4.8.3/../../../../arm-none-eabi/lib/armv7-m\libc.a(lib_a-fini.o)
                0x00086378                __libc_fini_array
 .text._malloc_trim_r
                0x000863a8       0x9c c:/users/ffala/appdata/local/arduino15/packages/arduino/tools/arm-none-eabi-gcc/4.8.3-2014q1/bin/../lib/gcc/arm-none-eabi/4.8.3/../../../../arm-none-eabi/lib/armv7-m\libc.a(lib_a-freer.o)
                0x000863a8                _malloc_trim_r
 .text._free_r  0x00086444      0x198 c:/users/ffala/appdata/local/arduino15/packages/arduino/tools/arm-none-eabi-gcc/4.8.3-2014q1/bin/../lib/gcc/arm-none-eabi/4.8.3/../../../../arm-none-eabi/lib/armv7-m\libc.a(lib_a-freer.o)
                0x00086444                _free_r
 .text._kill_r  0x000865dc       0x28 c:/users/ffala/appdata/local/arduino15/packages/arduino/tools/arm-none-eabi-gcc/4.8.3-2014q1/bin/../lib/gcc/arm-none-eabi/4.8.3/../../../../arm-none-eabi/lib/armv7-m\libc.a(lib_a-signalr.o)
                0x000865dc                _kill_r
 .text.__register_exitproc
                0x00086604       0xa8 c:/users/ffala/appdata/local/arduino15/packages/arduino/tools/arm-none-eabi-gcc/4.8.3-2014q1/bin/../lib/gcc/arm-none-eabi/4.8.3/../../../../arm-none-eabi/lib/armv7-m\libc.a(lib_a-__atexit.o)
                0x00086604                __register_exitproc
 *(.glue_7t)
 .glue_7t       0x00000000        0x0 linker stubs
 *(.glue_7)
 .glue_7        0x00000000        0x0 linker stubs
 *(.rodata .rodata* .gnu.linkonce.r.*)
 .rodata._ZL20_hidReportDescriptor
                0x000866ac       0x36 Mouse\Mouse.cpp.o
 *fill*         0x000866e2        0x6 
 .rodata._ZTV4HID_
                0x000866e8       0x18 HID\HID.cpp.o
                0x000866e8                vtable for HID_
 .rodata._ZTV11DynamicHID_
                0x00086700       0x18 Joystick\DynamicHID\DynamicHID.cpp.o
                0x00086700                vtable for DynamicHID_
 .rodata.g_APinDescription
                0x00086718      0xa2c C:\Users\ffala\AppData\Local\Temp\VMBCore\arduino16x\922fc88d1652663fbabfa7e6c09952c9\variant\variant.cpp.o
                0x00086718                g_APinDescription
 .rodata        0x00087144       0x40 C:\Users\ffala\AppData\Local\arduino15\packages\arduino\hardware\sam\1.6.12\variants\arduino_due_x/libsam_sam3x8e_gcc_rel.a(adc.o)
 *fill*         0x00087184        0x4 
 .rodata._ZTV9UARTClass
                0x00087188       0x30 C:\Users\ffala\AppData\Local\Temp\VMBuilds\Collective\arduino_due_x\Debug/core.a(UARTClass.cpp.o)
                0x00087188                vtable for UARTClass
 .rodata._ZTV10USARTClass
                0x000871b8       0x30 C:\Users\ffala\AppData\Local\Temp\VMBuilds\Collective\arduino_due_x\Debug/core.a(USARTClass.cpp.o)
                0x000871b8                vtable for USARTClass
 .rodata.STRING_PRODUCT
                0x000871e8        0xc C:\Users\ffala\AppData\Local\Temp\VMBuilds\Collective\arduino_due_x\Debug/core.a(USBCore.cpp.o)
                0x000871e8                STRING_PRODUCT
 .rodata.USB_DeviceDescriptor
                0x000871f4       0x12 C:\Users\ffala\AppData\Local\Temp\VMBuilds\Collective\arduino_due_x\Debug/core.a(USBCore.cpp.o)
                0x000871f4                USB_DeviceDescriptor
 .rodata.STRING_LANGUAGE
                0x00087206        0x4 C:\Users\ffala\AppData\Local\Temp\VMBuilds\Collective\arduino_due_x\Debug/core.a(USBCore.cpp.o)
                0x00087206                STRING_LANGUAGE
 .rodata._ZL18test_packet_buffer
                0x0008720a       0x35 C:\Users\ffala\AppData\Local\Temp\VMBuilds\Collective\arduino_due_x\Debug/core.a(USBCore.cpp.o)
 .rodata.STRING_MANUFACTURER
                0x0008723f        0xc C:\Users\ffala\AppData\Local\Temp\VMBuilds\Collective\arduino_due_x\Debug/core.a(USBCore.cpp.o)
                0x0008723f                STRING_MANUFACTURER
 .rodata.USB_DeviceDescriptorA
                0x0008724b       0x12 C:\Users\ffala\AppData\Local\Temp\VMBuilds\Collective\arduino_due_x\Debug/core.a(USBCore.cpp.o)
                0x0008724b                USB_DeviceDescriptorA
 .rodata._ZL19USB_DeviceQualifier
                0x0008725d        0x9 C:\Users\ffala\AppData\Local\Temp\VMBuilds\Collective\arduino_due_x\Debug/core.a(USBCore.cpp.o)
 *fill*         0x00087266        0x2 
 .rodata._ZTV7Serial_
                0x00087268       0x28 C:\Users\ffala\AppData\Local\Temp\VMBuilds\Collective\arduino_due_x\Debug/core.a(CDC.cpp.o)
                0x00087268                vtable for Serial_
 .rodata._ZL18_cdcOtherInterface
                0x00087290       0x42 C:\Users\ffala\AppData\Local\Temp\VMBuilds\Collective\arduino_due_x\Debug/core.a(CDC.cpp.o)
 .rodata._ZL13_cdcInterface
                0x000872d2       0x42 C:\Users\ffala\AppData\Local\Temp\VMBuilds\Collective\arduino_due_x\Debug/core.a(CDC.cpp.o)
 .rodata.str1.4
                0x00087314        0x4 c:/users/ffala/appdata/local/arduino15/packages/arduino/tools/arm-none-eabi-gcc/4.8.3-2014q1/bin/../lib/gcc/arm-none-eabi/4.8.3/../../../../arm-none-eabi/lib/armv7-m\libm.a(lib_a-w_pow.o)
 .rodata.dp_h   0x00087318       0x10 c:/users/ffala/appdata/local/arduino15/packages/arduino/tools/arm-none-eabi-gcc/4.8.3-2014q1/bin/../lib/gcc/arm-none-eabi/4.8.3/../../../../arm-none-eabi/lib/armv7-m\libm.a(lib_a-e_pow.o)
 .rodata.dp_l   0x00087328       0x10 c:/users/ffala/appdata/local/arduino15/packages/arduino/tools/arm-none-eabi-gcc/4.8.3-2014q1/bin/../lib/gcc/arm-none-eabi/4.8.3/../../../../arm-none-eabi/lib/armv7-m\libm.a(lib_a-e_pow.o)
 .rodata.bp     0x00087338       0x10 c:/users/ffala/appdata/local/arduino15/packages/arduino/tools/arm-none-eabi-gcc/4.8.3-2014q1/bin/../lib/gcc/arm-none-eabi/4.8.3/../../../../arm-none-eabi/lib/armv7-m\libm.a(lib_a-e_pow.o)
 .rodata.str1.4
                0x00087348        0x1 c:/users/ffala/appdata/local/arduino15/packages/arduino/tools/arm-none-eabi-gcc/4.8.3-2014q1/bin/../lib/gcc/arm-none-eabi/4.8.3/../../../../arm-none-eabi/lib/armv7-m\libm.a(lib_a-e_pow.o)
                                  0x4 (size before relaxing)
 *fill*         0x00087349        0x7 
 .rodata.atanlo
                0x00087350       0x20 c:/users/ffala/appdata/local/arduino15/packages/arduino/tools/arm-none-eabi-gcc/4.8.3-2014q1/bin/../lib/gcc/arm-none-eabi/4.8.3/../../../../arm-none-eabi/lib/armv7-m\libm.a(lib_a-s_atan.o)
 .rodata.atanhi
                0x00087370       0x20 c:/users/ffala/appdata/local/arduino15/packages/arduino/tools/arm-none-eabi-gcc/4.8.3-2014q1/bin/../lib/gcc/arm-none-eabi/4.8.3/../../../../arm-none-eabi/lib/armv7-m\libm.a(lib_a-s_atan.o)
 .rodata.TWO52  0x00087390       0x10 c:/users/ffala/appdata/local/arduino15/packages/arduino/tools/arm-none-eabi-gcc/4.8.3-2014q1/bin/../lib/gcc/arm-none-eabi/4.8.3/../../../../arm-none-eabi/lib/armv7-m\libm.a(lib_a-s_rint.o)
 .rodata.str1.4
                0x000873a0        0x4 c:/users/ffala/appdata/local/arduino15/packages/arduino/tools/arm-none-eabi-gcc/4.8.3-2014q1/bin/../lib/gcc/arm-none-eabi/4.8.3/../../../../arm-none-eabi/lib/armv7-m\libc.a(lib_a-impure.o)
 .rodata._global_impure_ptr
                0x000873a4        0x4 c:/users/ffala/appdata/local/arduino15/packages/arduino/tools/arm-none-eabi-gcc/4.8.3-2014q1/bin/../lib/gcc/arm-none-eabi/4.8.3/../../../../arm-none-eabi/lib/armv7-m\libc.a(lib_a-impure.o)
                0x000873a4                _global_impure_ptr
 *(.ARM.extab* .gnu.linkonce.armextab.*)
                0x000873a8                . = ALIGN (0x4)
 *(.init)
 .init          0x000873a8        0x4 c:/users/ffala/appdata/local/arduino15/packages/arduino/tools/arm-none-eabi-gcc/4.8.3-2014q1/bin/../lib/gcc/arm-none-eabi/4.8.3/armv7-m/crti.o
                0x000873a8                _init
 .init          0x000873ac        0x8 c:/users/ffala/appdata/local/arduino15/packages/arduino/tools/arm-none-eabi-gcc/4.8.3-2014q1/bin/../lib/gcc/arm-none-eabi/4.8.3/armv7-m/crtn.o
                0x000873b4                . = ALIGN (0x4)
                0x000873b4                __preinit_array_start = .
 *(.preinit_array)
                0x000873b4                __preinit_array_end = .
                0x000873b4                . = ALIGN (0x4)
                0x000873b4                __init_array_start = .
 *(SORT(.init_array.*))
 .init_array.00000
                0x000873b4        0x4 c:/users/ffala/appdata/local/arduino15/packages/arduino/tools/arm-none-eabi-gcc/4.8.3-2014q1/bin/../lib/gcc/arm-none-eabi/4.8.3/../../../../arm-none-eabi/lib/armv7-m\libc.a(lib_a-__call_atexit.o)
 *(.init_array)
 .init_array    0x000873b8        0x4 c:/users/ffala/appdata/local/arduino15/packages/arduino/tools/arm-none-eabi-gcc/4.8.3-2014q1/bin/../lib/gcc/arm-none-eabi/4.8.3/armv7-m/crtbegin.o
 .init_array    0x000873bc        0x4 Collective.cpp.o
 .init_array    0x000873c0        0x4 Mouse\Mouse.cpp.o
 .init_array    0x000873c4        0x4 C:\Users\ffala\AppData\Local\Temp\VMBCore\arduino16x\922fc88d1652663fbabfa7e6c09952c9\variant\variant.cpp.o
 .init_array    0x000873c8        0x4 C:\Users\ffala\AppData\Local\Temp\VMBuilds\Collective\arduino_due_x\Debug/core.a(USBCore.cpp.o)
 .init_array    0x000873cc        0x4 C:\Users\ffala\AppData\Local\Temp\VMBuilds\Collective\arduino_due_x\Debug/core.a(CDC.cpp.o)
                0x000873d0                __init_array_end = .
                0x000873d0                . = ALIGN (0x4)
 *crtbegin.o(.ctors)
 *(EXCLUDE_FILE(*crtend.o) .ctors)
 *(SORT(.ctors.*))
 *crtend.o(.ctors)
                0x000873d0                . = ALIGN (0x4)
 *(.fini)
 .fini          0x000873d0        0x4 c:/users/ffala/appdata/local/arduino15/packages/arduino/tools/arm-none-eabi-gcc/4.8.3-2014q1/bin/../lib/gcc/arm-none-eabi/4.8.3/armv7-m/crti.o
                0x000873d0                _fini
 .fini          0x000873d4        0x8 c:/users/ffala/appdata/local/arduino15/packages/arduino/tools/arm-none-eabi-gcc/4.8.3-2014q1/bin/../lib/gcc/arm-none-eabi/4.8.3/armv7-m/crtn.o
                0x000873dc                . = ALIGN (0x4)
                0x000873dc                __fini_array_start = .
 *(.fini_array)
 .fini_array    0x000873dc        0x4 c:/users/ffala/appdata/local/arduino15/packages/arduino/tools/arm-none-eabi-gcc/4.8.3-2014q1/bin/../lib/gcc/arm-none-eabi/4.8.3/armv7-m/crtbegin.o
 *(SORT(.fini_array.*))
                0x000873e0                __fini_array_end = .
 *crtbegin.o(.dtors)
 *(EXCLUDE_FILE(*crtend.o) .dtors)
 *(SORT(.dtors.*))
 *crtend.o(.dtors)
                0x000873e0                . = ALIGN (0x4)
                0x000873e0                _efixed = .
                0x000873e0                PROVIDE (__exidx_start, .)

.vfp11_veneer   0x000873e0        0x0
 .vfp11_veneer  0x00000000        0x0 linker stubs

.v4_bx          0x000873e0        0x0
 .v4_bx         0x00000000        0x0 linker stubs

.iplt           0x000873e0        0x0
 .iplt          0x00000000        0x0 c:/users/ffala/appdata/local/arduino15/packages/arduino/tools/arm-none-eabi-gcc/4.8.3-2014q1/bin/../lib/gcc/arm-none-eabi/4.8.3/armv7-m/crtbegin.o

.eh_frame       0x000873e0        0x0
 .eh_frame      0x000873e0        0x0 c:/users/ffala/appdata/local/arduino15/packages/arduino/tools/arm-none-eabi-gcc/4.8.3-2014q1/bin/../lib/gcc/arm-none-eabi/4.8.3/armv7-m/crtbegin.o

.rel.dyn        0x000873e0        0x0
 .rel.iplt      0x00000000        0x0 c:/users/ffala/appdata/local/arduino15/packages/arduino/tools/arm-none-eabi-gcc/4.8.3-2014q1/bin/../lib/gcc/arm-none-eabi/4.8.3/armv7-m/crtbegin.o

.jcr            0x000873e0        0x0
 .jcr           0x000873e0        0x0 c:/users/ffala/appdata/local/arduino15/packages/arduino/tools/arm-none-eabi-gcc/4.8.3-2014q1/bin/../lib/gcc/arm-none-eabi/4.8.3/armv7-m/crtbegin.o

.igot.plt       0x000873e0        0x0
 .igot.plt      0x00000000        0x0 c:/users/ffala/appdata/local/arduino15/packages/arduino/tools/arm-none-eabi-gcc/4.8.3-2014q1/bin/../lib/gcc/arm-none-eabi/4.8.3/armv7-m/crtbegin.o

.ARM.exidx
 *(.ARM.exidx* .gnu.linkonce.armexidx.*)
                0x000873e0                PROVIDE (__exidx_end, .)
                0x000873e0                . = ALIGN (0x4)
                0x000873e0                _etext = .

.relocate       0x20070000      0x8b4 load address 0x000873e0
                0x20070000                . = ALIGN (0x4)
                0x20070000                _srelocate = .
 *(.ramfunc .ramfunc.*)
 .ramfunc       0x20070000       0x2c C:\Users\ffala\AppData\Local\Temp\VMBuilds\Collective\arduino_due_x\Debug/core.a(Reset.cpp.o)
                0x20070000                banzai
 *(.data .data.*)
 .data.SystemCoreClock
                0x2007002c        0x4 C:\Users\ffala\AppData\Local\arduino15\packages\arduino\hardware\sam\1.6.12\variants\arduino_due_x/libsam_sam3x8e_gcc_rel.a(system_sam3xa.o)
                0x2007002c                SystemCoreClock
 .data.latestSelectedChannel.9384
                0x20070030        0x4 C:\Users\ffala\AppData\Local\Temp\VMBuilds\Collective\arduino_due_x\Debug/core.a(wiring_analog.c.o)
 .data._readResolution
                0x20070034        0x4 C:\Users\ffala\AppData\Local\Temp\VMBuilds\Collective\arduino_due_x\Debug/core.a(wiring_analog.c.o)
 .data._ZL5ticks
                0x20070038        0x4 C:\Users\ffala\AppData\Local\Temp\VMBuilds\Collective\arduino_due_x\Debug/core.a(Reset.cpp.o)
 .data.EndPoints
                0x2007003c       0x28 C:\Users\ffala\AppData\Local\Temp\VMBuilds\Collective\arduino_due_x\Debug/core.a(USBCore.cpp.o)
                0x2007003c                EndPoints
 .data._ZL10breakValue
                0x20070064        0x4 C:\Users\ffala\AppData\Local\Temp\VMBuilds\Collective\arduino_due_x\Debug/core.a(CDC.cpp.o)
 .data._ZL12_usbLineInfo
                0x20070068        0x8 C:\Users\ffala\AppData\Local\Temp\VMBuilds\Collective\arduino_due_x\Debug/core.a(CDC.cpp.o)
 .data.g_interrupt_enabled
                0x20070070        0x4 C:\Users\ffala\AppData\Local\arduino15\packages\arduino\hardware\sam\1.6.12\variants\arduino_due_x/libsam_sam3x8e_gcc_rel.a(interrupt_sam_nvic.o)
                0x20070070                g_interrupt_enabled
 .data.__fdlib_version
                0x20070074        0x1 c:/users/ffala/appdata/local/arduino15/packages/arduino/tools/arm-none-eabi-gcc/4.8.3-2014q1/bin/../lib/gcc/arm-none-eabi/4.8.3/../../../../arm-none-eabi/lib/armv7-m\libm.a(lib_a-s_lib_ver.o)
                0x20070074                __fdlib_version
 *fill*         0x20070075        0x3 
 .data.impure_data
                0x20070078      0x428 c:/users/ffala/appdata/local/arduino15/packages/arduino/tools/arm-none-eabi-gcc/4.8.3-2014q1/bin/../lib/gcc/arm-none-eabi/4.8.3/../../../../arm-none-eabi/lib/armv7-m\libc.a(lib_a-impure.o)
 .data._impure_ptr
                0x200704a0        0x4 c:/users/ffala/appdata/local/arduino15/packages/arduino/tools/arm-none-eabi-gcc/4.8.3-2014q1/bin/../lib/gcc/arm-none-eabi/4.8.3/../../../../arm-none-eabi/lib/armv7-m\libc.a(lib_a-impure.o)
                0x200704a0                _impure_ptr
 .data.__malloc_av_
                0x200704a4      0x408 c:/users/ffala/appdata/local/arduino15/packages/arduino/tools/arm-none-eabi-gcc/4.8.3-2014q1/bin/../lib/gcc/arm-none-eabi/4.8.3/../../../../arm-none-eabi/lib/armv7-m\libc.a(lib_a-mallocr.o)
                0x200704a4                __malloc_av_
 .data.__malloc_trim_threshold
                0x200708ac        0x4 c:/users/ffala/appdata/local/arduino15/packages/arduino/tools/arm-none-eabi-gcc/4.8.3-2014q1/bin/../lib/gcc/arm-none-eabi/4.8.3/../../../../arm-none-eabi/lib/armv7-m\libc.a(lib_a-mallocr.o)
                0x200708ac                __malloc_trim_threshold
 .data.__malloc_sbrk_base
                0x200708b0        0x4 c:/users/ffala/appdata/local/arduino15/packages/arduino/tools/arm-none-eabi-gcc/4.8.3-2014q1/bin/../lib/gcc/arm-none-eabi/4.8.3/../../../../arm-none-eabi/lib/armv7-m\libc.a(lib_a-mallocr.o)
                0x200708b0                __malloc_sbrk_base
                0x200708b4                . = ALIGN (0x4)
                0x200708b4                _erelocate = .

.bss            0x200708b4      0xc48 load address 0x00087c94
                0x200708b4                . = ALIGN (0x4)
                0x200708b4                _sbss = .
                0x200708b4                _szero = .
 *(.bss .bss.*)
 .bss           0x200708b4       0x1c c:/users/ffala/appdata/local/arduino15/packages/arduino/tools/arm-none-eabi-gcc/4.8.3-2014q1/bin/../lib/gcc/arm-none-eabi/4.8.3/armv7-m/crtbegin.o
 .bss.zOut      0x200708d0        0x8 Collective.cpp.o
                0x200708d0                zOut
 .bss.stickAngle
                0x200708d8        0x8 Collective.cpp.o
                0x200708d8                stickAngle
 .bss.tLastCrsRecenter
                0x200708e0        0x4 Collective.cpp.o
                0x200708e0                tLastCrsRecenter
 .bss.t_ForePanel_Tgl0
                0x200708e4        0x4 Collective.cpp.o
                0x200708e4                t_ForePanel_Tgl0
 .bss.rot1_Tfwd
                0x200708e8        0x4 Collective.cpp.o
                0x200708e8                rot1_Tfwd
 .bss.rot1_a    0x200708ec        0x4 Collective.cpp.o
                0x200708ec                rot1_a
 .bss.xOut      0x200708f0        0x8 Collective.cpp.o
                0x200708f0                xOut
 .bss.headA     0x200708f8        0x4 Collective.cpp.o
                0x200708f8                headA
 .bss.rot0_Tback
                0x200708fc        0x4 Collective.cpp.o
                0x200708fc                rot0_Tback
 .bss.headC     0x20070900        0x4 Collective.cpp.o
                0x20070900                headC
 .bss.headD     0x20070904        0x4 Collective.cpp.o
                0x20070904                headD
 .bss.headE     0x20070908        0x4 Collective.cpp.o
                0x20070908                headE
 *fill*         0x2007090c        0x4 
 .bss.axisRX    0x20070910       0x20 Collective.cpp.o
                0x20070910                axisRX
 .bss.axisRY    0x20070930       0x20 Collective.cpp.o
                0x20070930                axisRY
 .bss.useThbCursor
                0x20070950        0x1 Collective.cpp.o
                0x20070950                useThbCursor
 *fill*         0x20070951        0x7 
 .bss.axisY     0x20070958       0x20 Collective.cpp.o
                0x20070958                axisY
 .bss.navAngle  0x20070978        0x4 Collective.cpp.o
                0x20070978                navAngle
 .bss.rot2_a    0x2007097c        0x4 Collective.cpp.o
                0x2007097c                rot2_a
 .bss.ryOut     0x20070980        0x8 Collective.cpp.o
                0x20070980                ryOut
 .bss.rot1_Tback
                0x20070988        0x4 Collective.cpp.o
                0x20070988                rot1_Tback
 .bss.headB     0x2007098c        0x4 Collective.cpp.o
                0x2007098c                headB
 .bss.rot0_a    0x20070990        0x4 Collective.cpp.o
                0x20070990                rot0_a
 .bss.useThbstickHat
                0x20070994        0x1 Collective.cpp.o
                0x20070994                useThbstickHat
 *fill*         0x20070995        0x3 
 .bss.joystick  0x20070998       0x54 Collective.cpp.o
                0x20070998                joystick
 .bss.mils      0x200709ec        0x4 Collective.cpp.o
                0x200709ec                mils
 .bss.rot0_Tfwd
                0x200709f0        0x4 Collective.cpp.o
                0x200709f0                rot0_Tfwd
 .bss.rot2_Tfwd
                0x200709f4        0x4 Collective.cpp.o
                0x200709f4                rot2_Tfwd
 .bss.rot2_Tback
                0x200709f8        0x4 Collective.cpp.o
                0x200709f8                rot2_Tback
 .bss.hatAngle  0x200709fc        0x4 Collective.cpp.o
                0x200709fc                hatAngle
 .bss.useScrollWheel
                0x20070a00        0x1 Collective.cpp.o
                0x20070a00                useScrollWheel
 *fill*         0x20070a01        0x7 
 .bss.tOut      0x20070a08        0x8 Collective.cpp.o
                0x20070a08                tOut
 .bss.axisColl  0x20070a10       0x20 Collective.cpp.o
                0x20070a10                axisColl
 .bss.rot0_b    0x20070a30        0x4 Collective.cpp.o
                0x20070a30                rot0_b
 *fill*         0x20070a34        0x4 
 .bss.axisX     0x20070a38       0x20 Collective.cpp.o
                0x20070a38                axisX
 .bss.rot1_b    0x20070a58        0x4 Collective.cpp.o
                0x20070a58                rot1_b
 .bss.tgl0L     0x20070a5c        0x1 Collective.cpp.o
                0x20070a5c                tgl0L
 *fill*         0x20070a5d        0x3 
 .bss.rot2_b    0x20070a60        0x4 Collective.cpp.o
                0x20070a60                rot2_b
 *fill*         0x20070a64        0x4 
 .bss.rxOut     0x20070a68        0x8 Collective.cpp.o
                0x20070a68                rxOut
 .bss.axisTwist
                0x20070a70       0x20 Collective.cpp.o
                0x20070a70                axisTwist
 .bss.yOut      0x20070a90        0x8 Collective.cpp.o
                0x20070a90                yOut
 .bss.tgl0R     0x20070a98        0x1 Collective.cpp.o
                0x20070a98                tgl0R
 .bss.Mouse     0x20070a99        0x1 Mouse\Mouse.cpp.o
                0x20070a99                Mouse
 *fill*         0x20070a9a        0x2 
 .bss._ZGVZN6Mouse_C1EvE4node
                0x20070a9c        0x4 Mouse\Mouse.cpp.o
 .bss._ZZN6Mouse_C1EvE4node
                0x20070aa0        0xc Mouse\Mouse.cpp.o
 .bss._ZGVZ3HIDvE3obj
                0x20070aac        0x4 HID\HID.cpp.o
 .bss._ZZ3HIDvE3obj
                0x20070ab0       0x1c HID\HID.cpp.o
 .bss._ZZ10DynamicHIDvE3obj
                0x20070acc       0x1c Joystick\DynamicHID\DynamicHID.cpp.o
 .bss._ZGVZ10DynamicHIDvE3obj
                0x20070ae8        0x4 Joystick\DynamicHID\DynamicHID.cpp.o
 .bss.tx_buffer2
                0x20070aec       0x88 C:\Users\ffala\AppData\Local\Temp\VMBCore\arduino16x\922fc88d1652663fbabfa7e6c09952c9\variant\variant.cpp.o
                0x20070aec                tx_buffer2
 .bss.tx_buffer1
                0x20070b74       0x88 C:\Users\ffala\AppData\Local\Temp\VMBCore\arduino16x\922fc88d1652663fbabfa7e6c09952c9\variant\variant.cpp.o
                0x20070b74                tx_buffer1
 .bss.Serial    0x20070bfc       0x24 C:\Users\ffala\AppData\Local\Temp\VMBCore\arduino16x\922fc88d1652663fbabfa7e6c09952c9\variant\variant.cpp.o
                0x20070bfc                Serial
 .bss.rx_buffer1
                0x20070c20       0x88 C:\Users\ffala\AppData\Local\Temp\VMBCore\arduino16x\922fc88d1652663fbabfa7e6c09952c9\variant\variant.cpp.o
                0x20070c20                rx_buffer1
 .bss.Serial1   0x20070ca8       0x28 C:\Users\ffala\AppData\Local\Temp\VMBCore\arduino16x\922fc88d1652663fbabfa7e6c09952c9\variant\variant.cpp.o
                0x20070ca8                Serial1
 .bss.Serial2   0x20070cd0       0x28 C:\Users\ffala\AppData\Local\Temp\VMBCore\arduino16x\922fc88d1652663fbabfa7e6c09952c9\variant\variant.cpp.o
                0x20070cd0                Serial2
 .bss.Serial3   0x20070cf8       0x28 C:\Users\ffala\AppData\Local\Temp\VMBCore\arduino16x\922fc88d1652663fbabfa7e6c09952c9\variant\variant.cpp.o
                0x20070cf8                Serial3
 .bss.tx_buffer3
                0x20070d20       0x88 C:\Users\ffala\AppData\Local\Temp\VMBCore\arduino16x\922fc88d1652663fbabfa7e6c09952c9\variant\variant.cpp.o
                0x20070d20                tx_buffer3
 .bss.tx_buffer4
                0x20070da8       0x88 C:\Users\ffala\AppData\Local\Temp\VMBCore\arduino16x\922fc88d1652663fbabfa7e6c09952c9\variant\variant.cpp.o
                0x20070da8                tx_buffer4
 .bss.g_pinStatus
                0x20070e30       0x4f C:\Users\ffala\AppData\Local\Temp\VMBCore\arduino16x\922fc88d1652663fbabfa7e6c09952c9\variant\variant.cpp.o
                0x20070e30                g_pinStatus
 *fill*         0x20070e7f        0x1 
 .bss.rx_buffer2
                0x20070e80       0x88 C:\Users\ffala\AppData\Local\Temp\VMBCore\arduino16x\922fc88d1652663fbabfa7e6c09952c9\variant\variant.cpp.o
                0x20070e80                rx_buffer2
 .bss.rx_buffer3
                0x20070f08       0x88 C:\Users\ffala\AppData\Local\Temp\VMBCore\arduino16x\922fc88d1652663fbabfa7e6c09952c9\variant\variant.cpp.o
                0x20070f08                rx_buffer3
 .bss.rx_buffer4
                0x20070f90       0x88 C:\Users\ffala\AppData\Local\Temp\VMBCore\arduino16x\922fc88d1652663fbabfa7e6c09952c9\variant\variant.cpp.o
                0x20070f90                rx_buffer4
 .bss.gpf_isr   0x20071018        0x4 C:\Users\ffala\AppData\Local\arduino15\packages\arduino\hardware\sam\1.6.12\variants\arduino_due_x/libsam_sam3x8e_gcc_rel.a(uotghs.o)
                0x20071018                gpf_isr
 .bss.heap.6420
                0x2007101c        0x4 C:\Users\ffala\AppData\Local\Temp\VMBuilds\Collective\arduino_due_x\Debug/core.a(syscalls_sam3.c.o)
 .bss.enabled.9380
                0x20071020        0x4 C:\Users\ffala\AppData\Local\Temp\VMBuilds\Collective\arduino_due_x\Debug/core.a(WInterrupts.c.o)
 .bss.callbacksPioA
                0x20071024       0x80 C:\Users\ffala\AppData\Local\Temp\VMBuilds\Collective\arduino_due_x\Debug/core.a(WInterrupts.c.o)
 .bss.callbacksPioB
                0x200710a4       0x80 C:\Users\ffala\AppData\Local\Temp\VMBuilds\Collective\arduino_due_x\Debug/core.a(WInterrupts.c.o)
 .bss.callbacksPioC
                0x20071124       0x80 C:\Users\ffala\AppData\Local\Temp\VMBuilds\Collective\arduino_due_x\Debug/core.a(WInterrupts.c.o)
 .bss.callbacksPioD
                0x200711a4       0x80 C:\Users\ffala\AppData\Local\Temp\VMBuilds\Collective\arduino_due_x\Debug/core.a(WInterrupts.c.o)
 .bss._ZZ12PluggableUSBvE3obj
                0x20071224        0x8 C:\Users\ffala\AppData\Local\Temp\VMBuilds\Collective\arduino_due_x\Debug/core.a(PluggableUSB.cpp.o)
 .bss._ZGVZ12PluggableUSBvE3obj
                0x2007122c        0x4 C:\Users\ffala\AppData\Local\Temp\VMBuilds\Collective\arduino_due_x\Debug/core.a(PluggableUSB.cpp.o)
 .bss._cmark    0x20071230        0x2 C:\Users\ffala\AppData\Local\Temp\VMBuilds\Collective\arduino_due_x\Debug/core.a(USBCore.cpp.o)
                0x20071230                _cmark
 .bss._ZL14isEndpointHalt
                0x20071232        0x1 C:\Users\ffala\AppData\Local\Temp\VMBuilds\Collective\arduino_due_x\Debug/core.a(USBCore.cpp.o)
 *fill*         0x20071233        0x1 
 .bss._cdcComposite
                0x20071234        0x4 C:\Users\ffala\AppData\Local\Temp\VMBuilds\Collective\arduino_due_x\Debug/core.a(USBCore.cpp.o)
                0x20071234                _cdcComposite
 .bss._ZL21isRemoteWakeUpEnabled
                0x20071238        0x1 C:\Users\ffala\AppData\Local\Temp\VMBuilds\Collective\arduino_due_x\Debug/core.a(USBCore.cpp.o)
 *fill*         0x20071239        0x3 
 .bss._usbInitialized
                0x2007123c        0x4 C:\Users\ffala\AppData\Local\Temp\VMBuilds\Collective\arduino_due_x\Debug/core.a(USBCore.cpp.o)
                0x2007123c                _usbInitialized
 .bss.USBDevice
                0x20071240        0x1 C:\Users\ffala\AppData\Local\Temp\VMBuilds\Collective\arduino_due_x\Debug/core.a(USBCore.cpp.o)
                0x20071240                USBDevice
 *fill*         0x20071241        0x3 
 .bss._usbSetInterface
                0x20071244        0x4 C:\Users\ffala\AppData\Local\Temp\VMBuilds\Collective\arduino_due_x\Debug/core.a(USBCore.cpp.o)
                0x20071244                _usbSetInterface
 .bss._cend     0x20071248        0x2 C:\Users\ffala\AppData\Local\Temp\VMBuilds\Collective\arduino_due_x\Debug/core.a(USBCore.cpp.o)
                0x20071248                _cend
 *fill*         0x2007124a        0x2 
 .bss._usbConfiguration
                0x2007124c        0x4 C:\Users\ffala\AppData\Local\Temp\VMBuilds\Collective\arduino_due_x\Debug/core.a(USBCore.cpp.o)
                0x2007124c                _usbConfiguration
 .bss.cdc_rx_buffer
                0x20071250      0x208 C:\Users\ffala\AppData\Local\Temp\VMBuilds\Collective\arduino_due_x\Debug/core.a(CDC.cpp.o)
                0x20071250                cdc_rx_buffer
 .bss._ZZN7Serial_6acceptEvE5guard
                0x20071458        0x4 C:\Users\ffala\AppData\Local\Temp\VMBuilds\Collective\arduino_due_x\Debug/core.a(CDC.cpp.o)
 .bss.SerialUSB
                0x2007145c       0x14 C:\Users\ffala\AppData\Local\Temp\VMBuilds\Collective\arduino_due_x\Debug/core.a(CDC.cpp.o)
                0x2007145c                SerialUSB
 .bss._dwTickCount
                0x20071470        0x4 C:\Users\ffala\AppData\Local\arduino15\packages\arduino\hardware\sam\1.6.12\variants\arduino_due_x/libsam_sam3x8e_gcc_rel.a(timetick.o)
 .bss.ul_recv_fifo_ptr
                0x20071474       0x28 C:\Users\ffala\AppData\Local\arduino15\packages\arduino\hardware\sam\1.6.12\variants\arduino_due_x/libsam_sam3x8e_gcc_rel.a(uotghs_device.o)
 .bss.ul_send_fifo_ptr
                0x2007149c       0x28 C:\Users\ffala\AppData\Local\arduino15\packages\arduino\hardware\sam\1.6.12\variants\arduino_due_x/libsam_sam3x8e_gcc_rel.a(uotghs_device.o)
 .bss.__malloc_max_total_mem
                0x200714c4        0x4 c:/users/ffala/appdata/local/arduino15/packages/arduino/tools/arm-none-eabi-gcc/4.8.3-2014q1/bin/../lib/gcc/arm-none-eabi/4.8.3/../../../../arm-none-eabi/lib/armv7-m\libc.a(lib_a-mallocr.o)
                0x200714c4                __malloc_max_total_mem
 .bss.__malloc_max_sbrked_mem
                0x200714c8        0x4 c:/users/ffala/appdata/local/arduino15/packages/arduino/tools/arm-none-eabi-gcc/4.8.3-2014q1/bin/../lib/gcc/arm-none-eabi/4.8.3/../../../../arm-none-eabi/lib/armv7-m\libc.a(lib_a-mallocr.o)
                0x200714c8                __malloc_max_sbrked_mem
 .bss.__malloc_top_pad
                0x200714cc        0x4 c:/users/ffala/appdata/local/arduino15/packages/arduino/tools/arm-none-eabi-gcc/4.8.3-2014q1/bin/../lib/gcc/arm-none-eabi/4.8.3/../../../../arm-none-eabi/lib/armv7-m\libc.a(lib_a-mallocr.o)
                0x200714cc                __malloc_top_pad
 .bss.__malloc_current_mallinfo
                0x200714d0       0x28 c:/users/ffala/appdata/local/arduino15/packages/arduino/tools/arm-none-eabi-gcc/4.8.3-2014q1/bin/../lib/gcc/arm-none-eabi/4.8.3/../../../../arm-none-eabi/lib/armv7-m\libc.a(lib_a-mallocr.o)
                0x200714d0                __malloc_current_mallinfo
 *(COMMON)
 COMMON         0x200714f8        0x4 c:/users/ffala/appdata/local/arduino15/packages/arduino/tools/arm-none-eabi-gcc/4.8.3-2014q1/bin/../lib/gcc/arm-none-eabi/4.8.3/../../../../arm-none-eabi/lib/armv7-m\libc.a(lib_a-reent.o)
                0x200714f8                errno
                0x200714fc                . = ALIGN (0x4)
                0x200714fc                _ebss = .
                0x200714fc                _ezero = .
                0x200714fc                . = ALIGN (0x4)
                0x200714fc                _end = .

.stack_dummy    0x200714fc        0x0
 *(.stack*)
                0x20088000                __StackTop = (ORIGIN (ram) + 0x18000)
                0x20088000                __StackLimit = (__StackTop - SIZEOF (.stack_dummy))
                0x20088000                PROVIDE (_sstack, __StackLimit)
                0x20088000                PROVIDE (_estack, __StackTop)
OUTPUT(C:\Users\ffala\AppData\Local\Temp\VMBuilds\Collective\arduino_due_x\Debug/Collective.ino.elf elf32-littlearm)

.ARM.attributes
                0x00000000       0x29
 .ARM.attributes
                0x00000000       0x1d c:/users/ffala/appdata/local/arduino15/packages/arduino/tools/arm-none-eabi-gcc/4.8.3-2014q1/bin/../lib/gcc/arm-none-eabi/4.8.3/armv7-m/crti.o
 .ARM.attributes
                0x0000001d       0x2d c:/users/ffala/appdata/local/arduino15/packages/arduino/tools/arm-none-eabi-gcc/4.8.3-2014q1/bin/../lib/gcc/arm-none-eabi/4.8.3/armv7-m/crtbegin.o
 .ARM.attributes
                0x0000004a       0x33 Collective.cpp.o
 .ARM.attributes
                0x0000007d       0x33 Mouse\Mouse.cpp.o
 .ARM.attributes
                0x000000b0       0x33 HID\HID.cpp.o
 .ARM.attributes
                0x000000e3       0x33 Joystick\Joystick.cpp.o
 .ARM.attributes
                0x00000116       0x33 Joystick\DynamicHID\DynamicHID.cpp.o
 .ARM.attributes
                0x00000149       0x33 C:\Users\ffala\AppData\Local\Temp\VMBCore\arduino16x\922fc88d1652663fbabfa7e6c09952c9\variant\variant.cpp.o
 .ARM.attributes
                0x0000017c       0x33 C:\Users\ffala\AppData\Local\arduino15\packages\arduino\hardware\sam\1.6.12\variants\arduino_due_x/libsam_sam3x8e_gcc_rel.a(pio.o)
 .ARM.attributes
                0x000001af       0x33 C:\Users\ffala\AppData\Local\arduino15\packages\arduino\hardware\sam\1.6.12\variants\arduino_due_x/libsam_sam3x8e_gcc_rel.a(pmc.o)
 .ARM.attributes
                0x000001e2       0x33 C:\Users\ffala\AppData\Local\arduino15\packages\arduino\hardware\sam\1.6.12\variants\arduino_due_x/libsam_sam3x8e_gcc_rel.a(system_sam3xa.o)
 .ARM.attributes
                0x00000215       0x33 C:\Users\ffala\AppData\Local\arduino15\packages\arduino\hardware\sam\1.6.12\variants\arduino_due_x/libsam_sam3x8e_gcc_rel.a(startup_sam3xa.o)
 .ARM.attributes
                0x00000248       0x33 C:\Users\ffala\AppData\Local\arduino15\packages\arduino\hardware\sam\1.6.12\variants\arduino_due_x/libsam_sam3x8e_gcc_rel.a(adc.o)
 .ARM.attributes
                0x0000027b       0x33 C:\Users\ffala\AppData\Local\arduino15\packages\arduino\hardware\sam\1.6.12\variants\arduino_due_x/libsam_sam3x8e_gcc_rel.a(uotghs.o)
 .ARM.attributes