Archive member included because of file (symbol)

C:\Users\ffala\AppData\Local\arduino15\packages\arduino\hardware\sam\1.6.12\variants\arduino_due_x/libsam_sam3x8e_gcc_rel.a(pio.o)
                              Wire\Wire.cpp.o (PIO_Configure)
C:\Users\ffala\AppData\Local\arduino15\packages\arduino\hardware\sam\1.6.12\variants\arduino_due_x/libsam_sam3x8e_gcc_rel.a(pmc.o)
                              Wire\Wire.cpp.o (pmc_enable_periph_clk)
C:\Users\ffala\AppData\Local\arduino15\packages\arduino\hardware\sam\1.6.12\variants\arduino_due_x/libsam_sam3x8e_gcc_rel.a(twi.o)
                              Wire\Wire.cpp.o (TWI_SetClock)
C:\Users\ffala\AppData\Local\arduino15\packages\arduino\hardware\sam\1.6.12\variants\arduino_due_x/libsam_sam3x8e_gcc_rel.a(system_sam3xa.o)
                              C:\Users\ffala\AppData\Local\Temp\VMBCore\arduino16x\465cc76be5fbdacaf0a7d5897950b3d7\variant\variant.cpp.o (SystemInit)
C:\Users\ffala\AppData\Local\arduino15\packages\arduino\hardware\sam\1.6.12\variants\arduino_due_x/libsam_sam3x8e_gcc_rel.a(startup_sam3xa.o)
                              (Reset_Handler)
C:\Users\ffala\AppData\Local\arduino15\packages\arduino\hardware\sam\1.6.12\variants\arduino_due_x/libsam_sam3x8e_gcc_rel.a(adc.o)
                              C:\Users\ffala\AppData\Local\Temp\VMBCore\arduino16x\465cc76be5fbdacaf0a7d5897950b3d7\variant\variant.cpp.o (adc_init)
C:\Users\ffala\AppData\Local\arduino15\packages\arduino\hardware\sam\1.6.12\variants\arduino_due_x/libsam_sam3x8e_gcc_rel.a(uotghs.o)
                              C:\Users\ffala\AppData\Local\arduino15\packages\arduino\hardware\sam\1.6.12\variants\arduino_due_x/libsam_sam3x8e_gcc_rel.a(startup_sam3xa.o) (UOTGHS_Handler)
C:\Users\ffala\AppData\Local\Temp\VMBuilds\Yoke\arduino_due_x_hrv_yoke\Debug/core.a(cortex_handlers.c.o)
                              C:\Users\ffala\AppData\Local\arduino15\packages\arduino\hardware\sam\1.6.12\variants\arduino_due_x/libsam_sam3x8e_gcc_rel.a(startup_sam3xa.o) (NMI_Handler)
C:\Users\ffala\AppData\Local\Temp\VMBuilds\Yoke\arduino_due_x_hrv_yoke\Debug/core.a(hooks.c.o)
                              C:\Users\ffala\AppData\Local\Temp\VMBuilds\Yoke\arduino_due_x_hrv_yoke\Debug/core.a(cortex_handlers.c.o) (sysTickHook)
C:\Users\ffala\AppData\Local\Temp\VMBuilds\Yoke\arduino_due_x_hrv_yoke\Debug/core.a(syscalls_sam3.c.o)
                              (_sbrk)
C:\Users\ffala\AppData\Local\Temp\VMBuilds\Yoke\arduino_due_x_hrv_yoke\Debug/core.a(WInterrupts.c.o)
                              Yoke.cpp.o (attachInterrupt)
C:\Users\ffala\AppData\Local\Temp\VMBuilds\Yoke\arduino_due_x_hrv_yoke\Debug/core.a(wiring.c.o)
                              Yoke.cpp.o (millis)
C:\Users\ffala\AppData\Local\Temp\VMBuilds\Yoke\arduino_due_x_hrv_yoke\Debug/core.a(wiring_analog.c.o)
                              Yoke.cpp.o (analogReadResolution)
C:\Users\ffala\AppData\Local\Temp\VMBuilds\Yoke\arduino_due_x_hrv_yoke\Debug/core.a(wiring_digital.c.o)
                              Yoke.cpp.o (pinMode)
C:\Users\ffala\AppData\Local\Temp\VMBuilds\Yoke\arduino_due_x_hrv_yoke\Debug/core.a(abi.cpp.o)
                              Wire\Wire.cpp.o (__cxa_pure_virtual)
C:\Users\ffala\AppData\Local\Temp\VMBuilds\Yoke\arduino_due_x_hrv_yoke\Debug/core.a(main.cpp.o)
                              c:/users/ffala/appdata/local/arduino15/packages/arduino/tools/arm-none-eabi-gcc/4.8.3-2014q1/bin/../lib/gcc/arm-none-eabi/4.8.3/../../../../arm-none-eabi/lib/armv7-m/crt0.o (main)
C:\Users\ffala\AppData\Local\Temp\VMBuilds\Yoke\arduino_due_x_hrv_yoke\Debug/core.a(new.cpp.o)
                              Joystick\Joystick.cpp.o (operator new(unsigned int))
C:\Users\ffala\AppData\Local\Temp\VMBuilds\Yoke\arduino_due_x_hrv_yoke\Debug/core.a(Print.cpp.o)
                              LiquidCrystal_I2C\LiquidCrystal_I2C.cpp.o (Print::write(unsigned char const*, unsigned int))
C:\Users\ffala\AppData\Local\Temp\VMBuilds\Yoke\arduino_due_x_hrv_yoke\Debug/core.a(Reset.cpp.o)
                              C:\Users\ffala\AppData\Local\Temp\VMBuilds\Yoke\arduino_due_x_hrv_yoke\Debug/core.a(cortex_handlers.c.o) (tickReset)
C:\Users\ffala\AppData\Local\Temp\VMBuilds\Yoke\arduino_due_x_hrv_yoke\Debug/core.a(RingBuffer.cpp.o)
                              C:\Users\ffala\AppData\Local\Temp\VMBCore\arduino16x\465cc76be5fbdacaf0a7d5897950b3d7\variant\variant.cpp.o (RingBuffer::RingBuffer())
C:\Users\ffala\AppData\Local\Temp\VMBuilds\Yoke\arduino_due_x_hrv_yoke\Debug/core.a(UARTClass.cpp.o)
                              C:\Users\ffala\AppData\Local\Temp\VMBCore\arduino16x\465cc76be5fbdacaf0a7d5897950b3d7\variant\variant.cpp.o (UARTClass::available())
C:\Users\ffala\AppData\Local\Temp\VMBuilds\Yoke\arduino_due_x_hrv_yoke\Debug/core.a(USARTClass.cpp.o)
[...]
Memory Configuration

Name             Origin             Length             Attributes
rom              0x00080000         0x00080000         xr
sram0            0x20000000         0x00010000         xrw
sram1            0x20080000         0x00008000         xrw
ram              0x20070000         0x00018000         xrw
*default*        0x00000000         0xffffffff

Linker script and memory map

LOAD c:/users/ffala/appdata/local/arduino15/packages/arduino/tools/arm-none-eabi-gcc/4.8.3-2014q1/bin/../lib/gcc/arm-none-eabi/4.8.3/armv7-m/crti.o
LOAD c:/users/ffala/appdata/local/arduino15/packages/arduino/tools/arm-none-eabi-gcc/4.8.3-2014q1/bin/../lib/gcc/arm-none-eabi/4.8.3/armv7-m/crtbegin.o
LOAD c:/users/ffala/appdata/local/arduino15/packages/arduino/tools/arm-none-eabi-gcc/4.8.3-2014q1/bin/../lib/gcc/arm-none-eabi/4.8.3/../../../../arm-none-eabi/lib/armv7-m/crt0.o
START GROUP
LOAD Yoke.cpp.o
LOAD LiquidCrystal_I2C\LiquidCrystal_I2C.cpp.o
LOAD Wire\Wire.cpp.o
LOAD Joystick\Joystick.cpp.o
LOAD Joystick\DynamicHID\DynamicHID.cpp.o
LOAD Mouse\Mouse.cpp.o
LOAD HID\HID.cpp.o
LOAD Keyboard\Keyboard.cpp.o
LOAD C:\Users\ffala\AppData\Local\Temp\VMBCore\arduino16x\465cc76be5fbdacaf0a7d5897950b3d7\variant\variant.cpp.o
LOAD C:\Users\ffala\AppData\Local\arduino15\packages\arduino\hardware\sam\1.6.12\variants\arduino_due_x/libsam_sam3x8e_gcc_rel.a
LOAD C:\Users\ffala\AppData\Local\Temp\VMBuilds\Yoke\arduino_due_x_hrv_yoke\Debug/core.a
END GROUP
LOAD c:/users/ffala/appdata/local/arduino15/packages/arduino/tools/arm-none-eabi-gcc/4.8.3-2014q1/bin/../lib/gcc/arm-none-eabi/4.8.3/../../../../arm-none-eabi/lib/armv7-m\libm.a
LOAD c:/users/ffala/appdata/local/arduino15/packages/arduino/tools/arm-none-eabi-gcc/4.8.3-2014q1/bin/../lib/gcc/arm-none-eabi/4.8.3/armv7-m\libgcc.a
START GROUP
LOAD c:/users/ffala/appdata/local/arduino15/packages/arduino/tools/arm-none-eabi-gcc/4.8.3-2014q1/bin/../lib/gcc/arm-none-eabi/4.8.3/armv7-m\libgcc.a
LOAD c:/users/ffala/appdata/local/arduino15/packages/arduino/tools/arm-none-eabi-gcc/4.8.3-2014q1/bin/../lib/gcc/arm-none-eabi/4.8.3/../../../../arm-none-eabi/lib/armv7-m\libc.a
END GROUP
LOAD c:/users/ffala/appdata/local/arduino15/packages/arduino/tools/arm-none-eabi-gcc/4.8.3-2014q1/bin/../lib/gcc/arm-none-eabi/4.8.3/armv7-m/crtend.o
LOAD c:/users/ffala/appdata/local/arduino15/packages/arduino/tools/arm-none-eabi-gcc/4.8.3-2014q1/bin/../lib/gcc/arm-none-eabi/4.8.3/armv7-m/crtn.o

.text           0x00080000     0x9918
                0x00080000                . = ALIGN (0x4)
                0x00080000                _sfixed = .
 *(.vectors .vectors.*)
 .vectors       0x00080000       0xf4 C:\Users\ffala\AppData\Local\arduino15\packages\arduino\hardware\sam\1.6.12\variants\arduino_due_x/libsam_sam3x8e_gcc_rel.a(startup_sam3xa.o)
                0x00080000                exception_table
 *(.text .text.* .gnu.linkonce.t.*)
 .text          0x000800f4       0x54 c:/users/ffala/appdata/local/arduino15/packages/arduino/tools/arm-none-eabi-gcc/4.8.3-2014q1/bin/../lib/gcc/arm-none-eabi/4.8.3/armv7-m/crtbegin.o
 .text._ZN15AxisCalibration11processAxisEdd
                0x00080148      0x19c Yoke.cpp.o
                0x00080148                AxisCalibration::processAxis(double, double)
 .text.setup    0x000802e4      0x194 Yoke.cpp.o
                0x000802e4                setup
 .text.loop     0x00080478      0x31c Yoke.cpp.o
                0x00080478                loop
 .text._Z11encoderReadiiPViS0_PVmS2_b
                0x00080794       0x70 Yoke.cpp.o
                0x00080794                encoderRead(int, int, int volatile*, int volatile*, unsigned long volatile*, unsigned long volatile*, bool)
 .text._Z14interrupt_ROT0v
                0x00080804       0x30 Yoke.cpp.o
                0x00080804                interrupt_ROT0()
 .text._Z14interrupt_ROT1v
                0x00080834       0x30 Yoke.cpp.o
                0x00080834                interrupt_ROT1()
 *fill*         0x00080864        0x4 
 .text.startup._GLOBAL__sub_I_joystick
                0x00080868      0x108 Yoke.cpp.o
 .text._ZN17LiquidCrystal_I2CC2Ehhh
                0x00080970       0x18 LiquidCrystal_I2C\LiquidCrystal_I2C.cpp.o
                0x00080970                LiquidCrystal_I2C::LiquidCrystal_I2C(unsigned char, unsigned char, unsigned char)
                0x00080970                LiquidCrystal_I2C::LiquidCrystal_I2C(unsigned char, unsigned char, unsigned char)
 .text._ZN17LiquidCrystal_I2C13expanderWriteEh
                0x00080988       0x2c LiquidCrystal_I2C\LiquidCrystal_I2C.cpp.o
                0x00080988                LiquidCrystal_I2C::expanderWrite(unsigned char)
 .text._ZN17LiquidCrystal_I2C11noBacklightEv
                0x000809b4        0x8 LiquidCrystal_I2C\LiquidCrystal_I2C.cpp.o
                0x000809b4                LiquidCrystal_I2C::noBacklight()
 .text._ZN17LiquidCrystal_I2C9backlightEv
                0x000809bc        0xa LiquidCrystal_I2C\LiquidCrystal_I2C.cpp.o
                0x000809bc                LiquidCrystal_I2C::backlight()
 .text._ZN17LiquidCrystal_I2C11pulseEnableEh
                0x000809c6       0x2c LiquidCrystal_I2C\LiquidCrystal_I2C.cpp.o
                0x000809c6                LiquidCrystal_I2C::pulseEnable(unsigned char)
 .text._ZN17LiquidCrystal_I2C10write4bitsEh
                0x000809f2       0x16 LiquidCrystal_I2C\LiquidCrystal_I2C.cpp.o
                0x000809f2                LiquidCrystal_I2C::write4bits(unsigned char)
 .text._ZN17LiquidCrystal_I2C4sendEhh
                0x00080a08       0x22 LiquidCrystal_I2C\LiquidCrystal_I2C.cpp.o
                0x00080a08                LiquidCrystal_I2C::send(unsigned char, unsigned char)
 .text._ZN17LiquidCrystal_I2C5writeEh
                0x00080a2a        0xc LiquidCrystal_I2C\LiquidCrystal_I2C.cpp.o
                0x00080a2a                LiquidCrystal_I2C::write(unsigned char)
 .text._ZN17LiquidCrystal_I2C7commandEh
                0x00080a36        0x6 LiquidCrystal_I2C\LiquidCrystal_I2C.cpp.o
                0x00080a36                LiquidCrystal_I2C::command(unsigned char)
 .text._ZN17LiquidCrystal_I2C5clearEv
                0x00080a3c       0x14 LiquidCrystal_I2C\LiquidCrystal_I2C.cpp.o
                0x00080a3c                LiquidCrystal_I2C::clear()
 .text._ZN17LiquidCrystal_I2C4homeEv
                0x00080a50       0x14 LiquidCrystal_I2C\LiquidCrystal_I2C.cpp.o
                0x00080a50                LiquidCrystal_I2C::home()
 .text._ZN17LiquidCrystal_I2C9setCursorEhh
                0x00080a64       0x40 LiquidCrystal_I2C\LiquidCrystal_I2C.cpp.o
                0x00080a64                LiquidCrystal_I2C::setCursor(unsigned char, unsigned char)
 .text._ZN17LiquidCrystal_I2C7displayEv
                0x00080aa4       0x14 LiquidCrystal_I2C\LiquidCrystal_I2C.cpp.o
                0x00080aa4                LiquidCrystal_I2C::display()
 .text._ZN17LiquidCrystal_I2C10createCharEhPh
                0x00080ab8       0x28 LiquidCrystal_I2C\LiquidCrystal_I2C.cpp.o
                0x00080ab8                LiquidCrystal_I2C::createChar(unsigned char, unsigned char*)
 .text._ZN17LiquidCrystal_I2C5beginEhhh
                0x00080ae0       0xa8 LiquidCrystal_I2C\LiquidCrystal_I2C.cpp.o
                0x00080ae0                LiquidCrystal_I2C::begin(unsigned char, unsigned char, unsigned char)
 .text._ZN17LiquidCrystal_I2C9init_privEv
                0x00080b88       0x20 LiquidCrystal_I2C\LiquidCrystal_I2C.cpp.o
                0x00080b88                LiquidCrystal_I2C::init_priv()
 .text._ZN17LiquidCrystal_I2C4initEv
                0x00080ba8        0x4 LiquidCrystal_I2C\LiquidCrystal_I2C.cpp.o
                0x00080ba8                LiquidCrystal_I2C::init()
 .text._ZN17LiquidCrystal_I2C12setBacklightEh
                0x00080bac        0xa LiquidCrystal_I2C\LiquidCrystal_I2C.cpp.o
                0x00080bac                LiquidCrystal_I2C::setBacklight(unsigned char)
 .text._ZN7TwoWire5writeEPKhj
                0x00080bb6       0x50 Wire\Wire.cpp.o
                0x00080bb6                TwoWire::write(unsigned char const*, unsigned int)
 .text._ZN7TwoWire9availableEv
                0x00080c06        0xc Wire\Wire.cpp.o
                0x00080c06                TwoWire::available()
 .text._ZN7TwoWire4readEv
                0x00080c12       0x1e Wire\Wire.cpp.o
                0x00080c12                TwoWire::read()
 .text._ZN7TwoWire4peekEv
                0x00080c30       0x16 Wire\Wire.cpp.o
                0x00080c30                TwoWire::peek()
 .text._ZN7TwoWire5flushEv
                0x00080c46        0x2 Wire\Wire.cpp.o
                0x00080c46                TwoWire::flush()
 .text._ZN7TwoWire5writeEh
                0x00080c48       0x3a Wire\Wire.cpp.o
                0x00080c48                TwoWire::write(unsigned char)
 *fill*         0x00080c82        0x2 
 .text._ZL16TWI_WaitByteSentP3Twim.constprop.3
                0x00080c84       0x2c Wire\Wire.cpp.o
 .text._ZL24TWI_WaitTransferCompleteP3Twim.constprop.4
                0x00080cb0       0x2c Wire\Wire.cpp.o
 .text._ZL9Wire_Initv
                0x00080cdc       0x54 Wire\Wire.cpp.o
 .text._ZL12Wire1_Deinitv
                0x00080d30       0x18 Wire\Wire.cpp.o
 .text._ZL11Wire_Deinitv
                0x00080d48       0x18 Wire\Wire.cpp.o
 .text._ZL10Wire1_Initv
                0x00080d60       0x54 Wire\Wire.cpp.o
 .text._ZN7TwoWireC2EP3TwiPFvvES3_
                0x00080db4       0x48 Wire\Wire.cpp.o
                0x00080db4                TwoWire::TwoWire(Twi*, void (*)(), void (*)())
                0x00080db4                TwoWire::TwoWire(Twi*, void (*)(), void (*)())
 .text._ZN7TwoWire5beginEv
                0x00080dfc       0x30 Wire\Wire.cpp.o
                0x00080dfc                TwoWire::begin()
 .text._ZN7TwoWire17beginTransmissionEh
                0x00080e2c       0x12 Wire\Wire.cpp.o
                0x00080e2c                TwoWire::beginTransmission(unsigned char)
 .text._ZN7TwoWire15endTransmissionEh
                0x00080e3e       0x82 Wire\Wire.cpp.o
                0x00080e3e                TwoWire::endTransmission(unsigned char)
 .text._ZN7TwoWire15endTransmissionEv
                0x00080ec0        0x6 Wire\Wire.cpp.o
                0x00080ec0                TwoWire::endTransmission()
 .text._ZN7TwoWire9onServiceEv
                0x00080ec6      0x118 Wire\Wire.cpp.o
                0x00080ec6                TwoWire::onService()
 *fill*         0x00080fde        0x2 
 .text.TWI1_Handler
                0x00080fe0        0xc Wire\Wire.cpp.o
                0x00080fe0                TWI1_Handler
 .text.TWI0_Handler
                0x00080fec        0xc Wire\Wire.cpp.o
                0x00080fec                TWI0_Handler
 .text.startup._GLOBAL__sub_I__ZN7TwoWireC2EP3TwiPFvvES3_
                0x00080ff8       0x40 Wire\Wire.cpp.o
 .text._ZN9Joystick_C2Ehhhhbbbbbbbbbbb
                0x00081038      0x65e Joystick\Joystick.cpp.o
                0x00081038                Joystick_::Joystick_(unsigned char, unsigned char, unsigned char, unsigned char, bool, bool, bool, bool, bool, bool, bool, bool, bool, bool, bool)
                0x00081038                Joystick_::Joystick_(unsigned char, unsigned char, unsigned char, unsigned char, bool, bool, bool, bool, bool, bool, bool, bool, bool, bool, bool)
 .text._ZN9Joystick_21buildAndSet16BitValueEbsssssPh
                0x00081696       0x5a Joystick\Joystick.cpp.o
                0x00081696                Joystick_::buildAndSet16BitValue(bool, short, short, short, short, short, unsigned char*)
 .text._ZN9Joystick_20buildAndSetAxisValueEbsssPh
                0x000816f0       0x1e Joystick\Joystick.cpp.o
                0x000816f0                Joystick_::buildAndSetAxisValue(bool, short, short, short, unsigned char*)
 .text._ZN9Joystick_26buildAndSetSimulationValueEbsssPh
                0x0008170e       0x1e Joystick\Joystick.cpp.o
                0x0008170e                Joystick_::buildAndSetSimulationValue(bool, short, short, short, unsigned char*)
 .text._ZN9Joystick_9sendStateEv
                0x0008172c      0x210 Joystick\Joystick.cpp.o
                0x0008172c                Joystick_::sendState()
 .text._ZN9Joystick_5beginEb
                0x0008193c        0x8 Joystick\Joystick.cpp.o
                0x0008193c                Joystick_::begin(bool)
 .text._ZN9Joystick_11pressButtonEh
                0x00081944       0x2e Joystick\Joystick.cpp.o
                0x00081944                Joystick_::pressButton(unsigned char)
 .text._ZN9Joystick_13releaseButtonEh
                0x00081972       0x30 Joystick\Joystick.cpp.o
                0x00081972                Joystick_::releaseButton(unsigned char)
 .text._ZN9Joystick_9setButtonEhh
                0x000819a2        0xa Joystick\Joystick.cpp.o
                0x000819a2                Joystick_::setButton(unsigned char, unsigned char)
 .text._ZN9Joystick_8setXAxisEs
                0x000819ac        0xe Joystick\Joystick.cpp.o
                0x000819ac                Joystick_::setXAxis(short)
 .text._ZN9Joystick_8setYAxisEs
                0x000819ba        0xe Joystick\Joystick.cpp.o
                0x000819ba                Joystick_::setYAxis(short)
 .text._ZN9Joystick_8setZAxisEs
                0x000819c8        0xe Joystick\Joystick.cpp.o
                0x000819c8                Joystick_::setZAxis(short)
 .text._ZN9Joystick_9setRxAxisEs
                0x000819d6        0xe Joystick\Joystick.cpp.o
                0x000819d6                Joystick_::setRxAxis(short)
 .text._ZN9Joystick_9setRyAxisEs
                0x000819e4        0xe Joystick\Joystick.cpp.o
                0x000819e4                Joystick_::setRyAxis(short)
 .text._ZN9Joystick_9setRzAxisEs
                0x000819f2        0xe Joystick\Joystick.cpp.o
                0x000819f2                Joystick_::setRzAxis(short)
 .text._ZN11DynamicHID_12getShortNameEPc
                0x00081a00       0x24 Joystick\DynamicHID\DynamicHID.cpp.o
                0x00081a00                DynamicHID_::getShortName(char*)
 .text._ZN11DynamicHID_12getInterfaceEPh
                0x00081a24       0x90 Joystick\DynamicHID\DynamicHID.cpp.o
                0x00081a24                DynamicHID_::getInterface(unsigned char*)
 .text._ZN11DynamicHID_5setupER8USBSetup
                0x00081ab4       0x3e Joystick\DynamicHID\DynamicHID.cpp.o
                0x00081ab4                DynamicHID_::setup(USBSetup&)
 .text._ZN11DynamicHID_13getDescriptorER8USBSetup
                0x00081af2       0x46 Joystick\DynamicHID\DynamicHID.cpp.o
                0x00081af2                DynamicHID_::getDescriptor(USBSetup&)
 .text._ZN11DynamicHID_16AppendDescriptorEP23DynamicHIDSubDescriptor
                0x00081b38       0x1c Joystick\DynamicHID\DynamicHID.cpp.o
                0x00081b38                DynamicHID_::AppendDescriptor(DynamicHIDSubDescriptor*)
 .text._ZN11DynamicHID_10SendReportEhPKvi
                0x00081b54       0x34 Joystick\DynamicHID\DynamicHID.cpp.o
                0x00081b54                DynamicHID_::SendReport(unsigned char, void const*, int)
 .text._ZN11DynamicHID_C2Ev
                0x00081b88       0x38 Joystick\DynamicHID\DynamicHID.cpp.o
                0x00081b88                DynamicHID_::DynamicHID_()
                0x00081b88                DynamicHID_::DynamicHID_()
 .text._Z10DynamicHIDv
                0x00081bc0       0x20 Joystick\DynamicHID\DynamicHID.cpp.o
                0x00081bc0                DynamicHID()
 .text._ZN6Mouse_C2Ev
                0x00081be0       0x3c Mouse\Mouse.cpp.o
                0x00081be0                Mouse_::Mouse_()
                0x00081be0                Mouse_::Mouse_()
 .text._ZN6Mouse_5beginEv
                0x00081c1c        0x2 Mouse\Mouse.cpp.o
                0x00081c1c                Mouse_::begin()
 .text._ZN6Mouse_4moveEaaa
                0x00081c1e       0x28 Mouse\Mouse.cpp.o
                0x00081c1e                Mouse_::move(signed char, signed char, signed char)
 *fill*         0x00081c46        0x2 
 .text.startup._GLOBAL__sub_I__ZN6Mouse_C2Ev
                0x00081c48        0xc Mouse\Mouse.cpp.o
 .text._ZN4HID_12getShortNameEPc
                0x00081c54       0x24 HID\HID.cpp.o
                0x00081c54                HID_::getShortName(char*)
 .text._ZN4HID_12getInterfaceEPh
                0x00081c78       0x90 HID\HID.cpp.o
                0x00081c78                HID_::getInterface(unsigned char*)
 .text._ZN4HID_5setupER8USBSetup
                0x00081d08       0x3e HID\HID.cpp.o
                0x00081d08                HID_::setup(USBSetup&)
 .text._ZN4HID_13getDescriptorER8USBSetup
                0x00081d46       0x38 HID\HID.cpp.o
                0x00081d46                HID_::getDescriptor(USBSetup&)
 .text._ZN4HID_16AppendDescriptorEP16HIDSubDescriptor
                0x00081d7e       0x1c HID\HID.cpp.o
                0x00081d7e                HID_::AppendDescriptor(HIDSubDescriptor*)
 .text._ZN4HID_10SendReportEhPKvi
                0x00081d9a       0x28 HID\HID.cpp.o
                0x00081d9a                HID_::SendReport(unsigned char, void const*, int)
 *fill*         0x00081dc2        0x2 
 .text._ZN4HID_C2Ev
                0x00081dc4       0x38 HID\HID.cpp.o
                0x00081dc4                HID_::HID_()
                0x00081dc4                HID_::HID_()
 .text._Z3HIDv  0x00081dfc       0x20 HID\HID.cpp.o
                0x00081dfc                HID()
 .text._ZN9Keyboard_5writeEPKhj
                0x00081e1c       0x28 Keyboard\Keyboard.cpp.o
                0x00081e1c                Keyboard_::write(unsigned char const*, unsigned int)
 .text._ZN9Keyboard_C2Ev
                0x00081e44       0x44 Keyboard\Keyboard.cpp.o
                0x00081e44                Keyboard_::Keyboard_()
                0x00081e44                Keyboard_::Keyboard_()
 .text._ZN9Keyboard_10sendReportEP9KeyReport
                0x00081e88       0x16 Keyboard\Keyboard.cpp.o
                0x00081e88                Keyboard_::sendReport(KeyReport*)
 *fill*         0x00081e9e        0x2 
 .text._ZN9Keyboard_5pressEh
                0x00081ea0       0x88 Keyboard\Keyboard.cpp.o
                0x00081ea0                Keyboard_::press(unsigned char)
 .text._ZN9Keyboard_7releaseEh
                0x00081f28       0x64 Keyboard\Keyboard.cpp.o
                0x00081f28                Keyboard_::release(unsigned char)
 .text._ZN9Keyboard_5writeEh
                0x00081f8c       0x18 Keyboard\Keyboard.cpp.o
                0x00081f8c                Keyboard_::write(unsigned char)
 .text.startup._GLOBAL__sub_I__ZN9Keyboard_C2Ev
                0x00081fa4        0xc Keyboard\Keyboard.cpp.o
 .text._Z11serialEventv
                0x00081fb0        0x2 C:\Users\ffala\AppData\Local\Temp\VMBCore\arduino16x\465cc76be5fbdacaf0a7d5897950b3d7\variant\variant.cpp.o
                0x00081fb0                serialEvent()
 *fill*         0x00081fb2        0x2 
 .text.UART_Handler
                0x00081fb4        0xc C:\Users\ffala\AppData\Local\Temp\VMBCore\arduino16x\465cc76be5fbdacaf0a7d5897950b3d7\variant\variant.cpp.o
                0x00081fb4                UART_Handler
 .text._Z12serialEvent1v
                0x00081fc0        0x2 C:\Users\ffala\AppData\Local\Temp\VMBCore\arduino16x\465cc76be5fbdacaf0a7d5897950b3d7\variant\variant.cpp.o
                0x00081fc0                serialEvent1()
 .text._Z12serialEvent2v
                0x00081fc2        0x2 C:\Users\ffala\AppData\Local\Temp\VMBCore\arduino16x\465cc76be5fbdacaf0a7d5897950b3d7\variant\variant.cpp.o
                0x00081fc2                serialEvent2()
 .text._Z12serialEvent3v
                0x00081fc4        0x2 C:\Users\ffala\AppData\Local\Temp\VMBCore\arduino16x\465cc76be5fbdacaf0a7d5897950b3d7\variant\variant.cpp.o
                0x00081fc4                serialEvent3()
 *fill*         0x00081fc6        0x2 
 .text.USART0_Handler
                0x00081fc8        0xc C:\Users\ffala\AppData\Local\Temp\VMBCore\arduino16x\465cc76be5fbdacaf0a7d5897950b3d7\variant\variant.cpp.o
                0x00081fc8                USART0_Handler
 .text.USART1_Handler
                0x00081fd4        0xc C:\Users\ffala\AppData\Local\Temp\VMBCore\arduino16x\465cc76be5fbdacaf0a7d5897950b3d7\variant\variant.cpp.o
                0x00081fd4                USART1_Handler
 .text.USART3_Handler
                0x00081fe0        0xc C:\Users\ffala\AppData\Local\Temp\VMBCore\arduino16x\465cc76be5fbdacaf0a7d5897950b3d7\variant\variant.cpp.o
                0x00081fe0                USART3_Handler
 .text.init     0x00081fec      0x128 C:\Users\ffala\AppData\Local\Temp\VMBCore\arduino16x\465cc76be5fbdacaf0a7d5897950b3d7\variant\variant.cpp.o
                0x00081fec                init
 .text.startup._GLOBAL__sub_I_g_APinDescription
                0x00082114       0xd4 C:\Users\ffala\AppData\Local\Temp\VMBCore\arduino16x\465cc76be5fbdacaf0a7d5897950b3d7\variant\variant.cpp.o
 .text._Z14serialEventRunv
                0x000821e8       0x44 C:\Users\ffala\AppData\Local\Temp\VMBCore\arduino16x\465cc76be5fbdacaf0a7d5897950b3d7\variant\variant.cpp.o
                0x000821e8                serialEventRun()
 .text.PIO_PullUp
                0x0008222c        0xa C:\Users\ffala\AppData\Local\arduino15\packages\arduino\hardware\sam\1.6.12\variants\arduino_due_x/libsam_sam3x8e_gcc_rel.a(pio.o)
                0x0008222c                PIO_PullUp
 .text.PIO_Get  0x00082236       0x14 C:\Users\ffala\AppData\Local\arduino15\packages\arduino\hardware\sam\1.6.12\variants\arduino_due_x/libsam_sam3x8e_gcc_rel.a(pio.o)
                0x00082236                PIO_Get
 .text.PIO_SetPeripheral
                0x0008224a       0x26 C:\Users\ffala\AppData\Local\arduino15\packages\arduino\hardware\sam\1.6.12\variants\arduino_due_x/libsam_sam3x8e_gcc_rel.a(pio.o)
                0x0008224a                PIO_SetPeripheral
 .text.PIO_SetInput
                0x00082270       0x26 C:\Users\ffala\AppData\Local\arduino15\packages\arduino\hardware\sam\1.6.12\variants\arduino_due_x/libsam_sam3x8e_gcc_rel.a(pio.o)
                0x00082270                PIO_SetInput
 .text.PIO_SetOutput
                0x00082296       0x24 C:\Users\ffala\AppData\Local\arduino15\packages\arduino\hardware\sam\1.6.12\variants\arduino_due_x/libsam_sam3x8e_gcc_rel.a(pio.o)
                0x00082296                PIO_SetOutput
 *fill*         0x000822ba        0x2 
 .text.PIO_Configure
                0x000822bc       0x64 C:\Users\ffala\AppData\Local\arduino15\packages\arduino\hardware\sam\1.6.12\variants\arduino_due_x/libsam_sam3x8e_gcc_rel.a(pio.o)
                0x000822bc                PIO_Configure
 .text.PIO_GetOutputDataStatus
                0x00082320       0x14 C:\Users\ffala\AppData\Local\arduino15\packages\arduino\hardware\sam\1.6.12\variants\arduino_due_x/libsam_sam3x8e_gcc_rel.a(pio.o)
                0x00082320                PIO_GetOutputDataStatus
 .text.pmc_enable_upll_clock
                0x00082334       0x14 C:\Users\ffala\AppData\Local\arduino15\packages\arduino\hardware\sam\1.6.12\variants\arduino_due_x/libsam_sam3x8e_gcc_rel.a(pmc.o)
                0x00082334                pmc_enable_upll_clock
 .text.pmc_enable_periph_clk
                0x00082348       0x44 C:\Users\ffala\AppData\Local\arduino15\packages\arduino\hardware\sam\1.6.12\variants\arduino_due_x/libsam_sam3x8e_gcc_rel.a(pmc.o)
                0x00082348                pmc_enable_periph_clk
 .text.pmc_disable_periph_clk
                0x0008238c       0x40 C:\Users\ffala\AppData\Local\arduino15\packages\arduino\hardware\sam\1.6.12\variants\arduino_due_x/libsam_sam3x8e_gcc_rel.a(pmc.o)
                0x0008238c                pmc_disable_periph_clk
 .text.pmc_switch_udpck_to_upllck
                0x000823cc       0x14 C:\Users\ffala\AppData\Local\arduino15\packages\arduino\hardware\sam\1.6.12\variants\arduino_due_x/libsam_sam3x8e_gcc_rel.a(pmc.o)
                0x000823cc                pmc_switch_udpck_to_upllck
 .text.pmc_enable_udpck
                0x000823e0        0xc C:\Users\ffala\AppData\Local\arduino15\packages\arduino\hardware\sam\1.6.12\variants\arduino_due_x/libsam_sam3x8e_gcc_rel.a(pmc.o)
                0x000823e0                pmc_enable_udpck
 .text.TWI_SetClock
                0x000823ec       0x58 C:\Users\ffala\AppData\Local\arduino15\packages\arduino\hardware\sam\1.6.12\variants\arduino_due_x/libsam_sam3x8e_gcc_rel.a(twi.o)
                0x000823ec                TWI_SetClock
 .text.TWI_Disable
                0x00082444       0x2c C:\Users\ffala\AppData\Local\arduino15\packages\arduino\hardware\sam\1.6.12\variants\arduino_due_x/libsam_sam3x8e_gcc_rel.a(twi.o)
                0x00082444                TWI_Disable
 .text.TWI_ConfigureMaster
                0x00082470       0x48 C:\Users\ffala\AppData\Local\arduino15\packages\arduino\hardware\sam\1.6.12\variants\arduino_due_x/libsam_sam3x8e_gcc_rel.a(twi.o)
                0x00082470                TWI_ConfigureMaster
 .text.TWI_Stop
                0x000824b8       0x28 C:\Users\ffala\AppData\Local\arduino15\packages\arduino\hardware\sam\1.6.12\variants\arduino_due_x/libsam_sam3x8e_gcc_rel.a(twi.o)
                0x000824b8                TWI_Stop
 .text.TWI_ReadByte
                0x000824e0       0x28 C:\Users\ffala\AppData\Local\arduino15\packages\arduino\hardware\sam\1.6.12\variants\arduino_due_x/libsam_sam3x8e_gcc_rel.a(twi.o)
                0x000824e0                TWI_ReadByte
 .text.TWI_WriteByte
                0x00082508       0x24 C:\Users\ffala\AppData\Local\arduino15\packages\arduino\hardware\sam\1.6.12\variants\arduino_due_x/libsam_sam3x8e_gcc_rel.a(twi.o)
                0x00082508                TWI_WriteByte
 .text.TWI_StartWrite
                0x0008252c       0x7c C:\Users\ffala\AppData\Local\arduino15\packages\arduino\hardware\sam\1.6.12\variants\arduino_due_x/libsam_sam3x8e_gcc_rel.a(twi.o)
                0x0008252c                TWI_StartWrite
 .text.TWI_EnableIt
                0x000825a8       0x40 C:\Users\ffala\AppData\Local\arduino15\packages\arduino\hardware\sam\1.6.12\variants\arduino_due_x/libsam_sam3x8e_gcc_rel.a(twi.o)
                0x000825a8                TWI_EnableIt
 .text.TWI_DisableIt
                0x000825e8       0x40 C:\Users\ffala\AppData\Local\arduino15\packages\arduino\hardware\sam\1.6.12\variants\arduino_due_x/libsam_sam3x8e_gcc_rel.a(twi.o)
                0x000825e8                TWI_DisableIt
 .text.TWI_GetStatus
                0x00082628       0x28 C:\Users\ffala\AppData\Local\arduino15\packages\arduino\hardware\sam\1.6.12\variants\arduino_due_x/libsam_sam3x8e_gcc_rel.a(twi.o)
                0x00082628                TWI_GetStatus
 .text.SystemInit
                0x00082650       0x88 C:\Users\ffala\AppData\Local\arduino15\packages\arduino\hardware\sam\1.6.12\variants\arduino_due_x/libsam_sam3x8e_gcc_rel.a(system_sam3xa.o)
                0x00082650                SystemInit
 .text.Reset_Handler
                0x000826d8       0x78 C:\Users\ffala\AppData\Local\arduino15\packages\arduino\hardware\sam\1.6.12\variants\arduino_due_x/libsam_sam3x8e_gcc_rel.a(startup_sam3xa.o)
                0x000826d8                Reset_Handler
 .text.adc_init
                0x00082750       0x98 C:\Users\ffala\AppData\Local\arduino15\packages\arduino\hardware\sam\1.6.12\variants\arduino_due_x/libsam_sam3x8e_gcc_rel.a(adc.o)
                0x00082750                adc_init
 .text.adc_configure_trigger
                0x000827e8        0xe C:\Users\ffala\AppData\Local\arduino15\packages\arduino\hardware\sam\1.6.12\variants\arduino_due_x/libsam_sam3x8e_gcc_rel.a(adc.o)
                0x000827e8                adc_configure_trigger
 .text.adc_configure_timing
                0x000827f6       0x1a C:\Users\ffala\AppData\Local\arduino15\packages\arduino\hardware\sam\1.6.12\variants\arduino_due_x/libsam_sam3x8e_gcc_rel.a(adc.o)
                0x000827f6                adc_configure_timing
 .text.adc_start
                0x00082810        0x6 C:\Users\ffala\AppData\Local\arduino15\packages\arduino\hardware\sam\1.6.12\variants\arduino_due_x/libsam_sam3x8e_gcc_rel.a(adc.o)
                0x00082810                adc_start
 .text.adc_enable_channel
                0x00082816        0xa C:\Users\ffala\AppData\Local\arduino15\packages\arduino\hardware\sam\1.6.12\variants\arduino_due_x/libsam_sam3x8e_gcc_rel.a(adc.o)
                0x00082816                adc_enable_channel
 .text.adc_disable_channel
                0x00082820        0xa C:\Users\ffala\AppData\Local\arduino15\packages\arduino\hardware\sam\1.6.12\variants\arduino_due_x/libsam_sam3x8e_gcc_rel.a(adc.o)
                0x00082820                adc_disable_channel
 .text.adc_disable_all_channel
                0x0008282a        0x8 C:\Users\ffala\AppData\Local\arduino15\packages\arduino\hardware\sam\1.6.12\variants\arduino_due_x/libsam_sam3x8e_gcc_rel.a(adc.o)
                0x0008282a                adc_disable_all_channel
 .text.adc_get_channel_status
                0x00082832        0xa C:\Users\ffala\AppData\Local\arduino15\packages\arduino\hardware\sam\1.6.12\variants\arduino_due_x/libsam_sam3x8e_gcc_rel.a(adc.o)
                0x00082832                adc_get_channel_status
 .text.adc_get_latest_value
                0x0008283c        0x4 C:\Users\ffala\AppData\Local\arduino15\packages\arduino\hardware\sam\1.6.12\variants\arduino_due_x/libsam_sam3x8e_gcc_rel.a(adc.o)
                0x0008283c                adc_get_latest_value
 .text.adc_disable_interrupt
                0x00082840        0x4 C:\Users\ffala\AppData\Local\arduino15\packages\arduino\hardware\sam\1.6.12\variants\arduino_due_x/libsam_sam3x8e_gcc_rel.a(adc.o)
                0x00082840                adc_disable_interrupt
 .text.adc_get_status
                0x00082844        0x4 C:\Users\ffala\AppData\Local\arduino15\packages\arduino\hardware\sam\1.6.12\variants\arduino_due_x/libsam_sam3x8e_gcc_rel.a(adc.o)
                0x00082844                adc_get_status
 .text.UOTGHS_Handler
                0x00082848       0x10 C:\Users\ffala\AppData\Local\arduino15\packages\arduino\hardware\sam\1.6.12\variants\arduino_due_x/libsam_sam3x8e_gcc_rel.a(uotghs.o)
                0x00082848                UOTGHS_Handler
 .text.__halt   0x00082858        0x2 C:\Users\ffala\AppData\Local\Temp\VMBuilds\Yoke\arduino_due_x_hrv_yoke\Debug/core.a(cortex_handlers.c.o)
                0x00082858                DACC_Handler
                0x00082858                DebugMon_Handler
                0x00082858                DMAC_Handler
                0x00082858                TRNG_Handler
                0x00082858                HardFault_Handler
                0x00082858                TC2_Handler
                0x00082858                NMI_Handler
                0x00082858                TC7_Handler
                0x00082858                ADC_Handler
                0x00082858                SMC_Handler
                0x00082858                RTT_Handler
                0x00082858                EFC1_Handler
                0x00082858                RTC_Handler
                0x00082858                UsageFault_Handler
                0x00082858                TC6_Handler
                0x00082858                WDT_Handler
                0x00082858                CAN0_Handler
                0x00082858                TC4_Handler
                0x00082858                TC1_Handler
                0x00082858                HSMCI_Handler
                0x00082858                TC3_Handler
                0x00082858                SSC_Handler
                0x00082858                EFC0_Handler
                0x00082858                PMC_Handler
                0x00082858                PWM_Handler
                0x00082858                CAN1_Handler
                0x00082858                MemManage_Handler
                0x00082858                SUPC_Handler
                0x00082858                TC8_Handler
                0x00082858                USART2_Handler
                0x00082858                EMAC_Handler
                0x00082858                BusFault_Handler
                0x00082858                RSTC_Handler
                0x00082858                TC0_Handler
                0x00082858                TC5_Handler
                0x00082858                SPI0_Handler
 .text.SVC_Handler
                0x0008285a        0x4 C:\Users\ffala\AppData\Local\Temp\VMBuilds\Yoke\arduino_due_x_hrv_yoke\Debug/core.a(cortex_handlers.c.o)
                0x0008285a                SVC_Handler
 .text.PendSV_Handler
                0x0008285e        0x4 C:\Users\ffala\AppData\Local\Temp\VMBuilds\Yoke\arduino_due_x_hrv_yoke\Debug/core.a(cortex_handlers.c.o)
                0x0008285e                PendSV_Handler
 .text.SysTick_Handler
                0x00082862       0x16 C:\Users\ffala\AppData\Local\Temp\VMBuilds\Yoke\arduino_due_x_hrv_yoke\Debug/core.a(cortex_handlers.c.o)
                0x00082862                SysTick_Handler
 .text.__empty  0x00082878        0x2 C:\Users\ffala\AppData\Local\Temp\VMBuilds\Yoke\arduino_due_x_hrv_yoke\Debug/core.a(hooks.c.o)
                0x00082878                yield
 .text.__false  0x0008287a        0x4 C:\Users\ffala\AppData\Local\Temp\VMBuilds\Yoke\arduino_due_x_hrv_yoke\Debug/core.a(hooks.c.o)
                0x0008287a                sysTickHook
 .text.__halt   0x0008287e        0x2 C:\Users\ffala\AppData\Local\Temp\VMBuilds\Yoke\arduino_due_x_hrv_yoke\Debug/core.a(hooks.c.o)
                0x0008287e                svcHook
                0x0008287e                pendSVHook
 .text._sbrk    0x00082880       0x1c C:\Users\ffala\AppData\Local\Temp\VMBuilds\Yoke\arduino_due_x_hrv_yoke\Debug/core.a(syscalls_sam3.c.o)
                0x00082880                _sbrk
 .text.link     0x0008289c        0x6 C:\Users\ffala\AppData\Local\Temp\VMBuilds\Yoke\arduino_due_x_hrv_yoke\Debug/core.a(syscalls_sam3.c.o)
                0x0008289c                link
 .text._close   0x000828a2        0x6 C:\Users\ffala\AppData\Local\Temp\VMBuilds\Yoke\arduino_due_x_hrv_yoke\Debug/core.a(syscalls_sam3.c.o)
                0x000828a2                _close
 .text._fstat   0x000828a8        0xa C:\Users\ffala\AppData\Local\Temp\VMBuilds\Yoke\arduino_due_x_hrv_yoke\Debug/core.a(syscalls_sam3.c.o)
                0x000828a8                _fstat
 .text._isatty  0x000828b2        0x4 C:\Users\ffala\AppData\Local\Temp\VMBuilds\Yoke\arduino_due_x_hrv_yoke\Debug/core.a(syscalls_sam3.c.o)
                0x000828b2                _isatty
 .text._lseek   0x000828b6        0x4 C:\Users\ffala\AppData\Local\Temp\VMBuilds\Yoke\arduino_due_x_hrv_yoke\Debug/core.a(syscalls_sam3.c.o)
                0x000828b6                _lseek
 .text._read    0x000828ba        0x4 C:\Users\ffala\AppData\Local\Temp\VMBuilds\Yoke\arduino_due_x_hrv_yoke\Debug/core.a(syscalls_sam3.c.o)
                0x000828ba                _read
 *fill*         0x000828be        0x2 
 .text._write   0x000828c0       0x24 C:\Users\ffala\AppData\Local\Temp\VMBuilds\Yoke\arduino_due_x_hrv_yoke\Debug/core.a(syscalls_sam3.c.o)
                0x000828c0                _write
 .text._exit    0x000828e4        0x2 C:\Users\ffala\AppData\Local\Temp\VMBuilds\Yoke\arduino_due_x_hrv_yoke\Debug/core.a(syscalls_sam3.c.o)
                0x000828e4                _exit
 .text._kill    0x000828e6        0x2 C:\Users\ffala\AppData\Local\Temp\VMBuilds\Yoke\arduino_due_x_hrv_yoke\Debug/core.a(syscalls_sam3.c.o)
                0x000828e6                _kill
 .text._getpid  0x000828e8        0x6 C:\Users\ffala\AppData\Local\Temp\VMBuilds\Yoke\arduino_due_x_hrv_yoke\Debug/core.a(syscalls_sam3.c.o)
                0x000828e8                _getpid
 *fill*         0x000828ee        0x2 
 .text.attachInterrupt
                0x000828f0      0x148 C:\Users\ffala\AppData\Local\Temp\VMBuilds\Yoke\arduino_due_x_hrv_yoke\Debug/core.a(WInterrupts.c.o)
                0x000828f0                attachInterrupt
 .text.PIOA_Handler
                0x00082a38       0x38 C:\Users\ffala\AppData\Local\Temp\VMBuilds\Yoke\arduino_due_x_hrv_yoke\Debug/core.a(WInterrupts.c.o)
                0x00082a38                PIOA_Handler
 .text.PIOB_Handler
                0x00082a70       0x38 C:\Users\ffala\AppData\Local\Temp\VMBuilds\Yoke\arduino_due_x_hrv_yoke\Debug/core.a(WInterrupts.c.o)
                0x00082a70                PIOB_Handler
 .text.PIOC_Handler
                0x00082aa8       0x38 C:\Users\ffala\AppData\Local\Temp\VMBuilds\Yoke\arduino_due_x_hrv_yoke\Debug/core.a(WInterrupts.c.o)
                0x00082aa8                PIOC_Handler
 .text.PIOD_Handler
                0x00082ae0       0x38 C:\Users\ffala\AppData\Local\Temp\VMBuilds\Yoke\arduino_due_x_hrv_yoke\Debug/core.a(WInterrupts.c.o)
                0x00082ae0                PIOD_Handler
 .text.millis   0x00082b18        0x4 C:\Users\ffala\AppData\Local\Temp\VMBuilds\Yoke\arduino_due_x_hrv_yoke\Debug/core.a(wiring.c.o)
                0x00082b18                millis
 .text.delay    0x00082b1c       0x1c C:\Users\ffala\AppData\Local\Temp\VMBuilds\Yoke\arduino_due_x_hrv_yoke\Debug/core.a(wiring.c.o)
                0x00082b1c                delay
 .text.mapResolution
                0x00082b38       0x12 C:\Users\ffala\AppData\Local\Temp\VMBuilds\Yoke\arduino_due_x_hrv_yoke\Debug/core.a(wiring_analog.c.o)
 *fill*         0x00082b4a        0x2 
 .text.analogReadResolution
                0x00082b4c        0xc C:\Users\ffala\AppData\Local\Temp\VMBuilds\Yoke\arduino_due_x_hrv_yoke\Debug/core.a(wiring_analog.c.o)
                0x00082b4c                analogReadResolution
 .text.analogRead
                0x00082b58       0x9c C:\Users\ffala\AppData\Local\Temp\VMBuilds\Yoke\arduino_due_x_hrv_yoke\Debug/core.a(wiring_analog.c.o)
                0x00082b58                analogRead
 .text.analogOutputInit
                0x00082bf4        0x2 C:\Users\ffala\AppData\Local\Temp\VMBuilds\Yoke\arduino_due_x_hrv_yoke\Debug/core.a(wiring_analog.c.o)
                0x00082bf4                analogOutputInit
 *fill*         0x00082bf6        0x2 
 .text.pinMode  0x00082bf8      0x108 C:\Users\ffala\AppData\Local\Temp\VMBuilds\Yoke\arduino_due_x_hrv_yoke\Debug/core.a(wiring_digital.c.o)
                0x00082bf8                pinMode
 .text.digitalWrite
                0x00082d00       0x70 C:\Users\ffala\AppData\Local\Temp\VMBuilds\Yoke\arduino_due_x_hrv_yoke\Debug/core.a(wiring_digital.c.o)
                0x00082d00                digitalWrite
 .text.digitalRead
                0x00082d70       0x44 C:\Users\ffala\AppData\Local\Temp\VMBuilds\Yoke\arduino_due_x_hrv_yoke\Debug/core.a(wiring_digital.c.o)
                0x00082d70                digitalRead
 .text.initVariant
                0x00082db4        0x2 C:\Users\ffala\AppData\Local\Temp\VMBuilds\Yoke\arduino_due_x_hrv_yoke\Debug/core.a(main.cpp.o)
                0x00082db4                initVariant
 *fill*         0x00082db6        0x2 
 .text.startup.main
                0x00082db8       0x38 C:\Users\ffala\AppData\Local\Temp\VMBuilds\Yoke\arduino_due_x_hrv_yoke\Debug/core.a(main.cpp.o)
                0x00082db8                main
 .text._Znwj    0x00082df0        0x4 C:\Users\ffala\AppData\Local\Temp\VMBuilds\Yoke\arduino_due_x_hrv_yoke\Debug/core.a(new.cpp.o)
                0x00082df0                operator new(unsigned int)
 .text._Znaj    0x00082df4        0x4 C:\Users\ffala\AppData\Local\Temp\VMBuilds\Yoke\arduino_due_x_hrv_yoke\Debug/core.a(new.cpp.o)
                0x00082df4                operator new[](unsigned int)
 .text._ZN5Print5writeEPKhj
                0x00082df8       0x22 C:\Users\ffala\AppData\Local\Temp\VMBuilds\Yoke\arduino_due_x_hrv_yoke\Debug/core.a(Print.cpp.o)
                0x00082df8                Print::write(unsigned char const*, unsigned int)
 .text._ZN5Print5writeEPKc
                0x00082e1a       0x1e C:\Users\ffala\AppData\Local\Temp\VMBuilds\Yoke\arduino_due_x_hrv_yoke\Debug/core.a(Print.cpp.o)
                0x00082e1a                Print::write(char const*)
 .text._ZN5Print5printEPKc
                0x00082e38        0x8 C:\Users\ffala\AppData\Local\Temp\VMBuilds\Yoke\arduino_due_x_hrv_yoke\Debug/core.a(Print.cpp.o)
                0x00082e38                Print::print(char const*)
 .text.initiateReset
                0x00082e40        0xc C:\Users\ffala\AppData\Local\Temp\VMBuilds\Yoke\arduino_due_x_hrv_yoke\Debug/core.a(Reset.cpp.o)
                0x00082e40                initiateReset
 .text.cancelReset
                0x00082e4c       0x10 C:\Users\ffala\AppData\Local\Temp\VMBuilds\Yoke\arduino_due_x_hrv_yoke\Debug/core.a(Reset.cpp.o)
                0x00082e4c                cancelReset
 .text.tickReset
                0x00082e5c       0x20 C:\Users\ffala\AppData\Local\Temp\VMBuilds\Yoke\arduino_due_x_hrv_yoke\Debug/core.a(Reset.cpp.o)
                0x00082e5c                tickReset
 .text._ZN10RingBufferC2Ev
                0x00082e7c       0x1a C:\Users\ffala\AppData\Local\Temp\VMBuilds\Yoke\arduino_due_x_hrv_yoke\Debug/core.a(RingBuffer.cpp.o)
                0x00082e7c                RingBuffer::RingBuffer()
                0x00082e7c                RingBuffer::RingBuffer()
 .text._ZN10RingBuffer10store_charEh
                0x00082e96       0x1e C:\Users\ffala\AppData\Local\Temp\VMBuilds\Yoke\arduino_due_x_hrv_yoke\Debug/core.a(RingBuffer.cpp.o)
                0x00082e96                RingBuffer::store_char(unsigned char)
 .text._ZN9UARTClasscvbEv
                0x00082eb4        0x4 C:\Users\ffala\AppData\Local\Temp\VMBuilds\Yoke\arduino_due_x_hrv_yoke\Debug/core.a(UARTClass.cpp.o)
                0x00082eb4                UARTClass::operator bool()
 .text._ZN9UARTClass9availableEv
                0x00082eb8       0x12 C:\Users\ffala\AppData\Local\Temp\VMBuilds\Yoke\arduino_due_x_hrv_yoke\Debug/core.a(UARTClass.cpp.o)
                0x00082eb8                UARTClass::available()
 .text._ZN9UARTClass4peekEv
                0x00082eca       0x1c C:\Users\ffala\AppData\Local\Temp\VMBuilds\Yoke\arduino_due_x_hrv_yoke\Debug/core.a(UARTClass.cpp.o)
                0x00082eca                UARTClass::peek()
 .text._ZN9UARTClass4readEv
                0x00082ee6       0x2a C:\Users\ffala\AppData\Local\Temp\VMBuilds\Yoke\arduino_due_x_hrv_yoke\Debug/core.a(UARTClass.cpp.o)
                0x00082ee6                UARTClass::read()
 .text._ZN9UARTClass5flushEv
                0x00082f10       0x18 C:\Users\ffala\AppData\Local\Temp\VMBuilds\Yoke\arduino_due_x_hrv_yoke\Debug/core.a(UARTClass.cpp.o)
                0x00082f10                UARTClass::flush()
 .text._ZN9UARTClass5writeEh
                0x00082f28       0x54 C:\Users\ffala\AppData\Local\Temp\VMBuilds\Yoke\arduino_due_x_hrv_yoke\Debug/core.a(UARTClass.cpp.o)
                0x00082f28                UARTClass::write(unsigned char)
 .text._ZN9UARTClass3endEv
                0x00082f7c       0x3c C:\Users\ffala\AppData\Local\Temp\VMBuilds\Yoke\arduino_due_x_hrv_yoke\Debug/core.a(UARTClass.cpp.o)
                0x00082f7c                UARTClass::end()
 .text._ZN9UARTClassC2EP4Uart4IRQnmP10RingBufferS4_
                0x00082fb8       0x24 C:\Users\ffala\AppData\Local\Temp\VMBuilds\Yoke\arduino_due_x_hrv_yoke\Debug/core.a(UARTClass.cpp.o)
                0x00082fb8                UARTClass::UARTClass(Uart*, IRQn, unsigned long, RingBuffer*, RingBuffer*)
                0x00082fb8                UARTClass::UARTClass(Uart*, IRQn, unsigned long, RingBuffer*, RingBuffer*)
 .text._ZN9UARTClass4initEmm
                0x00082fdc       0x70 C:\Users\ffala\AppData\Local\Temp\VMBuilds\Yoke\arduino_due_x_hrv_yoke\Debug/core.a(UARTClass.cpp.o)
                0x00082fdc                UARTClass::init(unsigned long, unsigned long)
 .text._ZN9UARTClass5beginEm
                0x0008304c        0x8 C:\Users\ffala\AppData\Local\Temp\VMBuilds\Yoke\arduino_due_x_hrv_yoke\Debug/core.a(UARTClass.cpp.o)
                0x0008304c                UARTClass::begin(unsigned long)
 .text._ZN9UARTClass10IrqHandlerEv
                0x00083054       0x5a C:\Users\ffala\AppData\Local\Temp\VMBuilds\Yoke\arduino_due_x_hrv_yoke\Debug/core.a(UARTClass.cpp.o)
                0x00083054                UARTClass::IrqHandler()
 .text._ZN10USARTClass5beginEm
                0x000830ae        0x8 C:\Users\ffala\AppData\Local\Temp\VMBuilds\Yoke\arduino_due_x_hrv_yoke\Debug/core.a(USARTClass.cpp.o)
                0x000830ae                USARTClass::begin(unsigned long)
 *fill*         0x000830b6        0x2 
 .text._ZN10USARTClassC2EP5Usart4IRQnmP10RingBufferS4_
                0x000830b8       0x24 C:\Users\ffala\AppData\Local\Temp\VMBuilds\Yoke\arduino_due_x_hrv_yoke\Debug/core.a(USARTClass.cpp.o)
                0x000830b8                USARTClass::USARTClass(Usart*, IRQn, unsigned long, RingBuffer*, RingBuffer*)
                0x000830b8                USARTClass::USARTClass(Usart*, IRQn, unsigned long, RingBuffer*, RingBuffer*)
 .text._watchdogDefaultSetup
                0x000830dc        0xc C:\Users\ffala\AppData\Local\Temp\VMBuilds\Yoke\arduino_due_x_hrv_yoke\Debug/core.a(watchdog.cpp.o)
                0x000830dc                _watchdogDefaultSetup
                0x000830dc                watchdogSetup()
 .text._Z3maplllll
                0x000830e8       0x14 C:\Users\ffala\AppData\Local\Temp\VMBuilds\Yoke\arduino_due_x_hrv_yoke\Debug/core.a(WMath.cpp.o)
                0x000830e8                map(long, long, long, long, long)
 .text._ZN13PluggableUSB_12getInterfaceEPh
                0x000830fc       0x28 C:\Users\ffala\AppData\Local\Temp\VMBuilds\Yoke\arduino_due_x_hrv_yoke\Debug/core.a(PluggableUSB.cpp.o)
                0x000830fc                PluggableUSB_::getInterface(unsigned char*)
 .text._ZN13PluggableUSB_13getDescriptorER8USBSetup
                0x00083124       0x1c C:\Users\ffala\AppData\Local\Temp\VMBuilds\Yoke\arduino_due_x_hrv_yoke\Debug/core.a(PluggableUSB.cpp.o)
                0x00083124                PluggableUSB_::getDescriptor(USBSetup&)
 .text._ZN13PluggableUSB_12getShortNameEPc
                0x00083140       0x1c C:\Users\ffala\AppData\Local\Temp\VMBuilds\Yoke\arduino_due_x_hrv_yoke\Debug/core.a(PluggableUSB.cpp.o)
                0x00083140                PluggableUSB_::getShortName(char*)
 .text._ZN13PluggableUSB_5setupER8USBSetup
                0x0008315c       0x20 C:\Users\ffala\AppData\Local\Temp\VMBuilds\Yoke\arduino_due_x_hrv_yoke\Debug/core.a(PluggableUSB.cpp.o)
                0x0008315c                PluggableUSB_::setup(USBSetup&)
 .text._ZN13PluggableUSB_4plugEP18PluggableUSBModule
                0x0008317c       0x60 C:\Users\ffala\AppData\Local\Temp\VMBuilds\Yoke\arduino_due_x_hrv_yoke\Debug/core.a(PluggableUSB.cpp.o)
                0x0008317c                PluggableUSB_::plug(PluggableUSBModule*)
 .text._Z12PluggableUSBv
                0x000831dc       0x28 C:\Users\ffala\AppData\Local\Temp\VMBuilds\Yoke\arduino_due_x_hrv_yoke\Debug/core.a(PluggableUSB.cpp.o)
                0x000831dc                PluggableUSB()
 .text.unlikely._ZL11USB_SendZlpv
                0x00083204       0x20 C:\Users\ffala\AppData\Local\Temp\VMBuilds\Yoke\arduino_due_x_hrv_yoke\Debug/core.a(USBCore.cpp.o)
 .text._Z14USBD_Availablem
                0x00083224       0x2c C:\Users\ffala\AppData\Local\Temp\VMBuilds\Yoke\arduino_due_x_hrv_yoke\Debug/core.a(USBCore.cpp.o)
                0x00083224                USBD_Available(unsigned long)
 .text._Z9USBD_RecvmPvm
                0x00083250       0x7c C:\Users\ffala\AppData\Local\Temp\VMBuilds\Yoke\arduino_due_x_hrv_yoke\Debug/core.a(USBCore.cpp.o)
                0x00083250                USBD_Recv(unsigned long, void*, unsigned long)
 .text._Z9USBD_Recvm
                0x000832cc       0x22 C:\Users\ffala\AppData\Local\Temp\VMBuilds\Yoke\arduino_due_x_hrv_yoke\Debug/core.a(USBCore.cpp.o)
                0x000832cc                USBD_Recv(unsigned long)
 *fill*         0x000832ee        0x2 
 .text._Z9USBD_SendmPKvm
                0x000832f0       0x4c C:\Users\ffala\AppData\Local\Temp\VMBuilds\Yoke\arduino_due_x_hrv_yoke\Debug/core.a(USBCore.cpp.o)
                0x000832f0                USBD_Send(unsigned long, void const*, unsigned long)
 .text._Z16USBD_SendControlhPKvm
                0x0008333c       0x40 C:\Users\ffala\AppData\Local\Temp\VMBuilds\Yoke\arduino_due_x_hrv_yoke\Debug/core.a(USBCore.cpp.o)
                0x0008333c                USBD_SendControl(unsigned char, void const*, unsigned long)
 .text.unlikely._ZL24USB_SendStringDescriptorPKhi
                0x0008337c       0x64 C:\Users\ffala\AppData\Local\Temp\VMBuilds\Yoke\arduino_due_x_hrv_yoke\Debug/core.a(USBCore.cpp.o)
 .text._Z16USBD_RecvControlPvm
                0x000833e0       0x1c C:\Users\ffala\AppData\Local\Temp\VMBuilds\Yoke\arduino_due_x_hrv_yoke\Debug/core.a(USBCore.cpp.o)
                0x000833e0                USBD_RecvControl(void*, unsigned long)
 .text._Z26USBD_ClassInterfaceRequestR8USBSetup
                0x000833fc       0x1e C:\Users\ffala\AppData\Local\Temp\VMBuilds\Yoke\arduino_due_x_hrv_yoke\Debug/core.a(USBCore.cpp.o)
                0x000833fc                USBD_ClassInterfaceRequest(USBSetup&)
 .text._Z19USBD_SendInterfacesv
                0x0008341a       0x22 C:\Users\ffala\AppData\Local\Temp\VMBuilds\Yoke\arduino_due_x_hrv_yoke\Debug/core.a(USBCore.cpp.o)
                0x0008341a                USBD_SendInterfaces()
 .text._Z24USBD_SendOtherInterfacesv
                0x0008343c       0x22 C:\Users\ffala\AppData\Local\Temp\VMBuilds\Yoke\arduino_due_x_hrv_yoke\Debug/core.a(USBCore.cpp.o)
                0x0008343c                USBD_SendOtherInterfaces()
 .text._Z10USBD_Flushm
                0x0008345e       0x16 C:\Users\ffala\AppData\Local\Temp\VMBuilds\Yoke\arduino_due_x_hrv_yoke\Debug/core.a(USBCore.cpp.o)
                0x0008345e                USBD_Flush(unsigned long)
 .text._ZN10USBDevice_C2Ev
                0x00083474       0x24 C:\Users\ffala\AppData\Local\Temp\VMBuilds\Yoke\arduino_due_x_hrv_yoke\Debug/core.a(USBCore.cpp.o)
                0x00083474                USBDevice_::USBDevice_()
                0x00083474                USBDevice_::USBDevice_()
 .text._ZN10USBDevice_6attachEv
                0x00083498       0x20 C:\Users\ffala\AppData\Local\Temp\VMBuilds\Yoke\arduino_due_x_hrv_yoke\Debug/core.a(USBCore.cpp.o)
                0x00083498                USBDevice_::attach()
 .text.startup._GLOBAL__sub_I_EndPoints
                0x000834b8        0xc C:\Users\ffala\AppData\Local\Temp\VMBuilds\Yoke\arduino_due_x_hrv_yoke\Debug/core.a(USBCore.cpp.o)
 .text._ZL7USB_ISRv
                0x000834c4      0x454 C:\Users\ffala\AppData\Local\Temp\VMBuilds\Yoke\arduino_due_x_hrv_yoke\Debug/core.a(USBCore.cpp.o)
 .text._ZN7Serial_9availableEv
                0x00083918       0x18 C:\Users\ffala\AppData\Local\Temp\VMBuilds\Yoke\arduino_due_x_hrv_yoke\Debug/core.a(CDC.cpp.o)
                0x00083918                Serial_::available()
 .text._ZN7Serial_17availableForWriteEv
                0x00083930        0x6 C:\Users\ffala\AppData\Local\Temp\VMBuilds\Yoke\arduino_due_x_hrv_yoke\Debug/core.a(CDC.cpp.o)
                0x00083930                Serial_::availableForWrite()
 *fill*         0x00083936        0x2 
 .text._ZN7Serial_4peekEv
                0x00083938       0x20 C:\Users\ffala\AppData\Local\Temp\VMBuilds\Yoke\arduino_due_x_hrv_yoke\Debug/core.a(CDC.cpp.o)
                0x00083938                Serial_::peek()
 .text._ZN7Serial_5writeEh
                0x00083958       0x16 C:\Users\ffala\AppData\Local\Temp\VMBuilds\Yoke\arduino_due_x_hrv_yoke\Debug/core.a(CDC.cpp.o)
                0x00083958                Serial_::write(unsigned char)
 *fill*         0x0008396e        0x2 
 .text._ZN7Serial_4readEv
                0x00083970       0x44 C:\Users\ffala\AppData\Local\Temp\VMBuilds\Yoke\arduino_due_x_hrv_yoke\Debug/core.a(CDC.cpp.o)
                0x00083970                Serial_::read()
 .text._ZN7Serial_5flushEv
                0x000839b4        0x6 C:\Users\ffala\AppData\Local\Temp\VMBuilds\Yoke\arduino_due_x_hrv_yoke\Debug/core.a(CDC.cpp.o)
                0x000839b4                Serial_::flush()
 *fill*         0x000839ba        0x2 
 .text._ZN7Serial_6acceptEv
                0x000839bc       0x70 C:\Users\ffala\AppData\Local\Temp\VMBuilds\Yoke\arduino_due_x_hrv_yoke\Debug/core.a(CDC.cpp.o)
                0x000839bc                Serial_::accept()
 .text._ZN7Serial_5writeEPKhj
                0x00083a2c       0x2c C:\Users\ffala\AppData\Local\Temp\VMBuilds\Yoke\arduino_due_x_hrv_yoke\Debug/core.a(CDC.cpp.o)
                0x00083a2c                Serial_::write(unsigned char const*, unsigned int)
 .text._Z16CDC_GetInterfacePh
                0x00083a58       0x14 C:\Users\ffala\AppData\Local\Temp\VMBuilds\Yoke\arduino_due_x_hrv_yoke\Debug/core.a(CDC.cpp.o)
                0x00083a58                CDC_GetInterface(unsigned char*)
 .text._Z21CDC_GetOtherInterfacePh
                0x00083a6c       0x14 C:\Users\ffala\AppData\Local\Temp\VMBuilds\Yoke\arduino_due_x_hrv_yoke\Debug/core.a(CDC.cpp.o)
                0x00083a6c                CDC_GetOtherInterface(unsigned char*)
 .text._Z9CDC_SetupR8USBSetup
                0x00083a80       0x78 C:\Users\ffala\AppData\Local\Temp\VMBuilds\Yoke\arduino_due_x_hrv_yoke\Debug/core.a(CDC.cpp.o)
                0x00083a80                CDC_Setup(USBSetup&)
 .text.startup._GLOBAL__sub_I_cdc_rx_buffer
                0x00083af8       0x1c C:\Users\ffala\AppData\Local\Temp\VMBuilds\Yoke\arduino_due_x_hrv_yoke\Debug/core.a(CDC.cpp.o)
 .text.TimeTick_Increment
                0x00083b14       0x10 C:\Users\ffala\AppData\Local\arduino15\packages\arduino\hardware\sam\1.6.12\variants\arduino_due_x/libsam_sam3x8e_gcc_rel.a(timetick.o)
                0x00083b14                TimeTick_Increment
 .text.GetTickCount
                0x00083b24        0xc C:\Users\ffala\AppData\Local\arduino15\packages\arduino\hardware\sam\1.6.12\variants\arduino_due_x/libsam_sam3x8e_gcc_rel.a(timetick.o)
                0x00083b24                GetTickCount
 .text.WDT_Disable
                0x00083b30        0x8 C:\Users\ffala\AppData\Local\arduino15\packages\arduino\hardware\sam\1.6.12\variants\arduino_due_x/libsam_sam3x8e_gcc_rel.a(wdt.o)
                0x00083b30                WDT_Disable
 .text.UDD_SetStack
                0x00083b38        0xc C:\Users\ffala\AppData\Local\arduino15\packages\arduino\hardware\sam\1.6.12\variants\arduino_due_x/libsam_sam3x8e_gcc_rel.a(uotghs_device.o)
                0x00083b38                UDD_SetStack
 .text.UDD_Init
                0x00083b44       0xd0 C:\Users\ffala\AppData\Local\arduino15\packages\arduino\hardware\sam\1.6.12\variants\arduino_due_x/libsam_sam3x8e_gcc_rel.a(uotghs_device.o)
                0x00083b44                UDD_Init
 .text.UDD_Attach
                0x00083c14       0x50 C:\Users\ffala\AppData\Local\arduino15\packages\arduino\hardware\sam\1.6.12\variants\arduino_due_x/libsam_sam3x8e_gcc_rel.a(uotghs_device.o)
                0x00083c14                UDD_Attach
 .text.UDD_InitEP
                0x00083c64       0x2c C:\Users\ffala\AppData\Local\arduino15\packages\arduino\hardware\sam\1.6.12\variants\arduino_due_x/libsam_sam3x8e_gcc_rel.a(uotghs_device.o)
                0x00083c64                UDD_InitEP
 .text.UDD_InitEndpoints
                0x00083c90       0x3c C:\Users\ffala\AppData\Local\arduino15\packages\arduino\hardware\sam\1.6.12\variants\arduino_due_x/libsam_sam3x8e_gcc_rel.a(uotghs_device.o)
                0x00083c90                UDD_InitEndpoints
 .text.UDD_WaitIN
                0x00083ccc       0x10 C:\Users\ffala\AppData\Local\arduino15\packages\arduino\hardware\sam\1.6.12\variants\arduino_due_x/libsam_sam3x8e_gcc_rel.a(uotghs_device.o)
                0x00083ccc                UDD_WaitIN
 .text.UDD_WaitOUT
                0x00083cdc       0x10 C:\Users\ffala\AppData\Local\arduino15\packages\arduino\hardware\sam\1.6.12\variants\arduino_due_x/libsam_sam3x8e_gcc_rel.a(uotghs_device.o)
                0x00083cdc                UDD_WaitOUT
 .text.UDD_ClearIN
                0x00083cec       0x18 C:\Users\ffala\AppData\Local\arduino15\packages\arduino\hardware\sam\1.6.12\variants\arduino_due_x/libsam_sam3x8e_gcc_rel.a(uotghs_device.o)
                0x00083cec                UDD_ClearIN
 .text.UDD_ClearOUT
                0x00083d04       0x18 C:\Users\ffala\AppData\Local\arduino15\packages\arduino\hardware\sam\1.6.12\variants\arduino_due_x/libsam_sam3x8e_gcc_rel.a(uotghs_device.o)
                0x00083d04                UDD_ClearOUT
 .text.UDD_ReceivedSetupInt
                0x00083d1c       0x10 C:\Users\ffala\AppData\Local\arduino15\packages\arduino\hardware\sam\1.6.12\variants\arduino_due_x/libsam_sam3x8e_gcc_rel.a(uotghs_device.o)
                0x00083d1c                UDD_ReceivedSetupInt
 .text.UDD_ClearSetupInt
                0x00083d2c       0x10 C:\Users\ffala\AppData\Local\arduino15\packages\arduino\hardware\sam\1.6.12\variants\arduino_due_x/libsam_sam3x8e_gcc_rel.a(uotghs_device.o)
                0x00083d2c                UDD_ClearSetupInt
 .text.UDD_Send
                0x00083d3c       0x88 C:\Users\ffala\AppData\Local\arduino15\packages\arduino\hardware\sam\1.6.12\variants\arduino_due_x/libsam_sam3x8e_gcc_rel.a(uotghs_device.o)
                0x00083d3c                UDD_Send
 .text.UDD_Send8
                0x00083dc4       0x24 C:\Users\ffala\AppData\Local\arduino15\packages\arduino\hardware\sam\1.6.12\variants\arduino_due_x/libsam_sam3x8e_gcc_rel.a(uotghs_device.o)
                0x00083dc4                UDD_Send8
 .text.UDD_Recv8
                0x00083de8       0x28 C:\Users\ffala\AppData\Local\arduino15\packages\arduino\hardware\sam\1.6.12\variants\arduino_due_x/libsam_sam3x8e_gcc_rel.a(uotghs_device.o)
                0x00083de8                UDD_Recv8
 .text.UDD_Recv
                0x00083e10       0x34 C:\Users\ffala\AppData\Local\arduino15\packages\arduino\hardware\sam\1.6.12\variants\arduino_due_x/libsam_sam3x8e_gcc_rel.a(uotghs_device.o)
                0x00083e10                UDD_Recv
 .text.UDD_Stall
                0x00083e44       0x14 C:\Users\ffala\AppData\Local\arduino15\packages\arduino\hardware\sam\1.6.12\variants\arduino_due_x/libsam_sam3x8e_gcc_rel.a(uotghs_device.o)
                0x00083e44                UDD_Stall
 .text.UDD_FifoByteCount
                0x00083e58       0x14 C:\Users\ffala\AppData\Local\arduino15\packages\arduino\hardware\sam\1.6.12\variants\arduino_due_x/libsam_sam3x8e_gcc_rel.a(uotghs_device.o)
                0x00083e58                UDD_FifoByteCount
 .text.UDD_ReleaseRX
                0x00083e6c       0x28 C:\Users\ffala\AppData\Local\arduino15\packages\arduino\hardware\sam\1.6.12\variants\arduino_due_x/libsam_sam3x8e_gcc_rel.a(uotghs_device.o)
                0x00083e6c                UDD_ReleaseRX
 .text.UDD_ReleaseTX
                0x00083e94       0x28 C:\Users\ffala\AppData\Local\arduino15\packages\arduino\hardware\sam\1.6.12\variants\arduino_due_x/libsam_sam3x8e_gcc_rel.a(uotghs_device.o)
                0x00083e94                UDD_ReleaseTX
 .text.UDD_SetAddress
                0x00083ebc       0x20 C:\Users\ffala\AppData\Local\arduino15\packages\arduino\hardware\sam\1.6.12\variants\arduino_due_x/libsam_sam3x8e_gcc_rel.a(uotghs_device.o)
                0x00083ebc                UDD_SetAddress
 .text.__fpclassifyd
                0x00083edc       0x50 c:/users/ffala/appdata/local/arduino15/packages/arduino/tools/arm-none-eabi-gcc/4.8.3-2014q1/bin/../lib/gcc/arm-none-eabi/4.8.3/../../../../arm-none-eabi/lib/armv7-m\libm.a(lib_a-s_fpclassify.o)
                0x00083edc                __fpclassifyd
 .text.pow      0x00083f2c      0x2f8 c:/users/ffala/appdata/local/arduino15/packages/arduino/tools/arm-none-eabi-gcc/4.8.3-2014q1/bin/../lib/gcc/arm-none-eabi/4.8.3/../../../../arm-none-eabi/lib/armv7-m\libm.a(lib_a-w_pow.o)
                0x00083f2c                pow
 *fill*         0x00084224        0x4 
 .text.__ieee754_pow
                0x00084228      0xab8 c:/users/ffala/appdata/local/arduino15/packages/arduino/tools/arm-none-eabi-gcc/4.8.3-2014q1/bin/../lib/gcc/arm-none-eabi/4.8.3/../../../../arm-none-eabi/lib/armv7-m\libm.a(lib_a-e_pow.o)
                0x00084228                __ieee754_pow
 .text.__ieee754_sqrt
                0x00084ce0      0x180 c:/users/ffala/appdata/local/arduino15/packages/arduino/tools/arm-none-eabi-gcc/4.8.3-2014q1/bin/../lib/gcc/arm-none-eabi/4.8.3/../../../../arm-none-eabi/lib/armv7-m\libm.a(lib_a-e_sqrt.o)
                0x00084ce0                __ieee754_sqrt
 .text.fabs     0x00084e60        0x8 c:/users/ffala/appdata/local/arduino15/packages/arduino/tools/arm-none-eabi-gcc/4.8.3-2014q1/bin/../lib/gcc/arm-none-eabi/4.8.3/../../../../arm-none-eabi/lib/armv7-m\libm.a(lib_a-s_fabs.o)
                0x00084e60                fabs
 .text.finite   0x00084e68        0xc c:/users/ffala/appdata/local/arduino15/packages/arduino/tools/arm-none-eabi-gcc/4.8.3-2014q1/bin/../lib/gcc/arm-none-eabi/4.8.3/../../../../arm-none-eabi/lib/armv7-m\libm.a(lib_a-s_finite.o)
                0x00084e68                finite
 .text.matherr  0x00084e74        0x4 c:/users/ffala/appdata/local/arduino15/packages/arduino/tools/arm-none-eabi-gcc/4.8.3-2014q1/bin/../lib/gcc/arm-none-eabi/4.8.3/../../../../arm-none-eabi/lib/armv7-m\libm.a(lib_a-s_matherr.o)
                0x00084e74                matherr
 .text.nan      0x00084e78        0xc c:/users/ffala/appdata/local/arduino15/packages/arduino/tools/arm-none-eabi-gcc/4.8.3-2014q1/bin/../lib/gcc/arm-none-eabi/4.8.3/../../../../arm-none-eabi/lib/armv7-m\libm.a(lib_a-s_nan.o)
                0x00084e78                nan
 .text.rint     0x00084e84      0x118 c:/users/ffala/appdata/local/arduino15/packages/arduino/tools/arm-none-eabi-gcc/4.8.3-2014q1/bin/../lib/gcc/arm-none-eabi/4.8.3/../../../../arm-none-eabi/lib/armv7-m\libm.a(lib_a-s_rint.o)
                0x00084e84                rint
 *fill*         0x00084f9c        0x4 
 .text.scalbn   0x00084fa0      0x100 c:/users/ffala/appdata/local/arduino15/packages/arduino/tools/arm-none-eabi-gcc/4.8.3-2014q1/bin/../lib/gcc/arm-none-eabi/4.8.3/../../../../arm-none-eabi/lib/armv7-m\libm.a(lib_a-s_scalbn.o)
                0x00084fa0                scalbn
 .text.copysign
                0x000850a0       0x14 c:/users/ffala/appdata/local/arduino15/packages/arduino/tools/arm-none-eabi-gcc/4.8.3-2014q1/bin/../lib/gcc/arm-none-eabi/4.8.3/../../../../arm-none-eabi/lib/armv7-m\libm.a(lib_a-s_copysign.o)
                0x000850a0                copysign
 .text          0x000850b4      0x370 c:/users/ffala/appdata/local/arduino15/packages/arduino/tools/arm-none-eabi-gcc/4.8.3-2014q1/bin/../lib/gcc/arm-none-eabi/4.8.3/armv7-m\libgcc.a(_arm_addsubdf3.o)
                0x000850b4                __aeabi_drsub
                0x000850bc                __aeabi_dsub
                0x000850bc                __subdf3
                0x000850c0                __aeabi_dadd
                0x000850c0                __adddf3
                0x00085338                __floatunsidf
                0x00085338                __aeabi_ui2d
                0x00085358                __floatsidf
                0x00085358                __aeabi_i2d
                0x0008537c                __aeabi_f2d
                0x0008537c                __extendsfdf2
                0x000853b8                __floatundidf
                0x000853b8                __aeabi_ul2d
                0x000853c8                __floatdidf
                0x000853c8                __aeabi_l2d
 .text          0x00085424      0x424 c:/users/ffala/appdata/local/arduino15/packages/arduino/tools/arm-none-eabi-gcc/4.8.3-2014q1/bin/../lib/gcc/arm-none-eabi/4.8.3/armv7-m\libgcc.a(_arm_muldivdf3.o)
                0x00085424                __aeabi_dmul
                0x00085424                __muldf3
                0x00085678                __divdf3
                0x00085678                __aeabi_ddiv
 .text          0x00085848      0x110 c:/users/ffala/appdata/local/arduino15/packages/arduino/tools/arm-none-eabi-gcc/4.8.3-2014q1/bin/../lib/gcc/arm-none-eabi/4.8.3/armv7-m\libgcc.a(_arm_cmpdf2.o)
                0x00085848                __gtdf2
                0x00085848                __gedf2
                0x00085850                __ltdf2
                0x00085850                __ledf2
                0x00085858                __nedf2
                0x00085858                __eqdf2
                0x00085858                __cmpdf2
                0x000858d4                __aeabi_cdrcmple
                0x000858e4                __aeabi_cdcmpeq
                0x000858e4                __aeabi_cdcmple
                0x000858f4                __aeabi_dcmpeq
                0x00085908                __aeabi_dcmplt
                0x0008591c                __aeabi_dcmple
                0x00085930                __aeabi_dcmpge
                0x00085944                __aeabi_dcmpgt
 .text          0x00085958       0x50 c:/users/ffala/appdata/local/arduino15/packages/arduino/tools/arm-none-eabi-gcc/4.8.3-2014q1/bin/../lib/gcc/arm-none-eabi/4.8.3/armv7-m\libgcc.a(_arm_fixdfsi.o)
                0x00085958                __aeabi_d2iz
                0x00085958                __fixdfsi
 .text.__assert_func
                0x000859a8       0x3c c:/users/ffala/appdata/local/arduino15/packages/arduino/tools/arm-none-eabi-gcc/4.8.3-2014q1/bin/../lib/gcc/arm-none-eabi/4.8.3/../../../../arm-none-eabi/lib/armv7-m\libc.a(lib_a-assert.o)
                0x000859a8                __assert_func
 .text.__errno  0x000859e4        0xc c:/users/ffala/appdata/local/arduino15/packages/arduino/tools/arm-none-eabi-gcc/4.8.3-2014q1/bin/../lib/gcc/arm-none-eabi/4.8.3/../../../../arm-none-eabi/lib/armv7-m\libc.a(lib_a-errno.o)
                0x000859e4                __errno
 .text.fiprintf
                0x000859f0       0x28 c:/users/ffala/appdata/local/arduino15/packages/arduino/tools/arm-none-eabi-gcc/4.8.3-2014q1/bin/../lib/gcc/arm-none-eabi/4.8.3/../../../../arm-none-eabi/lib/armv7-m\libc.a(lib_a-fiprintf.o)
                0x000859f0                fiprintf
 .text.__libc_init_array
                0x00085a18       0x50 c:/users/ffala/appdata/local/arduino15/packages/arduino/tools/arm-none-eabi-gcc/4.8.3-2014q1/bin/../lib/gcc/arm-none-eabi/4.8.3/../../../../arm-none-eabi/lib/armv7-m\libc.a(lib_a-init.o)
                0x00085a18                __libc_init_array
 .text.malloc   0x00085a68       0x10 c:/users/ffala/appdata/local/arduino15/packages/arduino/tools/arm-none-eabi-gcc/4.8.3-2014q1/bin/../lib/gcc/arm-none-eabi/4.8.3/../../../../arm-none-eabi/lib/armv7-m\libc.a(lib_a-malloc.o)
                0x00085a68                malloc
 .text._malloc_r
                0x00085a78      0x538 c:/users/ffala/appdata/local/arduino15/packages/arduino/tools/arm-none-eabi-gcc/4.8.3-2014q1/bin/../lib/gcc/arm-none-eabi/4.8.3/../../../../arm-none-eabi/lib/armv7-m\libc.a(lib_a-mallocr.o)
                0x00085a78                _malloc_r
 .text          0x00085fb0       0xec c:/users/ffala/appdata/local/arduino15/packages/arduino/tools/arm-none-eabi-gcc/4.8.3-2014q1/bin/../lib/gcc/arm-none-eabi/4.8.3/../../../../arm-none-eabi/lib/armv7-m\libc.a(lib_a-memcpy.o)
                0x00085fb0                memcpy
 .text.memset   0x0008609c       0x94 c:/users/ffala/appdata/local/arduino15/packages/arduino/tools/arm-none-eabi-gcc/4.8.3-2014q1/bin/../lib/gcc/arm-none-eabi/4.8.3/../../../../arm-none-eabi/lib/armv7-m\libc.a(lib_a-memset.o)
                0x0008609c                memset
 .text.__malloc_lock
                0x00086130        0x4 c:/users/ffala/appdata/local/arduino15/packages/arduino/tools/arm-none-eabi-gcc/4.8.3-2014q1/bin/../lib/gcc/arm-none-eabi/4.8.3/../../../../arm-none-eabi/lib/armv7-m\libc.a(lib_a-mlock.o)
                0x00086130                __malloc_lock
 .text.__malloc_unlock
                0x00086134        0x4 c:/users/ffala/appdata/local/arduino15/packages/arduino/tools/arm-none-eabi-gcc/4.8.3-2014q1/bin/../lib/gcc/arm-none-eabi/4.8.3/../../../../arm-none-eabi/lib/armv7-m\libc.a(lib_a-mlock.o)
                0x00086134                __malloc_unlock
 .text._sbrk_r  0x00086138       0x24 c:/users/ffala/appdata/local/arduino15/packages/arduino/tools/arm-none-eabi-gcc/4.8.3-2014q1/bin/../lib/gcc/arm-none-eabi/4.8.3/../../../../arm-none-eabi/lib/armv7-m\libc.a(lib_a-sbrkr.o)
                0x00086138                _sbrk_r
 .text.strlen   0x0008615c       0x60 c:/users/ffala/appdata/local/arduino15/packages/arduino/tools/arm-none-eabi-gcc/4.8.3-2014q1/bin/../lib/gcc/arm-none-eabi/4.8.3/../../../../arm-none-eabi/lib/armv7-m\libc.a(lib_a-strlen.o)
                0x0008615c                strlen
 .text.kill     0x000861bc       0x10 c:/users/ffala/appdata/local/arduino15/packages/arduino/tools/arm-none-eabi-gcc/4.8.3-2014q1/bin/../lib/gcc/arm-none-eabi/4.8.3/../../../../arm-none-eabi/lib/armv7-m\libc.a(lib_a-syskill.o)
                0x000861bc                kill
 .text.__sprint_r.part.0
                0x000861cc       0x78 c:/users/ffala/appdata/local/arduino15/packages/arduino/tools/arm-none-eabi-gcc/4.8.3-2014q1/bin/../lib/gcc/arm-none-eabi/4.8.3/../../../../arm-none-eabi/lib/armv7-m\libc.a(lib_a-vfiprintf.o)
 .text._vfiprintf_r
                0x00086244      0xc54 c:/users/ffala/appdata/local/arduino15/packages/arduino/tools/arm-none-eabi-gcc/4.8.3-2014q1/bin/../lib/gcc/arm-none-eabi/4.8.3/../../../../arm-none-eabi/lib/armv7-m\libc.a(lib_a-vfiprintf.o)
                0x00086244                _vfiprintf_r
 .text.__sbprintf
                0x00086e98       0x7c c:/users/ffala/appdata/local/arduino15/packages/arduino/tools/arm-none-eabi-gcc/4.8.3-2014q1/bin/../lib/gcc/arm-none-eabi/4.8.3/../../../../arm-none-eabi/lib/armv7-m\libc.a(lib_a-vfiprintf.o)
 .text.__swsetup_r
                0x00086f14       0xc4 c:/users/ffala/appdata/local/arduino15/packages/arduino/tools/arm-none-eabi-gcc/4.8.3-2014q1/bin/../lib/gcc/arm-none-eabi/4.8.3/../../../../arm-none-eabi/lib/armv7-m\libc.a(lib_a-wsetup.o)
                0x00086f14                __swsetup_r
 .text.startup.register_fini
                0x00086fd8       0x14 c:/users/ffala/appdata/local/arduino15/packages/arduino/tools/arm-none-eabi-gcc/4.8.3-2014q1/bin/../lib/gcc/arm-none-eabi/4.8.3/../../../../arm-none-eabi/lib/armv7-m\libc.a(lib_a-__call_atexit.o)
 .text.abort    0x00086fec       0x10 c:/users/ffala/appdata/local/arduino15/packages/arduino/tools/arm-none-eabi-gcc/4.8.3-2014q1/bin/../lib/gcc/arm-none-eabi/4.8.3/../../../../arm-none-eabi/lib/armv7-m\libc.a(lib_a-abort.o)
                0x00086fec                abort
 .text.atexit   0x00086ffc        0xc c:/users/ffala/appdata/local/arduino15/packages/arduino/tools/arm-none-eabi-gcc/4.8.3-2014q1/bin/../lib/gcc/arm-none-eabi/4.8.3/../../../../arm-none-eabi/lib/armv7-m\libc.a(lib_a-atexit.o)
                0x00086ffc                atexit
 .text.__sflush_r
                0x00087008      0x148 c:/users/ffala/appdata/local/arduino15/packages/arduino/tools/arm-none-eabi-gcc/4.8.3-2014q1/bin/../lib/gcc/arm-none-eabi/4.8.3/../../../../arm-none-eabi/lib/armv7-m\libc.a(lib_a-fflush.o)
                0x00087008                __sflush_r
 .text._fflush_r
                0x00087150       0x2c c:/users/ffala/appdata/local/arduino15/packages/arduino/tools/arm-none-eabi-gcc/4.8.3-2014q1/bin/../lib/gcc/arm-none-eabi/4.8.3/../../../../arm-none-eabi/lib/armv7-m\libc.a(lib_a-fflush.o)
                0x00087150                _fflush_r
 .text._cleanup_r
                0x0008717c        0xc c:/users/ffala/appdata/local/arduino15/packages/arduino/tools/arm-none-eabi-gcc/4.8.3-2014q1/bin/../lib/gcc/arm-none-eabi/4.8.3/../../../../arm-none-eabi/lib/armv7-m\libc.a(lib_a-findfp.o)
                0x0008717c                _cleanup_r
 .text.__sinit  0x00087188       0xf4 c:/users/ffala/appdata/local/arduino15/packages/arduino/tools/arm-none-eabi-gcc/4.8.3-2014q1/bin/../lib/gcc/arm-none-eabi/4.8.3/../../../../arm-none-eabi/lib/armv7-m\libc.a(lib_a-findfp.o)
                0x00087188                __sinit
 .text.__sfp_lock_acquire
                0x0008727c        0x4 c:/users/ffala/appdata/local/arduino15/packages/arduino/tools/arm-none-eabi-gcc/4.8.3-2014q1/bin/../lib/gcc/arm-none-eabi/4.8.3/../../../../arm-none-eabi/lib/armv7-m\libc.a(lib_a-findfp.o)
                0x0008727c                __sfp_lock_acquire
 .text.__sfp_lock_release
                0x00087280        0x4 c:/users/ffala/appdata/local/arduino15/packages/arduino/tools/arm-none-eabi-gcc/4.8.3-2014q1/bin/../lib/gcc/arm-none-eabi/4.8.3/../../../../arm-none-eabi/lib/armv7-m\libc.a(lib_a-findfp.o)
                0x00087280                __sfp_lock_release
 .text.__libc_fini_array
                0x00087284       0x30 c:/users/ffala/appdata/local/arduino15/packages/arduino/tools/arm-none-eabi-gcc/4.8.3-2014q1/bin/../lib/gcc/arm-none-eabi/4.8.3/../../../../arm-none-eabi/lib/armv7-m\libc.a(lib_a-fini.o)
                0x00087284                __libc_fini_array
 .text._fputwc_r
                0x000872b4       0xc0 c:/users/ffala/appdata/local/arduino15/packages/arduino/tools/arm-none-eabi-gcc/4.8.3-2014q1/bin/../lib/gcc/arm-none-eabi/4.8.3/../../../../arm-none-eabi/lib/armv7-m\libc.a(lib_a-fputwc.o)
                0x000872b4                _fputwc_r
 .text._malloc_trim_r
                0x00087374       0x9c c:/users/ffala/appdata/local/arduino15/packages/arduino/tools/arm-none-eabi-gcc/4.8.3-2014q1/bin/../lib/gcc/arm-none-eabi/4.8.3/../../../../arm-none-eabi/lib/armv7-m\libc.a(lib_a-freer.o)
                0x00087374                _malloc_trim_r
 .text._free_r  0x00087410      0x198 c:/users/ffala/appdata/local/arduino15/packages/arduino/tools/arm-none-eabi-gcc/4.8.3-2014q1/bin/../lib/gcc/arm-none-eabi/4.8.3/../../../../arm-none-eabi/lib/armv7-m\libc.a(lib_a-freer.o)
                0x00087410                _free_r
 .text.__sfvwrite_r
                0x000875a8      0x314 c:/users/ffala/appdata/local/arduino15/packages/arduino/tools/arm-none-eabi-gcc/4.8.3-2014q1/bin/../lib/gcc/arm-none-eabi/4.8.3/../../../../arm-none-eabi/lib/armv7-m\libc.a(lib_a-fvwrite.o)
                0x000875a8                __sfvwrite_r
 .text._fwalk   0x000878bc       0x48 c:/users/ffala/appdata/local/arduino15/packages/arduino/tools/arm-none-eabi-gcc/4.8.3-2014q1/bin/../lib/gcc/arm-none-eabi/4.8.3/../../../../arm-none-eabi/lib/armv7-m\libc.a(lib_a-fwalk.o)
                0x000878bc                _fwalk
 .text.__locale_charset
                0x00087904        0x8 c:/users/ffala/appdata/local/arduino15/packages/arduino/tools/arm-none-eabi-gcc/4.8.3-2014q1/bin/../lib/gcc/arm-none-eabi/4.8.3/../../../../arm-none-eabi/lib/armv7-m\libc.a(lib_a-locale.o)
                0x00087904                __locale_charset
 .text.__locale_mb_cur_max
                0x0008790c        0xc c:/users/ffala/appdata/local/arduino15/packages/arduino/tools/arm-none-eabi-gcc/4.8.3-2014q1/bin/../lib/gcc/arm-none-eabi/4.8.3/../../../../arm-none-eabi/lib/armv7-m\libc.a(lib_a-locale.o)
                0x0008790c                __locale_mb_cur_max
 .text.__smakebuf_r
                0x00087918       0xe0 c:/users/ffala/appdata/local/arduino15/packages/arduino/tools/arm-none-eabi-gcc/4.8.3-2014q1/bin/../lib/gcc/arm-none-eabi/4.8.3/../../../../arm-none-eabi/lib/armv7-m\libc.a(lib_a-makebuf.o)
                0x00087918                __smakebuf_r
 .text.memchr   0x000879f8       0x94 c:/users/ffala/appdata/local/arduino15/packages/arduino/tools/arm-none-eabi-gcc/4.8.3-2014q1/bin/../lib/gcc/arm-none-eabi/4.8.3/../../../../arm-none-eabi/lib/armv7-m\libc.a(lib_a-memchr-stub.o)
                0x000879f8                memchr
 .text.memmove  0x00087a8c       0xcc c:/users/ffala/appdata/local/arduino15/packages/arduino/tools/arm-none-eabi-gcc/4.8.3-2014q1/bin/../lib/gcc/arm-none-eabi/4.8.3/../../../../arm-none-eabi/lib/armv7-m\libc.a(lib_a-memmove.o)
                0x00087a8c                memmove
 .text._realloc_r
                0x00087b58      0x3c0 c:/users/ffala/appdata/local/arduino15/packages/arduino/tools/arm-none-eabi-gcc/4.8.3-2014q1/bin/../lib/gcc/arm-none-eabi/4.8.3/../../../../arm-none-eabi/lib/armv7-m\libc.a(lib_a-reallocr.o)
                0x00087b58                _realloc_r
 .text._raise_r
                0x00087f18       0x58 c:/users/ffala/appdata/local/arduino15/packages/arduino/tools/arm-none-eabi-gcc/4.8.3-2014q1/bin/../lib/gcc/arm-none-eabi/4.8.3/../../../../arm-none-eabi/lib/armv7-m\libc.a(lib_a-signal.o)
                0x00087f18                _raise_r
 .text.raise    0x00087f70       0x10 c:/users/ffala/appdata/local/arduino15/packages/arduino/tools/arm-none-eabi-gcc/4.8.3-2014q1/bin/../lib/gcc/arm-none-eabi/4.8.3/../../../../arm-none-eabi/lib/armv7-m\libc.a(lib_a-signal.o)
                0x00087f70                raise
 .text._kill_r  0x00087f80       0x28 c:/users/ffala/appdata/local/arduino15/packages/arduino/tools/arm-none-eabi-gcc/4.8.3-2014q1/bin/../lib/gcc/arm-none-eabi/4.8.3/../../../../arm-none-eabi/lib/armv7-m\libc.a(lib_a-signalr.o)
                0x00087f80                _kill_r
 .text._getpid_r
                0x00087fa8        0x4 c:/users/ffala/appdata/local/arduino15/packages/arduino/tools/arm-none-eabi-gcc/4.8.3-2014q1/bin/../lib/gcc/arm-none-eabi/4.8.3/../../../../arm-none-eabi/lib/armv7-m\libc.a(lib_a-signalr.o)
                0x00087fa8                _getpid_r
 .text.__sread  0x00087fac       0x24 c:/users/ffala/appdata/local/arduino15/packages/arduino/tools/arm-none-eabi-gcc/4.8.3-2014q1/bin/../lib/gcc/arm-none-eabi/4.8.3/../../../../arm-none-eabi/lib/armv7-m\libc.a(lib_a-stdio.o)
                0x00087fac                __sread
 .text.__swrite
                0x00087fd0       0x38 c:/users/ffala/appdata/local/arduino15/packages/arduino/tools/arm-none-eabi-gcc/4.8.3-2014q1/bin/../lib/gcc/arm-none-eabi/4.8.3/../../../../arm-none-eabi/lib/armv7-m\libc.a(lib_a-stdio.o)
                0x00087fd0                __swrite
 .text.__sseek  0x00088008       0x20 c:/users/ffala/appdata/local/arduino15/packages/arduino/tools/arm-none-eabi-gcc/4.8.3-2014q1/bin/../lib/gcc/arm-none-eabi/4.8.3/../../../../arm-none-eabi/lib/armv7-m\libc.a(lib_a-stdio.o)
                0x00088008                __sseek
 .text.__sclose
                0x00088028        0x8 c:/users/ffala/appdata/local/arduino15/packages/arduino/tools/arm-none-eabi-gcc/4.8.3-2014q1/bin/../lib/gcc/arm-none-eabi/4.8.3/../../../../arm-none-eabi/lib/armv7-m\libc.a(lib_a-stdio.o)
                0x00088028                __sclose
 .text.__swbuf_r
                0x00088030       0xa8 c:/users/ffala/appdata/local/arduino15/packages/arduino/tools/arm-none-eabi-gcc/4.8.3-2014q1/bin/../lib/gcc/arm-none-eabi/4.8.3/../../../../arm-none-eabi/lib/armv7-m\libc.a(lib_a-wbuf.o)
                0x00088030                __swbuf_r
 .text._wcrtomb_r
                0x000880d8       0x50 c:/users/ffala/appdata/local/arduino15/packages/arduino/tools/arm-none-eabi-gcc/4.8.3-2014q1/bin/../lib/gcc/arm-none-eabi/4.8.3/../../../../arm-none-eabi/lib/armv7-m\libc.a(lib_a-wcrtomb.o)
                0x000880d8                _wcrtomb_r
 .text.__ascii_wctomb
                0x00088128       0x1c c:/users/ffala/appdata/local/arduino15/packages/arduino/tools/arm-none-eabi-gcc/4.8.3-2014q1/bin/../lib/gcc/arm-none-eabi/4.8.3/../../../../arm-none-eabi/lib/armv7-m\libc.a(lib_a-wctomb_r.o)
                0x00088128                __ascii_wctomb
 .text._write_r
                0x00088144       0x28 c:/users/ffala/appdata/local/arduino15/packages/arduino/tools/arm-none-eabi-gcc/4.8.3-2014q1/bin/../lib/gcc/arm-none-eabi/4.8.3/../../../../arm-none-eabi/lib/armv7-m\libc.a(lib_a-writer.o)
                0x00088144                _write_r
 .text.__register_exitproc
                0x0008816c       0xa8 c:/users/ffala/appdata/local/arduino15/packages/arduino/tools/arm-none-eabi-gcc/4.8.3-2014q1/bin/../lib/gcc/arm-none-eabi/4.8.3/../../../../arm-none-eabi/lib/armv7-m\libc.a(lib_a-__atexit.o)
                0x0008816c                __register_exitproc
 .text._close_r
                0x00088214       0x24 c:/users/ffala/appdata/local/arduino15/packages/arduino/tools/arm-none-eabi-gcc/4.8.3-2014q1/bin/../lib/gcc/arm-none-eabi/4.8.3/../../../../arm-none-eabi/lib/armv7-m\libc.a(lib_a-closer.o)
                0x00088214                _close_r
 .text._fclose_r
                0x00088238       0x80 c:/users/ffala/appdata/local/arduino15/packages/arduino/tools/arm-none-eabi-gcc/4.8.3-2014q1/bin/../lib/gcc/arm-none-eabi/4.8.3/../../../../arm-none-eabi/lib/armv7-m\libc.a(lib_a-fclose.o)
                0x00088238                _fclose_r
 .text.fclose   0x000882b8       0x10 c:/users/ffala/appdata/local/arduino15/packages/arduino/tools/arm-none-eabi-gcc/4.8.3-2014q1/bin/../lib/gcc/arm-none-eabi/4.8.3/../../../../arm-none-eabi/lib/armv7-m\libc.a(lib_a-fclose.o)
                0x000882b8                fclose
 .text._fstat_r
                0x000882c8       0x28 c:/users/ffala/appdata/local/arduino15/packages/arduino/tools/arm-none-eabi-gcc/4.8.3-2014q1/bin/../lib/gcc/arm-none-eabi/4.8.3/../../../../arm-none-eabi/lib/armv7-m\libc.a(lib_a-fstatr.o)
                0x000882c8                _fstat_r
 .text._isatty_r
                0x000882f0       0x24 c:/users/ffala/appdata/local/arduino15/packages/arduino/tools/arm-none-eabi-gcc/4.8.3-2014q1/bin/../lib/gcc/arm-none-eabi/4.8.3/../../../../arm-none-eabi/lib/armv7-m\libc.a(lib_a-isattyr.o)
                0x000882f0                _isatty_r
 .text._lseek_r
                0x00088314       0x28 c:/users/ffala/appdata/local/arduino15/packages/arduino/tools/arm-none-eabi-gcc/4.8.3-2014q1/bin/../lib/gcc/arm-none-eabi/4.8.3/../../../../arm-none-eabi/lib/armv7-m\libc.a(lib_a-lseekr.o)
                0x00088314                _lseek_r
 .text._read_r  0x0008833c       0x28 c:/users/ffala/appdata/local/arduino15/packages/arduino/tools/arm-none-eabi-gcc/4.8.3-2014q1/bin/../lib/gcc/arm-none-eabi/4.8.3/../../../../arm-none-eabi/lib/armv7-m\libc.a(lib_a-readr.o)
                0x0008833c                _read_r
 .text          0x00088364       0x2c c:/users/ffala/appdata/local/arduino15/packages/arduino/tools/arm-none-eabi-gcc/4.8.3-2014q1/bin/../lib/gcc/arm-none-eabi/4.8.3/armv7-m\libgcc.a(_aeabi_uldivmod.o)
                0x00088364                __aeabi_uldivmod
 .text          0x00088390       0x60 c:/users/ffala/appdata/local/arduino15/packages/arduino/tools/arm-none-eabi-gcc/4.8.3-2014q1/bin/../lib/gcc/arm-none-eabi/4.8.3/armv7-m\libgcc.a(bpabi.o)
                0x00088390                __gnu_ldivmod_helper
                0x000883c0                __gnu_uldivmod_helper
 .text          0x000883f0        0x4 c:/users/ffala/appdata/local/arduino15/packages/arduino/tools/arm-none-eabi-gcc/4.8.3-2014q1/bin/../lib/gcc/arm-none-eabi/4.8.3/armv7-m\libgcc.a(_dvmd_tls.o)
                0x000883f0                __aeabi_idiv0
                0x000883f0                __aeabi_ldiv0
 .text          0x000883f4      0x2a0 c:/users/ffala/appdata/local/arduino15/packages/arduino/tools/arm-none-eabi-gcc/4.8.3-2014q1/bin/../lib/gcc/arm-none-eabi/4.8.3/armv7-m\libgcc.a(_divdi3.o)
                0x000883f4                __divdi3
 .text          0x00088694      0x290 c:/users/ffala/appdata/local/arduino15/packages/arduino/tools/arm-none-eabi-gcc/4.8.3-2014q1/bin/../lib/gcc/arm-none-eabi/4.8.3/armv7-m\libgcc.a(_udivdi3.o)
                0x00088694                __udivdi3
 *(.glue_7t)
 .glue_7t       0x00000000        0x0 linker stubs
 *(.glue_7)
 .glue_7        0x00000000        0x0 linker stubs
 *(.rodata .rodata* .gnu.linkonce.r.*)
 .rodata.str1.1
                0x00088924       0x20 Yoke.cpp.o
 *fill*         0x00088944        0x4 
 .rodata._ZTV17LiquidCrystal_I2C
                0x00088948       0x10 LiquidCrystal_I2C\LiquidCrystal_I2C.cpp.o
                0x00088948                vtable for LiquidCrystal_I2C
 .rodata        0x00088958       0x10 LiquidCrystal_I2C\LiquidCrystal_I2C.cpp.o
 .rodata._ZTV7TwoWire
                0x00088968       0x20 Wire\Wire.cpp.o
                0x00088968                vtable for TwoWire
 .rodata._ZTV11DynamicHID_
                0x00088988       0x18 Joystick\DynamicHID\DynamicHID.cpp.o
                0x00088988                vtable for DynamicHID_
 .rodata._ZL20_hidReportDescriptor
                0x000889a0       0x36 Mouse\Mouse.cpp.o
 *fill*         0x000889d6        0x2 
 .rodata._ZTV4HID_
                0x000889d8       0x18 HID\HID.cpp.o
                0x000889d8                vtable for HID_
 .rodata._ZTV9Keyboard_
                0x000889f0       0x10 Keyboard\Keyboard.cpp.o
                0x000889f0                vtable for Keyboard_
 .rodata._ZL20_hidReportDescriptor
                0x00088a00       0x2f Keyboard\Keyboard.cpp.o
 .rodata._asciimap
                0x00088a2f       0x80 Keyboard\Keyboard.cpp.o
                0x00088a2f                _asciimap
 *fill*         0x00088aaf        0x1 
 .rodata.g_APinDescription
                0x00088ab0      0xa2c C:\Users\ffala\AppData\Local\Temp\VMBCore\arduino16x\465cc76be5fbdacaf0a7d5897950b3d7\variant\variant.cpp.o
                0x00088ab0                g_APinDescription
 .rodata.__func__.7227
                0x000894dc        0xe C:\Users\ffala\AppData\Local\arduino15\packages\arduino\hardware\sam\1.6.12\variants\arduino_due_x/libsam_sam3x8e_gcc_rel.a(twi.o)
 .rodata.__func__.7157
                0x000894ea        0xd C:\Users\ffala\AppData\Local\arduino15\packages\arduino\hardware\sam\1.6.12\variants\arduino_due_x/libsam_sam3x8e_gcc_rel.a(twi.o)
 .rodata.__func__.7208
                0x000894f7        0xf C:\Users\ffala\AppData\Local\arduino15\packages\arduino\hardware\sam\1.6.12\variants\arduino_due_x/libsam_sam3x8e_gcc_rel.a(twi.o)
 .rodata.__func__.7176
                0x00089506        0xc C:\Users\ffala\AppData\Local\arduino15\packages\arduino\hardware\sam\1.6.12\variants\arduino_due_x/libsam_sam3x8e_gcc_rel.a(twi.o)
 .rodata.str1.1
                0x00089512       0xb4 C:\Users\ffala\AppData\Local\arduino15\packages\arduino\hardware\sam\1.6.12\variants\arduino_due_x/libsam_sam3x8e_gcc_rel.a(twi.o)
 .rodata.__func__.7184
                0x000895c6        0x9 C:\Users\ffala\AppData\Local\arduino15\packages\arduino\hardware\sam\1.6.12\variants\arduino_due_x/libsam_sam3x8e_gcc_rel.a(twi.o)
 .rodata.__func__.7231
                0x000895cf        0xe C:\Users\ffala\AppData\Local\arduino15\packages\arduino\hardware\sam\1.6.12\variants\arduino_due_x/libsam_sam3x8e_gcc_rel.a(twi.o)
 .rodata.__func__.7195
                0x000895dd        0xd C:\Users\ffala\AppData\Local\arduino15\packages\arduino\hardware\sam\1.6.12\variants\arduino_due_x/libsam_sam3x8e_gcc_rel.a(twi.o)
 .rodata.__func__.7222
                0x000895ea        0xd C:\Users\ffala\AppData\Local\arduino15\packages\arduino\hardware\sam\1.6.12\variants\arduino_due_x/libsam_sam3x8e_gcc_rel.a(twi.o)
 .rodata.__func__.7200
                0x000895f7        0xe C:\Users\ffala\AppData\Local\arduino15\packages\arduino\hardware\sam\1.6.12\variants\arduino_due_x/libsam_sam3x8e_gcc_rel.a(twi.o)
 .rodata.__func__.7151
                0x00089605       0x14 C:\Users\ffala\AppData\Local\arduino15\packages\arduino\hardware\sam\1.6.12\variants\arduino_due_x/libsam_sam3x8e_gcc_rel.a(twi.o)
 *fill*         0x00089619        0x3 
 .rodata        0x0008961c       0x40 C:\Users\ffala\AppData\Local\arduino15\packages\arduino\hardware\sam\1.6.12\variants\arduino_due_x/libsam_sam3x8e_gcc_rel.a(adc.o)
 *fill*         0x0008965c        0x4 
 .rodata._ZTV9UARTClass
                0x00089660       0x30 C:\Users\ffala\AppData\Local\Temp\VMBuilds\Yoke\arduino_due_x_hrv_yoke\Debug/core.a(UARTClass.cpp.o)
                0x00089660                vtable for UARTClass
 .rodata._ZTV10USARTClass
                0x00089690       0x30 C:\Users\ffala\AppData\Local\Temp\VMBuilds\Yoke\arduino_due_x_hrv_yoke\Debug/core.a(USARTClass.cpp.o)
                0x00089690                vtable for USARTClass
 .rodata.STRING_PRODUCT
                0x000896c0       0x13 C:\Users\ffala\AppData\Local\Temp\VMBuilds\Yoke\arduino_due_x_hrv_yoke\Debug/core.a(USBCore.cpp.o)
                0x000896c0                STRING_PRODUCT
 .rodata.USB_DeviceDescriptor
                0x000896d3       0x12 C:\Users\ffala\AppData\Local\Temp\VMBuilds\Yoke\arduino_due_x_hrv_yoke\Debug/core.a(USBCore.cpp.o)
                0x000896d3                USB_DeviceDescriptor
 *fill*         0x000896e5        0x1 
 .rodata.STRING_LANGUAGE
                0x000896e6        0x4 C:\Users\ffala\AppData\Local\Temp\VMBuilds\Yoke\arduino_due_x_hrv_yoke\Debug/core.a(USBCore.cpp.o)
                0x000896e6                STRING_LANGUAGE
 .rodata._ZL18test_packet_buffer
                0x000896ea       0x35 C:\Users\ffala\AppData\Local\Temp\VMBuilds\Yoke\arduino_due_x_hrv_yoke\Debug/core.a(USBCore.cpp.o)
 .rodata.STRING_MANUFACTURER
                0x0008971f       0x14 C:\Users\ffala\AppData\Local\Temp\VMBuilds\Yoke\arduino_due_x_hrv_yoke\Debug/core.a(USBCore.cpp.o)
                0x0008971f                STRING_MANUFACTURER
 .rodata.USB_DeviceDescriptorA
                0x00089733       0x12 C:\Users\ffala\AppData\Local\Temp\VMBuilds\Yoke\arduino_due_x_hrv_yoke\Debug/core.a(USBCore.cpp.o)
                0x00089733                USB_DeviceDescriptorA
 .rodata._ZL19USB_DeviceQualifier
                0x00089745        0x9 C:\Users\ffala\AppData\Local\Temp\VMBuilds\Yoke\arduino_due_x_hrv_yoke\Debug/core.a(USBCore.cpp.o)
 *fill*         0x0008974e        0x2 
 .rodata._ZTV7Serial_
                0x00089750       0x28 C:\Users\ffala\AppData\Local\Temp\VMBuilds\Yoke\arduino_due_x_hrv_yoke\Debug/core.a(CDC.cpp.o)
                0x00089750                vtable for Serial_
 .rodata._ZL18_cdcOtherInterface
                0x00089778       0x42 C:\Users\ffala\AppData\Local\Temp\VMBuilds\Yoke\arduino_due_x_hrv_yoke\Debug/core.a(CDC.cpp.o)
 .rodata._ZL13_cdcInterface
                0x000897ba       0x42 C:\Users\ffala\AppData\Local\Temp\VMBuilds\Yoke\arduino_due_x_hrv_yoke\Debug/core.a(CDC.cpp.o)
 .rodata.str1.4
                0x000897fc        0x4 c:/users/ffala/appdata/local/arduino15/packages/arduino/tools/arm-none-eabi-gcc/4.8.3-2014q1/bin/../lib/gcc/arm-none-eabi/4.8.3/../../../../arm-none-eabi/lib/armv7-m\libm.a(lib_a-w_pow.o)
 .rodata.dp_h   0x00089800       0x10 c:/users/ffala/appdata/local/arduino15/packages/arduino/tools/arm-none-eabi-gcc/4.8.3-2014q1/bin/../lib/gcc/arm-none-eabi/4.8.3/../../../../arm-none-eabi/lib/armv7-m\libm.a(lib_a-e_pow.o)
 .rodata.dp_l   0x00089810       0x10 c:/users/ffala/appdata/local/arduino15/packages/arduino/tools/arm-none-eabi-gcc/4.8.3-2014q1/bin/../lib/gcc/arm-none-eabi/4.8.3/../../../../arm-none-eabi/lib/armv7-m\libm.a(lib_a-e_pow.o)
 .rodata.bp     0x00089820       0x10 c:/users/ffala/appdata/local/arduino15/packages/arduino/tools/arm-none-eabi-gcc/4.8.3-2014q1/bin/../lib/gcc/arm-none-eabi/4.8.3/../../../../arm-none-eabi/lib/armv7-m\libm.a(lib_a-e_pow.o)
 .rodata.str1.4
                0x00000000        0x4 c:/users/ffala/appdata/local/arduino15/packages/arduino/tools/arm-none-eabi-gcc/4.8.3-2014q1/bin/../lib/gcc/arm-none-eabi/4.8.3/../../../../arm-none-eabi/lib/armv7-m\libm.a(lib_a-e_pow.o)
 .rodata.TWO52  0x00089830       0x10 c:/users/ffala/appdata/local/arduino15/packages/arduino/tools/arm-none-eabi-gcc/4.8.3-2014q1/bin/../lib/gcc/arm-none-eabi/4.8.3/../../../../arm-none-eabi/lib/armv7-m\libm.a(lib_a-s_rint.o)
 .rodata.str1.4
                0x00089840       0x3f c:/users/ffala/appdata/local/arduino15/packages/arduino/tools/arm-none-eabi-gcc/4.8.3-2014q1/bin/../lib/gcc/arm-none-eabi/4.8.3/../../../../arm-none-eabi/lib/armv7-m\libc.a(lib_a-assert.o)
                                 0x44 (size before relaxing)
 *fill*         0x0008987f        0x1 
 .rodata.str1.4
                0x00089880        0x2 c:/users/ffala/appdata/local/arduino15/packages/arduino/tools/arm-none-eabi-gcc/4.8.3-2014q1/bin/../lib/gcc/arm-none-eabi/4.8.3/../../../../arm-none-eabi/lib/armv7-m\libc.a(lib_a-impure.o)
                                  0x4 (size before relaxing)
 *fill*         0x00089882        0x2 
 .rodata._global_impure_ptr
                0x00089884        0x4 c:/users/ffala/appdata/local/arduino15/packages/arduino/tools/arm-none-eabi-gcc/4.8.3-2014q1/bin/../lib/gcc/arm-none-eabi/4.8.3/../../../../arm-none-eabi/lib/armv7-m\libc.a(lib_a-impure.o)
                0x00089884                _global_impure_ptr
 .rodata.blanks.6717
                0x00089888       0x10 c:/users/ffala/appdata/local/arduino15/packages/arduino/tools/arm-none-eabi-gcc/4.8.3-2014q1/bin/../lib/gcc/arm-none-eabi/4.8.3/../../../../arm-none-eabi/lib/armv7-m\libc.a(lib_a-vfiprintf.o)
 .rodata.str1.4
                0x00089898       0x30 c:/users/ffala/appdata/local/arduino15/packages/arduino/tools/arm-none-eabi-gcc/4.8.3-2014q1/bin/../lib/gcc/arm-none-eabi/4.8.3/../../../../arm-none-eabi/lib/armv7-m\libc.a(lib_a-vfiprintf.o)
 .rodata.zeroes.6718
                0x000898c8       0x10 c:/users/ffala/appdata/local/arduino15/packages/arduino/tools/arm-none-eabi-gcc/4.8.3-2014q1/bin/../lib/gcc/arm-none-eabi/4.8.3/../../../../arm-none-eabi/lib/armv7-m\libc.a(lib_a-vfiprintf.o)
 *(.ARM.extab* .gnu.linkonce.armextab.*)
                0x000898d8                . = ALIGN (0x4)
 *(.init)